#
# There is insufficient memory for the Java Runtime Environment to continue.
# Native memory allocation (malloc) failed to allocate 74736 bytes. Error detail: Chunk::new
# Possible reasons:
#   The system is out of physical RAM or swap space
#   This process is running with CompressedOops enabled, and the Java Heap may be blocking the growth of the native heap
# Possible solutions:
#   Reduce memory load on the system
#   Increase physical memory or swap space
#   Check if swap backing store is full
#   Decrease Java heap size (-Xmx/-Xms)
#   Decrease number of Java threads
#   Decrease Java thread stack sizes (-Xss)
#   Set larger code cache with -XX:ReservedCodeCacheSize=
#   JVM is running with Unscaled Compressed Oops mode in which the Java heap is
#     placed in the first 4GB address space. The Java Heap base address is the
#     maximum limit for the native heap growth. Please use -XX:HeapBaseMinAddress
#     to set the Java Heap base and to place the Java Heap above 4GB virtual address.
# This output file may be truncated or incomplete.
#
#  Out of Memory Error (arena.cpp:149), pid=24840, tid=21800
#
# JRE version: Java(TM) SE Runtime Environment (23.0+37) (build 23+37-2369)
# Java VM: Java HotSpot(TM) 64-Bit Server VM (23+37-2369, mixed mode, sharing, tiered, compressed oops, compressed class ptrs, g1 gc, windows-amd64)
# No core dump will be written. Minidumps are not enabled by default on client versions of Windows
#

---------------  S U M M A R Y ------------

Command Line: -Dfile.encoding=UTF-8 -Ddb2.jcc.charsetDecoderEncoder=3 com.ibm.db2.server.DssLauncher 3000 off c:\Users\LENOVO\AppData\Roaming\Code\logs\20260529T101927\window1\exthost\IBM.db2forzosdeveloperextension -Xmx256M

Host: AMD Ryzen 3 5300U with Radeon Graphics         , 8 cores, 3G,  Windows 11 , 64 bit Build 22621 (10.0.22621.5415)
Time: Fri May 29 10:20:05 2026 Afr. centrale Ouest elapsed time: 0.780991 seconds (0d 0h 0m 0s)

---------------  T H R E A D  ---------------

Current thread (0x00000275521448a0):  JavaThread "C2 CompilerThread0" daemon [_thread_in_native, id=21800, stack(0x0000008aeb400000,0x0000008aeb500000) (1024K)]


Current CompileTask:
C2:781  711       4       java.io.DataInputStream::readUTF (497 bytes)

Stack: [0x0000008aeb400000,0x0000008aeb500000]
Native frames: (J=compiled Java code, j=interpreted, Vv=VM code, C=native code)
V  [jvm.dll+0x6e08a9]  (no source info available)
V  [jvm.dll+0x87da63]  (no source info available)
V  [jvm.dll+0x87feee]  (no source info available)
V  [jvm.dll+0x8805c3]  (no source info available)
V  [jvm.dll+0x27aee6]  (no source info available)
V  [jvm.dll+0xbc06f]  (no source info available)
V  [jvm.dll+0xbc2cb]  (no source info available)
V  [jvm.dll+0x5e7997]  (no source info available)
V  [jvm.dll+0x1dc3b4]  (no source info available)
V  [jvm.dll+0x244be5]  (no source info available)
V  [jvm.dll+0x243dff]  (no source info available)
V  [jvm.dll+0x1c33a0]  (no source info available)
V  [jvm.dll+0x253cf1]  (no source info available)
V  [jvm.dll+0x251faa]  (no source info available)
V  [jvm.dll+0x3ee036]  (no source info available)
V  [jvm.dll+0x824f1b]  (no source info available)
V  [jvm.dll+0x6df055]  (no source info available)
C  [ucrtbase.dll+0x29333]  (no source info available)
C  [KERNEL32.DLL+0x1259d]  (no source info available)
C  [ntdll.dll+0x5af78]  (no source info available)

Lock stack of current Java thread (top to bottom):


---------------  P R O C E S S  ---------------

Threads class SMR info:
_java_thread_list=0x00000275522a3c20, length=11, elements={
0x0000027572ff19d0, 0x0000027552137e10, 0x0000027552138dd0, 0x000002755213bbb0,
0x000002755213e620, 0x0000027552141090, 0x0000027552142b00, 0x00000275521448a0,
0x0000027552147e90, 0x00000275522a6a40, 0x00000275522b08f0
}

Java Threads: ( => current thread )
  0x0000027572ff19d0 JavaThread "main"                              [_thread_in_Java, id=21636, stack(0x0000008aea600000,0x0000008aea700000) (1024K)]
  0x0000027552137e10 JavaThread "Reference Handler"          daemon [_thread_blocked, id=23084, stack(0x0000008aeae00000,0x0000008aeaf00000) (1024K)]
  0x0000027552138dd0 JavaThread "Finalizer"                  daemon [_thread_blocked, id=24652, stack(0x0000008aeaf00000,0x0000008aeb000000) (1024K)]
  0x000002755213bbb0 JavaThread "Signal Dispatcher"          daemon [_thread_blocked, id=21744, stack(0x0000008aeb000000,0x0000008aeb100000) (1024K)]
  0x000002755213e620 JavaThread "Attach Listener"            daemon [_thread_blocked, id=3508, stack(0x0000008aeb100000,0x0000008aeb200000) (1024K)]
  0x0000027552141090 JavaThread "Service Thread"             daemon [_thread_blocked, id=15188, stack(0x0000008aeb200000,0x0000008aeb300000) (1024K)]
  0x0000027552142b00 JavaThread "Monitor Deflation Thread"   daemon [_thread_blocked, id=15904, stack(0x0000008aeb300000,0x0000008aeb400000) (1024K)]
=>0x00000275521448a0 JavaThread "C2 CompilerThread0"         daemon [_thread_in_native, id=21800, stack(0x0000008aeb400000,0x0000008aeb500000) (1024K)]
  0x0000027552147e90 JavaThread "C1 CompilerThread0"         daemon [_thread_blocked, id=10216, stack(0x0000008aeb500000,0x0000008aeb600000) (1024K)]
  0x00000275522a6a40 JavaThread "Notification Thread"        daemon [_thread_blocked, id=20884, stack(0x0000008aeb600000,0x0000008aeb700000) (1024K)]
  0x00000275522b08f0 JavaThread "Common-Cleaner"             daemon [_thread_blocked, id=23456, stack(0x0000008aeb700000,0x0000008aeb800000) (1024K)]
Total: 11

Other Threads:
  0x0000027552121c00 VMThread "VM Thread"                           [id=1920, stack(0x0000008aead00000,0x0000008aeae00000) (1024K)]
  0x000002755211bef0 WatcherThread "VM Periodic Task Thread"        [id=24704, stack(0x0000008aeac00000,0x0000008aead00000) (1024K)]
  0x000002757521f470 WorkerThread "GC Thread#0"                     [id=22360, stack(0x0000008aea700000,0x0000008aea800000) (1024K)]
  0x0000027575229c90 ConcurrentGCThread "G1 Main Marker"            [id=4472, stack(0x0000008aea800000,0x0000008aea900000) (1024K)]
  0x000002757522a7a0 WorkerThread "G1 Conc#0"                       [id=20264, stack(0x0000008aea900000,0x0000008aeaa00000) (1024K)]
  0x0000027575290a80 ConcurrentGCThread "G1 Refine#0"               [id=23916, stack(0x0000008aeaa00000,0x0000008aeab00000) (1024K)]
  0x0000027575291da0 ConcurrentGCThread "G1 Service"                [id=26436, stack(0x0000008aeab00000,0x0000008aeac00000) (1024K)]
Total: 7

Threads with active compile tasks:
C2 CompilerThread0  869  711       4       java.io.DataInputStream::readUTF (497 bytes)
Total: 1

VM state: not at safepoint (normal execution)

VM Mutex/Monitor currently owned by a thread: None

Heap address: 0x00000000ca600000, size: 858 MB, Compressed Oops mode: 32-bit

CDS archive(s) mapped at: [0x0000027511000000-0x0000027511d70000-0x0000027511d70000), size 14090240, SharedBaseAddress: 0x0000027511000000, ArchiveRelocationMode: 1.
Compressed class space mapped at: 0x0000027512000000-0x0000027552000000, reserved size: 1073741824
Narrow klass base: 0x0000027511000000, Narrow klass shift: 0, Narrow klass range: 0x41000000

GC Precious Log:
 CardTable entry size: 512
 Card Set container configuration: InlinePtr #cards 5 size 8 Array Of Cards #cards 10 size 36 Howl #buckets 4 coarsen threshold 1843 Howl Bitmap #cards 512 size 80 coarsen threshold 460 Card regions per heap region 1 cards per card region 2048
 CPUs: 8 total, 8 available
 Memory: 3429M
 Large Page Support: Disabled
 NUMA Support: Disabled
 Compressed Oops: Enabled (32-bit)
 Heap Region Size: 1M
 Heap Min Capacity: 8M
 Heap Initial Capacity: 54M
 Heap Max Capacity: 858M
 Pre-touch: Disabled
 Parallel Workers: 8
 Concurrent Workers: 2
 Concurrent Refinement Workers: 8
 Periodic GC: Disabled

Heap:
 garbage-first heap   total reserved 878592K, committed 55296K, used 10240K [0x00000000ca600000, 0x0000000100000000)
  region size 1024K, 10 young (10240K), 0 survivors (0K)
 Metaspace       used 2965K, committed 3072K, reserved 1114112K
  class space    used 322K, committed 384K, reserved 1048576K

Heap Regions: E=young(eden), S=young(survivor), O=old, HS=humongous(starts), HC=humongous(continues), CS=collection set, F=free, TAMS=top-at-mark-start, PB=parsable bottom
|   0|0x00000000ca600000, 0x00000000ca700000, 0x00000000ca700000|100%|HS|  |TAMS 0x00000000ca600000| PB 0x00000000ca600000| Complete |  0
|   1|0x00000000ca700000, 0x00000000ca700000, 0x00000000ca800000|  0%| F|  |TAMS 0x00000000ca700000| PB 0x00000000ca700000| Untracked |  0
|   2|0x00000000ca800000, 0x00000000ca800000, 0x00000000ca900000|  0%| F|  |TAMS 0x00000000ca800000| PB 0x00000000ca800000| Untracked |  0
|   3|0x00000000ca900000, 0x00000000ca900000, 0x00000000caa00000|  0%| F|  |TAMS 0x00000000ca900000| PB 0x00000000ca900000| Untracked |  0
|   4|0x00000000caa00000, 0x00000000caa00000, 0x00000000cab00000|  0%| F|  |TAMS 0x00000000caa00000| PB 0x00000000caa00000| Untracked |  0
|   5|0x00000000cab00000, 0x00000000cab00000, 0x00000000cac00000|  0%| F|  |TAMS 0x00000000cab00000| PB 0x00000000cab00000| Untracked |  0
|   6|0x00000000cac00000, 0x00000000cac00000, 0x00000000cad00000|  0%| F|  |TAMS 0x00000000cac00000| PB 0x00000000cac00000| Untracked |  0
|   7|0x00000000cad00000, 0x00000000cad00000, 0x00000000cae00000|  0%| F|  |TAMS 0x00000000cad00000| PB 0x00000000cad00000| Untracked |  0
|   8|0x00000000cae00000, 0x00000000cae00000, 0x00000000caf00000|  0%| F|  |TAMS 0x00000000cae00000| PB 0x00000000cae00000| Untracked |  0
|   9|0x00000000caf00000, 0x00000000caf00000, 0x00000000cb000000|  0%| F|  |TAMS 0x00000000caf00000| PB 0x00000000caf00000| Untracked |  0
|  10|0x00000000cb000000, 0x00000000cb000000, 0x00000000cb100000|  0%| F|  |TAMS 0x00000000cb000000| PB 0x00000000cb000000| Untracked |  0
|  11|0x00000000cb100000, 0x00000000cb100000, 0x00000000cb200000|  0%| F|  |TAMS 0x00000000cb100000| PB 0x00000000cb100000| Untracked |  0
|  12|0x00000000cb200000, 0x00000000cb200000, 0x00000000cb300000|  0%| F|  |TAMS 0x00000000cb200000| PB 0x00000000cb200000| Untracked |  0
|  13|0x00000000cb300000, 0x00000000cb300000, 0x00000000cb400000|  0%| F|  |TAMS 0x00000000cb300000| PB 0x00000000cb300000| Untracked |  0
|  14|0x00000000cb400000, 0x00000000cb400000, 0x00000000cb500000|  0%| F|  |TAMS 0x00000000cb400000| PB 0x00000000cb400000| Untracked |  0
|  15|0x00000000cb500000, 0x00000000cb500000, 0x00000000cb600000|  0%| F|  |TAMS 0x00000000cb500000| PB 0x00000000cb500000| Untracked |  0
|  16|0x00000000cb600000, 0x00000000cb600000, 0x00000000cb700000|  0%| F|  |TAMS 0x00000000cb600000| PB 0x00000000cb600000| Untracked |  0
|  17|0x00000000cb700000, 0x00000000cb700000, 0x00000000cb800000|  0%| F|  |TAMS 0x00000000cb700000| PB 0x00000000cb700000| Untracked |  0
|  18|0x00000000cb800000, 0x00000000cb800000, 0x00000000cb900000|  0%| F|  |TAMS 0x00000000cb800000| PB 0x00000000cb800000| Untracked |  0
|  19|0x00000000cb900000, 0x00000000cb900000, 0x00000000cba00000|  0%| F|  |TAMS 0x00000000cb900000| PB 0x00000000cb900000| Untracked |  0
|  20|0x00000000cba00000, 0x00000000cba00000, 0x00000000cbb00000|  0%| F|  |TAMS 0x00000000cba00000| PB 0x00000000cba00000| Untracked |  0
|  21|0x00000000cbb00000, 0x00000000cbb00000, 0x00000000cbc00000|  0%| F|  |TAMS 0x00000000cbb00000| PB 0x00000000cbb00000| Untracked |  0
|  22|0x00000000cbc00000, 0x00000000cbc00000, 0x00000000cbd00000|  0%| F|  |TAMS 0x00000000cbc00000| PB 0x00000000cbc00000| Untracked |  0
|  23|0x00000000cbd00000, 0x00000000cbd00000, 0x00000000cbe00000|  0%| F|  |TAMS 0x00000000cbd00000| PB 0x00000000cbd00000| Untracked |  0
|  24|0x00000000cbe00000, 0x00000000cbe00000, 0x00000000cbf00000|  0%| F|  |TAMS 0x00000000cbe00000| PB 0x00000000cbe00000| Untracked |  0
|  25|0x00000000cbf00000, 0x00000000cbf00000, 0x00000000cc000000|  0%| F|  |TAMS 0x00000000cbf00000| PB 0x00000000cbf00000| Untracked |  0
|  26|0x00000000cc000000, 0x00000000cc000000, 0x00000000cc100000|  0%| F|  |TAMS 0x00000000cc000000| PB 0x00000000cc000000| Untracked |  0
|  27|0x00000000cc100000, 0x00000000cc100000, 0x00000000cc200000|  0%| F|  |TAMS 0x00000000cc100000| PB 0x00000000cc100000| Untracked |  0
|  28|0x00000000cc200000, 0x00000000cc200000, 0x00000000cc300000|  0%| F|  |TAMS 0x00000000cc200000| PB 0x00000000cc200000| Untracked |  0
|  29|0x00000000cc300000, 0x00000000cc300000, 0x00000000cc400000|  0%| F|  |TAMS 0x00000000cc300000| PB 0x00000000cc300000| Untracked |  0
|  30|0x00000000cc400000, 0x00000000cc400000, 0x00000000cc500000|  0%| F|  |TAMS 0x00000000cc400000| PB 0x00000000cc400000| Untracked |  0
|  31|0x00000000cc500000, 0x00000000cc500000, 0x00000000cc600000|  0%| F|  |TAMS 0x00000000cc500000| PB 0x00000000cc500000| Untracked |  0
|  32|0x00000000cc600000, 0x00000000cc600000, 0x00000000cc700000|  0%| F|  |TAMS 0x00000000cc600000| PB 0x00000000cc600000| Untracked |  0
|  33|0x00000000cc700000, 0x00000000cc700000, 0x00000000cc800000|  0%| F|  |TAMS 0x00000000cc700000| PB 0x00000000cc700000| Untracked |  0
|  34|0x00000000cc800000, 0x00000000cc800000, 0x00000000cc900000|  0%| F|  |TAMS 0x00000000cc800000| PB 0x00000000cc800000| Untracked |  0
|  35|0x00000000cc900000, 0x00000000cc900000, 0x00000000cca00000|  0%| F|  |TAMS 0x00000000cc900000| PB 0x00000000cc900000| Untracked |  0
|  36|0x00000000cca00000, 0x00000000cca00000, 0x00000000ccb00000|  0%| F|  |TAMS 0x00000000cca00000| PB 0x00000000cca00000| Untracked |  0
|  37|0x00000000ccb00000, 0x00000000ccb00000, 0x00000000ccc00000|  0%| F|  |TAMS 0x00000000ccb00000| PB 0x00000000ccb00000| Untracked |  0
|  38|0x00000000ccc00000, 0x00000000ccc00000, 0x00000000ccd00000|  0%| F|  |TAMS 0x00000000ccc00000| PB 0x00000000ccc00000| Untracked |  0
|  39|0x00000000ccd00000, 0x00000000ccd00000, 0x00000000cce00000|  0%| F|  |TAMS 0x00000000ccd00000| PB 0x00000000ccd00000| Untracked |  0
|  40|0x00000000cce00000, 0x00000000cce00000, 0x00000000ccf00000|  0%| F|  |TAMS 0x00000000cce00000| PB 0x00000000cce00000| Untracked |  0
|  41|0x00000000ccf00000, 0x00000000ccf00000, 0x00000000cd000000|  0%| F|  |TAMS 0x00000000ccf00000| PB 0x00000000ccf00000| Untracked |  0
|  42|0x00000000cd000000, 0x00000000cd000000, 0x00000000cd100000|  0%| F|  |TAMS 0x00000000cd000000| PB 0x00000000cd000000| Untracked |  0
|  43|0x00000000cd100000, 0x00000000cd100000, 0x00000000cd200000|  0%| F|  |TAMS 0x00000000cd100000| PB 0x00000000cd100000| Untracked |  0
|  44|0x00000000cd200000, 0x00000000cd2f6640, 0x00000000cd300000| 96%| E|  |TAMS 0x00000000cd200000| PB 0x00000000cd200000| Complete |  0
|  45|0x00000000cd300000, 0x00000000cd400000, 0x00000000cd400000|100%| E|CS|TAMS 0x00000000cd300000| PB 0x00000000cd300000| Complete |  0
|  46|0x00000000cd400000, 0x00000000cd500000, 0x00000000cd500000|100%| E|CS|TAMS 0x00000000cd400000| PB 0x00000000cd400000| Complete |  0
|  47|0x00000000cd500000, 0x00000000cd600000, 0x00000000cd600000|100%| E|CS|TAMS 0x00000000cd500000| PB 0x00000000cd500000| Complete |  0
|  48|0x00000000cd600000, 0x00000000cd700000, 0x00000000cd700000|100%| E|CS|TAMS 0x00000000cd600000| PB 0x00000000cd600000| Complete |  0
|  49|0x00000000cd700000, 0x00000000cd800000, 0x00000000cd800000|100%| E|CS|TAMS 0x00000000cd700000| PB 0x00000000cd700000| Complete |  0
|  50|0x00000000cd800000, 0x00000000cd900000, 0x00000000cd900000|100%| E|CS|TAMS 0x00000000cd800000| PB 0x00000000cd800000| Complete |  0
|  51|0x00000000cd900000, 0x00000000cda00000, 0x00000000cda00000|100%| E|CS|TAMS 0x00000000cd900000| PB 0x00000000cd900000| Complete |  0
|  52|0x00000000cda00000, 0x00000000cdb00000, 0x00000000cdb00000|100%| E|CS|TAMS 0x00000000cda00000| PB 0x00000000cda00000| Complete |  0
|  53|0x00000000cdb00000, 0x00000000cdc00000, 0x00000000cdc00000|100%| E|CS|TAMS 0x00000000cdb00000| PB 0x00000000cdb00000| Complete |  0

Card table byte_map: [0x000002757de00000,0x000002757dfb0000] _byte_map_base: 0x000002757d7ad000

Marking Bits: (CMBitMap*) 0x000002757521fb80
 Bits: [0x000002757dfb0000, 0x000002757ed18000)

Polling page: 0x00000275749b0000

Metaspace:

Usage:
  Non-class:      2.59 MB used.
      Class:    324.62 KB used.
       Both:      2.91 MB used.

Virtual space:
  Non-class space:       64.00 MB reserved,       2.69 MB (  4%) committed,  1 nodes.
      Class space:        1.00 GB reserved,     384.00 KB ( <1%) committed,  1 nodes.
             Both:        1.06 GB reserved,       3.06 MB ( <1%) committed. 

Chunk freelists:
   Non-Class:  10.48 MB
       Class:  15.50 MB
        Both:  25.98 MB

MaxMetaspaceSize: unlimited
CompressedClassSpaceSize: 1.00 GB
Initial GC threshold: 21.00 MB
Current GC threshold: 21.00 MB
CDS: on
 - commit_granule_bytes: 65536.
 - commit_granule_words: 8192.
 - virtual_space_node_default_size: 8388608.
 - enlarge_chunks_in_place: 1.
 - use_allocation_guard: 0.


Internal statistics:

num_allocs_failed_limit: 0.
num_arena_births: 56.
num_arena_deaths: 0.
num_vsnodes_births: 2.
num_vsnodes_deaths: 0.
num_space_committed: 49.
num_space_uncommitted: 0.
num_chunks_returned_to_freelist: 0.
num_chunks_taken_from_freelist: 134.
num_chunk_merges: 0.
num_chunk_splits: 97.
num_chunks_enlarged: 72.
num_inconsistent_stats: 0.

CodeHeap 'non-profiled nmethods': size=120064Kb used=201Kb max_used=201Kb free=119862Kb
 bounds [0x0000027507ac0000, 0x0000027507d30000, 0x000002750f000000]
CodeHeap 'profiled nmethods': size=120000Kb used=901Kb max_used=901Kb free=119098Kb
 bounds [0x0000027500000000, 0x0000027500270000, 0x0000027507530000]
CodeHeap 'non-nmethods': size=5696Kb used=1328Kb max_used=1342Kb free=4367Kb
 bounds [0x0000027507530000, 0x00000275077a0000, 0x0000027507ac0000]
CodeCache: size=245760Kb, used=2430Kb, max_used=2444Kb, free=243327Kb
 total_blobs=1220, nmethods=776, adapters=350, full_count=0
Compilation: enabled, stopped_count=0, restarted_count=0

Compilation events (20 events):
Event: 0.752 Thread 0x0000027552147e90  720       3       java.util.WeakHashMap::remove (131 bytes)
Event: 0.753 Thread 0x0000027552147e90 nmethod 720 0x00000275000c6008 code [0x00000275000c61e0, 0x00000275000c6cc0]
Event: 0.754 Thread 0x0000027552147e90  721       3       java.lang.ref.PhantomReference::<init> (7 bytes)
Event: 0.755 Thread 0x0000027552147e90 nmethod 721 0x00000275000c6d88 code [0x00000275000c6ec0, 0x00000275000c7188]
Event: 0.756 Thread 0x0000027552147e90  722       3       jdk.internal.ref.PhantomCleanable::<init> (49 bytes)
Event: 0.757 Thread 0x0000027552147e90 nmethod 722 0x00000275000c7208 code [0x00000275000c73e0, 0x00000275000c7eb0]
Event: 0.757 Thread 0x0000027552147e90  723   !   3       jdk.internal.ref.PhantomCleanable::insert (53 bytes)
Event: 0.757 Thread 0x0000027552147e90 nmethod 723 0x00000275000c7f08 code [0x00000275000c8040, 0x00000275000c8468]
Event: 0.758 Thread 0x0000027552147e90  724       3       jdk.internal.ref.CleanerFactory::cleaner (4 bytes)
Event: 0.758 Thread 0x0000027552147e90 nmethod 724 0x00000275000c8488 code [0x00000275000c85a0, 0x00000275000c8698]
Event: 0.760 Thread 0x0000027552147e90  725       3       java.lang.ref.Cleaner::register (25 bytes)
Event: 0.761 Thread 0x0000027552147e90 nmethod 725 0x00000275000c8788 code [0x00000275000c8900, 0x00000275000c8e38]
Event: 0.761 Thread 0x0000027552147e90  727       3       java.lang.ref.SoftReference::get (29 bytes)
Event: 0.761 Thread 0x0000027552147e90 nmethod 727 0x00000275000c8e88 code [0x00000275000c8fa0, 0x00000275000c9158]
Event: 0.761 Thread 0x0000027552147e90  726       3       jdk.internal.ref.CleanerImpl$PhantomCleanableRef::<init> (12 bytes)
Event: 0.761 Thread 0x0000027552147e90 nmethod 726 0x00000275000c9188 code [0x00000275000c92a0, 0x00000275000c9440]
Event: 0.772 Thread 0x0000027552147e90  729  s!   3       jdk.internal.loader.URLClassPath::getLoader (194 bytes)
Event: 0.773 Thread 0x0000027552147e90 nmethod 729 0x00000275000c9488 code [0x00000275000c9700, 0x00000275000caaf0]
Event: 0.774 Thread 0x0000027552147e90  730       3       java.lang.Module::isNamed (13 bytes)
Event: 0.774 Thread 0x0000027552147e90 nmethod 730 0x00000275000cab88 code [0x00000275000caca0, 0x00000275000cae00]

GC Heap History (0 events):
No events

Dll operation events (6 events):
Event: 0.016 Loaded shared library C:\Program Files\Java\jdk-23\bin\java.dll
Event: 0.079 Loaded shared library C:\Program Files\Java\jdk-23\bin\jsvml.dll
Event: 0.128 Loaded shared library C:\Program Files\Java\jdk-23\bin\net.dll
Event: 0.132 Loaded shared library C:\Program Files\Java\jdk-23\bin\nio.dll
Event: 0.168 Loaded shared library C:\Program Files\Java\jdk-23\bin\zip.dll
Event: 0.298 Loaded shared library C:\Program Files\Java\jdk-23\bin\jimage.dll

Deoptimization events (20 events):
Event: 0.353 Thread 0x0000027572ff19d0 Uncommon trap: trap_request=0xffffff45 fr.pc=0x0000027507ad67dc relative=0x000000000000035c
Event: 0.353 Thread 0x0000027572ff19d0 Uncommon trap: reason=unstable_if action=reinterpret pc=0x0000027507ad67dc method=sun.util.locale.BaseLocale.hashCode()I @ 159 c2
Event: 0.353 Thread 0x0000027572ff19d0 DEOPT PACKING pc=0x0000027507ad67dc sp=0x0000008aea6fecd0
Event: 0.353 Thread 0x0000027572ff19d0 DEOPT UNPACKING pc=0x0000027507584402 sp=0x0000008aea6fec60 mode 2
Event: 0.631 Thread 0x0000027572ff19d0 Uncommon trap: trap_request=0xffffffde fr.pc=0x0000027507ad21d4 relative=0x00000000000002f4
Event: 0.631 Thread 0x0000027572ff19d0 Uncommon trap: reason=class_check action=maybe_recompile pc=0x0000027507ad21d4 method=java.util.regex.Pattern$BmpCharPropertyGreedy.match(Ljava/util/regex/Matcher;ILjava/lang/CharSequence;)Z @ 26 c2
Event: 0.631 Thread 0x0000027572ff19d0 DEOPT PACKING pc=0x0000027507ad21d4 sp=0x0000008aea6fd910
Event: 0.631 Thread 0x0000027572ff19d0 DEOPT UNPACKING pc=0x0000027507584402 sp=0x0000008aea6fd8c8 mode 2
Event: 0.631 Thread 0x0000027572ff19d0 Uncommon trap: trap_request=0xffffffde fr.pc=0x0000027507ad21d4 relative=0x00000000000002f4
Event: 0.631 Thread 0x0000027572ff19d0 Uncommon trap: reason=class_check action=maybe_recompile pc=0x0000027507ad21d4 method=java.util.regex.Pattern$BmpCharPropertyGreedy.match(Ljava/util/regex/Matcher;ILjava/lang/CharSequence;)Z @ 26 c2
Event: 0.631 Thread 0x0000027572ff19d0 DEOPT PACKING pc=0x0000027507ad21d4 sp=0x0000008aea6fd880
Event: 0.631 Thread 0x0000027572ff19d0 DEOPT UNPACKING pc=0x0000027507584402 sp=0x0000008aea6fd838 mode 2
Event: 0.631 Thread 0x0000027572ff19d0 Uncommon trap: trap_request=0xffffffde fr.pc=0x0000027507ad21d4 relative=0x00000000000002f4
Event: 0.631 Thread 0x0000027572ff19d0 Uncommon trap: reason=class_check action=maybe_recompile pc=0x0000027507ad21d4 method=java.util.regex.Pattern$BmpCharPropertyGreedy.match(Ljava/util/regex/Matcher;ILjava/lang/CharSequence;)Z @ 26 c2
Event: 0.631 Thread 0x0000027572ff19d0 DEOPT PACKING pc=0x0000027507ad21d4 sp=0x0000008aea6fd910
Event: 0.631 Thread 0x0000027572ff19d0 DEOPT UNPACKING pc=0x0000027507584402 sp=0x0000008aea6fd8c8 mode 2
Event: 0.631 Thread 0x0000027572ff19d0 Uncommon trap: trap_request=0xffffff45 fr.pc=0x0000027507ad2224 relative=0x0000000000000344
Event: 0.631 Thread 0x0000027572ff19d0 Uncommon trap: reason=unstable_if action=reinterpret pc=0x0000027507ad2224 method=java.util.regex.Pattern$BmpCharPropertyGreedy.match(Ljava/util/regex/Matcher;ILjava/lang/CharSequence;)Z @ 12 c2
Event: 0.631 Thread 0x0000027572ff19d0 DEOPT PACKING pc=0x0000027507ad2224 sp=0x0000008aea6fd880
Event: 0.631 Thread 0x0000027572ff19d0 DEOPT UNPACKING pc=0x0000027507584402 sp=0x0000008aea6fd838 mode 2

Classes loaded (20 events):
Event: 0.616 Loading class sun/nio/cs/StreamDecoder
Event: 0.616 Loading class sun/nio/cs/StreamDecoder done
Event: 0.617 Loading class sun/nio/cs/UTF_8$Decoder
Event: 0.617 Loading class sun/nio/cs/UTF_8$Decoder done
Event: 0.626 Loading class java/util/regex/Pattern$Pos
Event: 0.626 Loading class java/util/regex/Pattern$Pos done
Event: 0.631 Loading class java/util/concurrent/ConcurrentHashMap$KeySpliterator
Event: 0.632 Loading class java/util/concurrent/ConcurrentHashMap$KeySpliterator done
Event: 0.633 Loading class java/util/stream/SortedOps
Event: 0.633 Loading class java/util/stream/SortedOps done
Event: 0.634 Loading class java/util/stream/SortedOps$OfRef
Event: 0.634 Loading class java/util/stream/SortedOps$OfRef done
Event: 0.635 Loading class java/lang/invoke/DirectMethodHandle$Special
Event: 0.635 Loading class java/lang/invoke/DirectMethodHandle$Special done
Event: 0.638 Loading class java/util/stream/SortedOps$RefSortingSink
Event: 0.638 Loading class java/util/stream/SortedOps$AbstractRefSortingSink
Event: 0.638 Loading class java/util/stream/SortedOps$AbstractRefSortingSink done
Event: 0.638 Loading class java/util/stream/SortedOps$RefSortingSink done
Event: 0.684 Loading class java/util/concurrent/atomic/AtomicReference
Event: 0.684 Loading class java/util/concurrent/atomic/AtomicReference done

Classes unloaded (0 events):
No events

Classes redefined (0 events):
No events

Internal exceptions (6 events):
Event: 0.478 Thread 0x0000027572ff19d0 Exception <a 'java/lang/NoSuchMethodError'{0x00000000cd6712c0}: 'void java.lang.invoke.DirectMethodHandle$Holder.invokeStatic(java.lang.Object, java.lang.Object, java.lang.Object, java.lang.Object)'> (0x00000000cd6712c0) 
thrown [s\open\src\hotspot\share\interpreter\linkResolver.cpp, line 796]
Event: 0.534 Thread 0x0000027572ff19d0 Exception <a 'java/lang/NoSuchMethodError'{0x00000000cd500740}: 'int java.lang.invoke.DirectMethodHandle$Holder.invokeStatic(java.lang.Object)'> (0x00000000cd500740) 
thrown [s\open\src\hotspot\share\interpreter\linkResolver.cpp, line 796]
Event: 0.551 Thread 0x0000027572ff19d0 Exception <a 'java/lang/NoSuchMethodError'{0x00000000cd503990}: 'int java.lang.invoke.DirectMethodHandle$Holder.invokeStaticInit(java.lang.Object)'> (0x00000000cd503990) 
thrown [s\open\src\hotspot\share\interpreter\linkResolver.cpp, line 796]
Event: 0.576 Thread 0x0000027572ff19d0 Exception <a 'java/lang/NoSuchMethodError'{0x00000000cd532db8}: 'java.lang.Object java.lang.invoke.DirectMethodHandle$Holder.invokeStatic(java.lang.Object, int, java.lang.Object)'> (0x00000000cd532db8) 
thrown [s\open\src\hotspot\share\interpreter\linkResolver.cpp, line 796]
Event: 0.591 Thread 0x0000027572ff19d0 Exception <a 'java/lang/NoSuchMethodError'{0x00000000cd5460b0}: 'java.lang.Object java.lang.invoke.DirectMethodHandle$Holder.invokeInterface(java.lang.Object, java.lang.Object)'> (0x00000000cd5460b0) 
thrown [s\open\src\hotspot\share\interpreter\linkResolver.cpp, line 796]
Event: 0.667 Thread 0x0000027572ff19d0 Exception <a 'java/lang/NoSuchMethodError'{0x00000000cd5d9b10}: 'java.lang.Object java.lang.invoke.Invokers$Holder.invokeExact_MT(java.lang.Object, java.lang.Object, java.lang.Object, java.lang.Object, java.lang.Object)'> (0x00000000cd5d9b10) 
thrown [s\open\src\hotspot\share\interpreter\linkResolver.cpp, line 796]

VM Operations (12 events):
Event: 0.170 Executing VM operation: HandshakeAllThreads (Deoptimize)
Event: 0.171 Executing VM operation: HandshakeAllThreads (Deoptimize) done
Event: 0.345 Executing VM operation: HandshakeAllThreads (Deoptimize)
Event: 0.345 Executing VM operation: HandshakeAllThreads (Deoptimize) done
Event: 0.363 Executing VM operation: HandshakeAllThreads (Deoptimize)
Event: 0.363 Executing VM operation: HandshakeAllThreads (Deoptimize) done
Event: 0.437 Executing VM operation: HandshakeAllThreads (Deoptimize)
Event: 0.437 Executing VM operation: HandshakeAllThreads (Deoptimize) done
Event: 0.507 Executing VM operation: HandshakeAllThreads (Deoptimize)
Event: 0.508 Executing VM operation: HandshakeAllThreads (Deoptimize) done
Event: 0.612 Executing VM operation: HandshakeAllThreads (Deoptimize)
Event: 0.612 Executing VM operation: HandshakeAllThreads (Deoptimize) done

Memory protections (0 events):
No events

Nmethod flushes (0 events):
No events

Events (11 events):
Event: 0.050 Thread 0x0000027572ff19d0 Thread added: 0x0000027572ff19d0
Event: 0.075 Thread 0x0000027572ff19d0 Thread added: 0x0000027552137e10
Event: 0.075 Thread 0x0000027572ff19d0 Thread added: 0x0000027552138dd0
Event: 0.075 Thread 0x0000027572ff19d0 Thread added: 0x000002755213bbb0
Event: 0.075 Thread 0x0000027572ff19d0 Thread added: 0x000002755213e620
Event: 0.076 Thread 0x0000027572ff19d0 Thread added: 0x0000027552141090
Event: 0.076 Thread 0x0000027572ff19d0 Thread added: 0x0000027552142b00
Event: 0.076 Thread 0x0000027572ff19d0 Thread added: 0x00000275521448a0
Event: 0.077 Thread 0x0000027572ff19d0 Thread added: 0x0000027552147e90
Event: 0.118 Thread 0x0000027572ff19d0 Thread added: 0x00000275522a6a40
Event: 0.123 Thread 0x0000027572ff19d0 Thread added: 0x00000275522b08f0


Dynamic libraries:
0x00007ff7f0570000 - 0x00007ff7f0580000 	C:\Program Files\Java\jdk-23\bin\java.exe
0x00007ffbb1270000 - 0x00007ffbb1488000 	C:\Windows\SYSTEM32\ntdll.dll
0x00007ffbaf9c0000 - 0x00007ffbafa84000 	C:\Windows\System32\KERNEL32.DLL
0x00007ffbae8a0000 - 0x00007ffbaec73000 	C:\Windows\System32\KERNELBASE.dll
0x00007ffbae380000 - 0x00007ffbae491000 	C:\Windows\System32\ucrtbase.dll
0x00007ffb8f630000 - 0x00007ffb8f64b000 	C:\Program Files\Java\jdk-23\bin\VCRUNTIME140.dll
0x00007ffb86780000 - 0x00007ffb86797000 	C:\Program Files\Java\jdk-23\bin\jli.dll
0x00007ffbb0d70000 - 0x00007ffbb0f22000 	C:\Windows\System32\USER32.dll
0x00007ffb9f570000 - 0x00007ffb9f80c000 	C:\Windows\WinSxS\amd64_microsoft.windows.common-controls_6595b64144ccf1df_6.0.22621.6060_none_2712eda17382d24b\COMCTL32.dll
0x00007ffbafa90000 - 0x00007ffbafb37000 	C:\Windows\System32\msvcrt.dll
0x00007ffbae7b0000 - 0x00007ffbae7d6000 	C:\Windows\System32\win32u.dll
0x00007ffbb0fc0000 - 0x00007ffbb0fe9000 	C:\Windows\System32\GDI32.dll
0x00007ffbae610000 - 0x00007ffbae72b000 	C:\Windows\System32\gdi32full.dll
0x00007ffbaedf0000 - 0x00007ffbaee8a000 	C:\Windows\System32\msvcp_win.dll
0x00007ffbaf6d0000 - 0x00007ffbaf701000 	C:\Windows\System32\IMM32.DLL
0x00007ffb8f680000 - 0x00007ffb8f68c000 	C:\Program Files\Java\jdk-23\bin\vcruntime140_1.dll
0x00007ffb777e0000 - 0x00007ffb7786e000 	C:\Program Files\Java\jdk-23\bin\msvcp140.dll
0x00007ffae9440000 - 0x00007ffaea18f000 	C:\Program Files\Java\jdk-23\bin\server\jvm.dll
0x00007ffbaf150000 - 0x00007ffbaf201000 	C:\Windows\System32\ADVAPI32.dll
0x00007ffbb1180000 - 0x00007ffbb1228000 	C:\Windows\System32\sechost.dll
0x00007ffbae5e0000 - 0x00007ffbae608000 	C:\Windows\System32\bcrypt.dll
0x00007ffbaf5b0000 - 0x00007ffbaf6c8000 	C:\Windows\System32\RPCRT4.dll
0x00007ffbaf8c0000 - 0x00007ffbaf931000 	C:\Windows\System32\WS2_32.dll
0x00007ffbaa1a0000 - 0x00007ffbaa1d4000 	C:\Windows\SYSTEM32\WINMM.dll
0x00007ffbae250000 - 0x00007ffbae29d000 	C:\Windows\SYSTEM32\POWRPROF.dll
0x00007ffba5140000 - 0x00007ffba514a000 	C:\Windows\SYSTEM32\VERSION.dll
0x00007ffbae230000 - 0x00007ffbae243000 	C:\Windows\SYSTEM32\UMPDC.dll
0x00007ffbad360000 - 0x00007ffbad378000 	C:\Windows\SYSTEM32\kernel.appcore.dll
0x00007ffb8f5b0000 - 0x00007ffb8f5ba000 	C:\Program Files\Java\jdk-23\bin\jimage.dll
0x00007ffbabeb0000 - 0x00007ffbac0e3000 	C:\Windows\SYSTEM32\DBGHELP.DLL
0x00007ffbaf210000 - 0x00007ffbaf5a1000 	C:\Windows\System32\combase.dll
0x00007ffbaef10000 - 0x00007ffbaefe8000 	C:\Windows\System32\OLEAUT32.dll
0x00007ffb9c430000 - 0x00007ffb9c462000 	C:\Windows\SYSTEM32\dbgcore.DLL
0x00007ffbaee90000 - 0x00007ffbaef0b000 	C:\Windows\System32\bcryptPrimitives.dll
0x00007ffb86760000 - 0x00007ffb8677e000 	C:\Program Files\Java\jdk-23\bin\java.dll
0x00007ffbaf710000 - 0x00007ffbaf8b1000 	C:\Windows\System32\ole32.dll
0x00007ffbb0200000 - 0x00007ffbb0a9c000 	C:\Windows\System32\SHELL32.dll
0x00007ffbae4a0000 - 0x00007ffbae5df000 	C:\Windows\System32\wintypes.dll
0x00007ffbac280000 - 0x00007ffbacb9a000 	C:\Windows\SYSTEM32\windows.storage.dll
0x00007ffbb0ff0000 - 0x00007ffbb10f4000 	C:\Windows\System32\SHCORE.dll
0x00007ffbaf950000 - 0x00007ffbaf9b9000 	C:\Windows\System32\shlwapi.dll
0x00007ffbae2b0000 - 0x00007ffbae2d5000 	C:\Windows\SYSTEM32\profapi.dll
0x00007ffb5ce00000 - 0x00007ffb5ced7000 	C:\Program Files\Java\jdk-23\bin\jsvml.dll
0x00007ffb8f420000 - 0x00007ffb8f430000 	C:\Program Files\Java\jdk-23\bin\net.dll
0x00007ffbad840000 - 0x00007ffbad8a9000 	C:\Windows\system32\mswsock.dll
0x00007ffb81f30000 - 0x00007ffb81f46000 	C:\Program Files\Java\jdk-23\bin\nio.dll
0x00007ffb81e20000 - 0x00007ffb81e37000 	C:\Program Files\Java\jdk-23\bin\zip.dll

dbghelp: loaded successfully - version: 4.0.5 - missing functions: none
symbol engine: initialized successfully - sym options: 0x614 - pdb path: .;C:\Program Files\Java\jdk-23\bin;C:\Windows\SYSTEM32;C:\Windows\WinSxS\amd64_microsoft.windows.common-controls_6595b64144ccf1df_6.0.22621.6060_none_2712eda17382d24b;C:\Program Files\Java\jdk-23\bin\server

VM Arguments:
jvm_args: -Dfile.encoding=UTF-8 -Ddb2.jcc.charsetDecoderEncoder=3 
java_command: com.ibm.db2.server.DssLauncher 3000 off c:\Users\LENOVO\AppData\Roaming\Code\logs\20260529T101927\window1\exthost\IBM.db2forzosdeveloperextension -Xmx256M
java_class_path (initial): c:\Users\LENOVO\.vscode\extensions\ibm.db2forzosdeveloperextension-2.2.6\dist\dss-dist-2.2.6.jar;;c:\Users\LENOVO\.vscode\extensions\ibm.db2forzosdeveloperextension-2.2.6\lib\db2jcc4.jar;c:\Users\LENOVO\.vscode\extensions\ibm.db2forzosdeveloperextension-2.2.6\lib\sqlj4.zip
Launcher Type: SUN_STANDARD

[Global flags]
     intx CICompilerCount                          = 4                                         {product} {ergonomic}
     uint ConcGCThreads                            = 2                                         {product} {ergonomic}
     uint G1ConcRefinementThreads                  = 8                                         {product} {ergonomic}
   size_t G1HeapRegionSize                         = 1048576                                   {product} {ergonomic}
   size_t InitialHeapSize                          = 56623104                                  {product} {ergonomic}
   size_t MarkStackSize                            = 4194304                                   {product} {ergonomic}
   size_t MarkStackSizeMax                         = 536870912                                 {product} {ergonomic}
   size_t MaxHeapSize                              = 899678208                                 {product} {ergonomic}
   size_t MaxNewSize                               = 538968064                                 {product} {ergonomic}
   size_t MinHeapDeltaBytes                        = 1048576                                   {product} {ergonomic}
   size_t MinHeapSize                              = 8388608                                   {product} {ergonomic}
    uintx NonNMethodCodeHeapSize                   = 5832704                                {pd product} {ergonomic}
    uintx NonProfiledCodeHeapSize                  = 122945536                              {pd product} {ergonomic}
    uintx ProfiledCodeHeapSize                     = 122880000                              {pd product} {ergonomic}
    uintx ReservedCodeCacheSize                    = 251658240                              {pd product} {ergonomic}
     bool SegmentedCodeCache                       = true                                      {product} {ergonomic}
   size_t SoftMaxHeapSize                          = 899678208                              {manageable} {ergonomic}
     bool UseCompressedOops                        = true                           {product lp64_product} {ergonomic}
     bool UseG1GC                                  = true                                      {product} {ergonomic}
     bool UseLargePagesIndividualAllocation        = false                                  {pd product} {ergonomic}

Logging:
Log output configuration:
 #0: stdout all=warning uptime,level,tags foldmultilines=false
 #1: stderr all=off uptime,level,tags foldmultilines=false

Environment Variables:
PATH=C:\Program Files\Common Files\Oracle\Java\javapath;C:\Program Files\Microsoft\jdk-11.0.16.101-hotspot\bin;C:\Windows\system32;C:\Windows;C:\Windows\System32\Wbem;C:\Windows\System32\WindowsPowerShell\v1.0\;C:\Windows\System32\OpenSSH\;c:\Program Files (x86)\Microsoft SQL Server\100\Tools\Binn\;c:\Program Files\Microsoft SQL Server\100\Tools\Binn\;c:\Program Files\Microsoft SQL Server\100\DTS\Binn\;C:\Program Files (x86)\Microsoft SQL Server\160\Tools\Binn\;C:\Program Files\Microsoft SQL Server\160\Tools\Binn\;C:\Program Files\Microsoft SQL Server\Client SDK\ODBC\170\Tools\Binn\;C:\Program Files\Microsoft SQL Server\160\DTS\Binn\;C:\Program Files (x86)\Microsoft SQL Server\150\Tools\Binn\;C:\Program Files\Microsoft SQL Server\150\Tools\Binn\;C:\Program Files\Microsoft SQL Server\150\DTS\Binn\;C:\Program Files (x86)\Microsoft SQL Server\160\DTS\Binn\;C:\xampp_new\php;C:\ProgramData\ComposerSetup\bin;C:\Program Files\dotnet\;C:\Program Files (x86)\Windows Kits\10\Windows Performance Toolkit\;C:\Program Files\nodejs\;C:\Program Files\Git\cmd;C:\xampp\php;C:\Users\LENOVO\AppData\Local\Programs\Python\Python312\Scripts\;C:\Users\LENOVO\AppData\Local\Programs\Python\Python312\;C:\Users\LENOVO\AppData\Local\Microsoft\WindowsApps;C:\Users\LENOVO\AppData\Local\Programs\Microsoft VS Code\bin;C:\Users\LENOVO\AppData\Roaming\Composer\vendor\bin;C:\Users\LENOVO\.dotnet\tools;C:\flutter\bin;C:\Users\LENOVO\AppData\Roaming\npm
USERNAME=LENOVO
OS=Windows_NT
PROCESSOR_IDENTIFIER=AMD64 Family 23 Model 104 Stepping 1, AuthenticAMD
TMP=C:\Users\LENOVO\AppData\Local\Temp
TEMP=C:\Users\LENOVO\AppData\Local\Temp




Periodic native trim disabled

---------------  S Y S T E M  ---------------

OS:
 Windows 11 , 64 bit Build 22621 (10.0.22621.5415)
OS uptime: 2 days 1:27 hours

CPU: total 8 (initial active 8) (8 cores per cpu, 2 threads per core) family 23 model 104 stepping 1 microcode 0x0, cx8, cmov, fxsr, ht, mmx, 3dnowpref, sse, sse2, sse3, ssse3, sse4a, sse4.1, sse4.2, popcnt, lzcnt, tsc, tscinvbit, avx, avx2, aes, clmul, bmi1, bmi2, adx, sha, fma, vzeroupper, clflush, clflushopt, rdtscp, rdpid, f16c
Processor Information for the first 8 processors :
  Max Mhz: 2600, Current Mhz: 2600, Mhz Limit: 2600

Memory: 4k page, system-wide physical 3429M (83M free)
TotalPageFile size 14181M (AvailPageFile size 22M)
current process WorkingSet (physical memory assigned to process): 58M, peak: 58M
current process commit charge ("private bytes"): 143M, peak: 143M

vm_info: Java HotSpot(TM) 64-Bit Server VM (23+37-2369) for windows-amd64 JRE (23+37-2369), built on 2024-08-20T16:01:23Z with MS VC++ 17.6 (VS2022)

END.
