#
# There is insufficient memory for the Java Runtime Environment to continue.
# Native memory allocation (malloc) failed to allocate 805040 bytes. Error detail: Chunk::new
# Possible reasons:
#   The system is out of physical RAM or swap space
#   This process is running with CompressedOops enabled, and the Java Heap may be blocking the growth of the native heap
# Possible solutions:
#   Reduce memory load on the system
#   Increase physical memory or swap space
#   Check if swap backing store is full
#   Decrease Java heap size (-Xmx/-Xms)
#   Decrease number of Java threads
#   Decrease Java thread stack sizes (-Xss)
#   Set larger code cache with -XX:ReservedCodeCacheSize=
#   JVM is running with Unscaled Compressed Oops mode in which the Java heap is
#     placed in the first 4GB address space. The Java Heap base address is the
#     maximum limit for the native heap growth. Please use -XX:HeapBaseMinAddress
#     to set the Java Heap base and to place the Java Heap above 4GB virtual address.
# This output file may be truncated or incomplete.
#
#  Out of Memory Error (arena.cpp:149), pid=12264, tid=10780
#
# JRE version: Java(TM) SE Runtime Environment (23.0+37) (build 23+37-2369)
# Java VM: Java HotSpot(TM) 64-Bit Server VM (23+37-2369, mixed mode, sharing, tiered, compressed oops, compressed class ptrs, g1 gc, windows-amd64)
# No core dump will be written. Minidumps are not enabled by default on client versions of Windows
#

---------------  S U M M A R Y ------------

Command Line: -Dfile.encoding=UTF-8 -Ddb2.jcc.charsetDecoderEncoder=3 com.ibm.db2.server.DssLauncher 3000 off c:\Users\LENOVO\AppData\Roaming\Code\logs\20260403T213736\window1\exthost\IBM.db2forzosdeveloperextension -Xmx256M

Host: AMD Ryzen 3 5300U with Radeon Graphics         , 8 cores, 3G,  Windows 11 , 64 bit Build 22621 (10.0.22621.5415)
Time: Fri Apr  3 22:13:48 2026 Afr. centrale Ouest elapsed time: 3.358273 seconds (0d 0h 0m 3s)

---------------  T H R E A D  ---------------

Current thread (0x000002d725a600b0):  JavaThread "C2 CompilerThread0" daemon [_thread_in_native, id=10780, stack(0x000000f5dfe00000,0x000000f5dff00000) (1024K)]


Current CompileTask:
C2:3358 1678       4       jdk.internal.util.xml.impl.Parser::step (891 bytes)

Stack: [0x000000f5dfe00000,0x000000f5dff00000]
Native frames: (J=compiled Java code, j=interpreted, Vv=VM code, C=native code)
V  [jvm.dll+0x6e08a9]  (no source info available)
V  [jvm.dll+0x87da63]  (no source info available)
V  [jvm.dll+0x87feee]  (no source info available)
V  [jvm.dll+0x8805c3]  (no source info available)
V  [jvm.dll+0x27aee6]  (no source info available)
V  [jvm.dll+0xbc06f]  (no source info available)
V  [jvm.dll+0xbc2cb]  (no source info available)
V  [jvm.dll+0x3b3a9c]  (no source info available)
V  [jvm.dll+0x38a42b]  (no source info available)
V  [jvm.dll+0x38989a]  (no source info available)
V  [jvm.dll+0x244aa1]  (no source info available)
V  [jvm.dll+0x243dff]  (no source info available)
V  [jvm.dll+0x1c33a0]  (no source info available)
V  [jvm.dll+0x253cf1]  (no source info available)
V  [jvm.dll+0x251faa]  (no source info available)
V  [jvm.dll+0x3ee036]  (no source info available)
V  [jvm.dll+0x824f1b]  (no source info available)
V  [jvm.dll+0x6df055]  (no source info available)
C  [ucrtbase.dll+0x29333]  (no source info available)
C  [KERNEL32.DLL+0x1259d]  (no source info available)
C  [ntdll.dll+0x5af78]  (no source info available)

Lock stack of current Java thread (top to bottom):


---------------  P R O C E S S  ---------------

Threads class SMR info:
_java_thread_list=0x000002d725f05660, length=11, elements={
0x000002d708273750, 0x000002d725a4b240, 0x000002d725a4c160, 0x000002d725a4dfd0,
0x000002d725a50b40, 0x000002d725a515a0, 0x000002d725a550a0, 0x000002d725a600b0,
0x000002d725a62480, 0x000002d725bd8330, 0x000002d725be41f0
}

Java Threads: ( => current thread )
  0x000002d708273750 JavaThread "main"                              [_thread_blocked, id=29692, stack(0x000000f5df000000,0x000000f5df100000) (1024K)]
  0x000002d725a4b240 JavaThread "Reference Handler"          daemon [_thread_blocked, id=28156, stack(0x000000f5df800000,0x000000f5df900000) (1024K)]
  0x000002d725a4c160 JavaThread "Finalizer"                  daemon [_thread_blocked, id=22196, stack(0x000000f5df900000,0x000000f5dfa00000) (1024K)]
  0x000002d725a4dfd0 JavaThread "Signal Dispatcher"          daemon [_thread_blocked, id=20104, stack(0x000000f5dfa00000,0x000000f5dfb00000) (1024K)]
  0x000002d725a50b40 JavaThread "Attach Listener"            daemon [_thread_blocked, id=9336, stack(0x000000f5dfb00000,0x000000f5dfc00000) (1024K)]
  0x000002d725a515a0 JavaThread "Service Thread"             daemon [_thread_blocked, id=20804, stack(0x000000f5dfc00000,0x000000f5dfd00000) (1024K)]
  0x000002d725a550a0 JavaThread "Monitor Deflation Thread"   daemon [_thread_blocked, id=14480, stack(0x000000f5dfd00000,0x000000f5dfe00000) (1024K)]
=>0x000002d725a600b0 JavaThread "C2 CompilerThread0"         daemon [_thread_in_native, id=10780, stack(0x000000f5dfe00000,0x000000f5dff00000) (1024K)]
  0x000002d725a62480 JavaThread "C1 CompilerThread0"         daemon [_thread_blocked, id=18228, stack(0x000000f5dff00000,0x000000f5e0000000) (1024K)]
  0x000002d725bd8330 JavaThread "Notification Thread"        daemon [_thread_blocked, id=6632, stack(0x000000f5e0000000,0x000000f5e0100000) (1024K)]
  0x000002d725be41f0 JavaThread "Common-Cleaner"             daemon [_thread_blocked, id=29664, stack(0x000000f5e0100000,0x000000f5e0200000) (1024K)]
Total: 11

Other Threads:
  0x000002d70a61e7f0 VMThread "VM Thread"                           [id=3452, stack(0x000000f5df700000,0x000000f5df800000) (1024K)]
  0x000002d70a615ab0 WatcherThread "VM Periodic Task Thread"        [id=14356, stack(0x000000f5df600000,0x000000f5df700000) (1024K)]
  0x000002d70a5900c0 WorkerThread "GC Thread#0"                     [id=15424, stack(0x000000f5df100000,0x000000f5df200000) (1024K)]
  0x000002d76b661720 WorkerThread "GC Thread#1"                     [id=7784, stack(0x0000000000000000,0x0000000000000000) (0B)]
  0x000002d70a59b740 ConcurrentGCThread "G1 Main Marker"            [id=6404, stack(0x000000f5df200000,0x000000f5df300000) (1024K)]
  0x000002d70a59c400 WorkerThread "G1 Conc#0"                       [id=23924, stack(0x000000f5df300000,0x000000f5df400000) (1024K)]
  0x000002d70a6058a0 ConcurrentGCThread "G1 Refine#0"               [id=5496, stack(0x000000f5df400000,0x000000f5df500000) (1024K)]
  0x000002d70a606420 ConcurrentGCThread "G1 Service"                [id=11616, stack(0x000000f5df500000,0x000000f5df600000) (1024K)]
Total: 8

Threads with active compile tasks:
C2 CompilerThread0  3484 1678       4       jdk.internal.util.xml.impl.Parser::step (891 bytes)
Total: 1

VM state: at safepoint (normal execution)

VM Mutex/Monitor currently owned by a thread:  ([mutex/lock_event])
[0x00007ffff5fe3910] Threads_lock - owner thread: 0x000002d70a61e7f0
[0x00007ffff5fe3a10] Heap_lock - owner thread: 0x000002d708273750

Heap address: 0x00000000ca600000, size: 858 MB, Compressed Oops mode: 32-bit

CDS archive(s) mapped at: [0x000002d726000000-0x000002d726d70000-0x000002d726d70000), size 14090240, SharedBaseAddress: 0x000002d726000000, ArchiveRelocationMode: 1.
Compressed class space mapped at: 0x000002d727000000-0x000002d767000000, reserved size: 1073741824
Narrow klass base: 0x000002d726000000, Narrow klass shift: 0, Narrow klass range: 0x41000000

GC Precious Log:
 CardTable entry size: 512
 Card Set container configuration: InlinePtr #cards 5 size 8 Array Of Cards #cards 10 size 36 Howl #buckets 4 coarsen threshold 1843 Howl Bitmap #cards 512 size 80 coarsen threshold 460 Card regions per heap region 1 cards per card region 2048
 CPUs: 8 total, 8 available
 Memory: 3429M
 Large Page Support: Disabled
 NUMA Support: Disabled
 Compressed Oops: Enabled (32-bit)
 Heap Region Size: 1M
 Heap Min Capacity: 8M
 Heap Initial Capacity: 54M
 Heap Max Capacity: 858M
 Pre-touch: Disabled
 Parallel Workers: 8
 Concurrent Workers: 2
 Concurrent Refinement Workers: 8
 Periodic GC: Disabled

Heap:
 garbage-first heap   total reserved 878592K, committed 55296K, used 25600K [0x00000000ca600000, 0x0000000100000000)
  region size 1024K, 27 young (27648K), 3 survivors (3072K)
 Metaspace       used 8643K, committed 8960K, reserved 1114112K
  class space    used 1053K, committed 1216K, reserved 1048576K

Heap Regions: E=young(eden), S=young(survivor), O=old, HS=humongous(starts), HC=humongous(continues), CS=collection set, F=free, TAMS=top-at-mark-start, PB=parsable bottom
|   0|0x00000000ca600000, 0x00000000ca700000, 0x00000000ca700000|100%|HS|  |TAMS 0x00000000ca600000| PB 0x00000000ca600000| Complete |  0
|   1|0x00000000ca700000, 0x00000000ca800000, 0x00000000ca800000|100%| O|  |TAMS 0x00000000ca700000| PB 0x00000000ca700000| Untracked |  0
|   2|0x00000000ca800000, 0x00000000ca800000, 0x00000000ca900000|  0%| F|  |TAMS 0x00000000ca800000| PB 0x00000000ca800000| Untracked |  0
|   3|0x00000000ca900000, 0x00000000ca900000, 0x00000000caa00000|  0%| F|  |TAMS 0x00000000ca900000| PB 0x00000000ca900000| Untracked |  0
|   4|0x00000000caa00000, 0x00000000caa00000, 0x00000000cab00000|  0%| F|  |TAMS 0x00000000caa00000| PB 0x00000000caa00000| Untracked |  0
|   5|0x00000000cab00000, 0x00000000cab00000, 0x00000000cac00000|  0%| F|  |TAMS 0x00000000cab00000| PB 0x00000000cab00000| Untracked |  0
|   6|0x00000000cac00000, 0x00000000cac00000, 0x00000000cad00000|  0%| F|  |TAMS 0x00000000cac00000| PB 0x00000000cac00000| Untracked |  0
|   7|0x00000000cad00000, 0x00000000cad00000, 0x00000000cae00000|  0%| F|  |TAMS 0x00000000cad00000| PB 0x00000000cad00000| Untracked |  0
|   8|0x00000000cae00000, 0x00000000cae00000, 0x00000000caf00000|  0%| F|  |TAMS 0x00000000cae00000| PB 0x00000000cae00000| Untracked |  0
|   9|0x00000000caf00000, 0x00000000caf00000, 0x00000000cb000000|  0%| F|  |TAMS 0x00000000caf00000| PB 0x00000000caf00000| Untracked |  0
|  10|0x00000000cb000000, 0x00000000cb000000, 0x00000000cb100000|  0%| F|  |TAMS 0x00000000cb000000| PB 0x00000000cb000000| Untracked |  0
|  11|0x00000000cb100000, 0x00000000cb100000, 0x00000000cb200000|  0%| F|  |TAMS 0x00000000cb100000| PB 0x00000000cb100000| Untracked |  0
|  12|0x00000000cb200000, 0x00000000cb200000, 0x00000000cb300000|  0%| F|  |TAMS 0x00000000cb200000| PB 0x00000000cb200000| Untracked |  0
|  13|0x00000000cb300000, 0x00000000cb300000, 0x00000000cb400000|  0%| F|  |TAMS 0x00000000cb300000| PB 0x00000000cb300000| Untracked |  0
|  14|0x00000000cb400000, 0x00000000cb400000, 0x00000000cb500000|  0%| F|  |TAMS 0x00000000cb400000| PB 0x00000000cb400000| Untracked |  0
|  15|0x00000000cb500000, 0x00000000cb500000, 0x00000000cb600000|  0%| F|  |TAMS 0x00000000cb500000| PB 0x00000000cb500000| Untracked |  0
|  16|0x00000000cb600000, 0x00000000cb600000, 0x00000000cb700000|  0%| F|  |TAMS 0x00000000cb600000| PB 0x00000000cb600000| Untracked |  0
|  17|0x00000000cb700000, 0x00000000cb700000, 0x00000000cb800000|  0%| F|  |TAMS 0x00000000cb700000| PB 0x00000000cb700000| Untracked |  0
|  18|0x00000000cb800000, 0x00000000cb800000, 0x00000000cb900000|  0%| F|  |TAMS 0x00000000cb800000| PB 0x00000000cb800000| Untracked |  0
|  19|0x00000000cb900000, 0x00000000cb900000, 0x00000000cba00000|  0%| F|  |TAMS 0x00000000cb900000| PB 0x00000000cb900000| Untracked |  0
|  20|0x00000000cba00000, 0x00000000cba00000, 0x00000000cbb00000|  0%| F|  |TAMS 0x00000000cba00000| PB 0x00000000cba00000| Untracked |  0
|  21|0x00000000cbb00000, 0x00000000cbb00000, 0x00000000cbc00000|  0%| F|  |TAMS 0x00000000cbb00000| PB 0x00000000cbb00000| Untracked |  0
|  22|0x00000000cbc00000, 0x00000000cbc00000, 0x00000000cbd00000|  0%| F|  |TAMS 0x00000000cbc00000| PB 0x00000000cbc00000| Untracked |  0
|  23|0x00000000cbd00000, 0x00000000cbd00000, 0x00000000cbe00000|  0%| F|  |TAMS 0x00000000cbd00000| PB 0x00000000cbd00000| Untracked |  0
|  24|0x00000000cbe00000, 0x00000000cbe00000, 0x00000000cbf00000|  0%| F|  |TAMS 0x00000000cbe00000| PB 0x00000000cbe00000| Untracked |  0
|  25|0x00000000cbf00000, 0x00000000cbf00000, 0x00000000cc000000|  0%| F|  |TAMS 0x00000000cbf00000| PB 0x00000000cbf00000| Untracked |  0
|  26|0x00000000cc000000, 0x00000000cc000000, 0x00000000cc100000|  0%| F|  |TAMS 0x00000000cc000000| PB 0x00000000cc000000| Untracked |  0
|  27|0x00000000cc100000, 0x00000000cc200000, 0x00000000cc200000|100%| S|  |TAMS 0x00000000cc100000| PB 0x00000000cc100000| Complete |  0
|  28|0x00000000cc200000, 0x00000000cc300000, 0x00000000cc300000|100%| S|  |TAMS 0x00000000cc200000| PB 0x00000000cc200000| Complete |  0
|  29|0x00000000cc300000, 0x00000000cc400000, 0x00000000cc400000|100%| S|  |TAMS 0x00000000cc300000| PB 0x00000000cc300000| Complete |  0
|  30|0x00000000cc400000, 0x00000000cc500000, 0x00000000cc500000|100%| E|CS|TAMS 0x00000000cc400000| PB 0x00000000cc400000| Complete |  0
|  31|0x00000000cc500000, 0x00000000cc600000, 0x00000000cc600000|100%| E|CS|TAMS 0x00000000cc500000| PB 0x00000000cc500000| Complete |  0
|  32|0x00000000cc600000, 0x00000000cc700000, 0x00000000cc700000|100%| E|CS|TAMS 0x00000000cc600000| PB 0x00000000cc600000| Complete |  0
|  33|0x00000000cc700000, 0x00000000cc800000, 0x00000000cc800000|100%| E|CS|TAMS 0x00000000cc700000| PB 0x00000000cc700000| Complete |  0
|  34|0x00000000cc800000, 0x00000000cc900000, 0x00000000cc900000|100%| E|CS|TAMS 0x00000000cc800000| PB 0x00000000cc800000| Complete |  0
|  35|0x00000000cc900000, 0x00000000cca00000, 0x00000000cca00000|100%| E|CS|TAMS 0x00000000cc900000| PB 0x00000000cc900000| Complete |  0
|  36|0x00000000cca00000, 0x00000000ccb00000, 0x00000000ccb00000|100%| E|CS|TAMS 0x00000000cca00000| PB 0x00000000cca00000| Complete |  0
|  37|0x00000000ccb00000, 0x00000000ccc00000, 0x00000000ccc00000|100%| E|CS|TAMS 0x00000000ccb00000| PB 0x00000000ccb00000| Complete |  0
|  38|0x00000000ccc00000, 0x00000000ccd00000, 0x00000000ccd00000|100%| E|CS|TAMS 0x00000000ccc00000| PB 0x00000000ccc00000| Complete |  0
|  39|0x00000000ccd00000, 0x00000000cce00000, 0x00000000cce00000|100%| E|CS|TAMS 0x00000000ccd00000| PB 0x00000000ccd00000| Complete |  0
|  40|0x00000000cce00000, 0x00000000ccf00000, 0x00000000ccf00000|100%| E|CS|TAMS 0x00000000cce00000| PB 0x00000000cce00000| Complete |  0
|  41|0x00000000ccf00000, 0x00000000cd000000, 0x00000000cd000000|100%| E|CS|TAMS 0x00000000ccf00000| PB 0x00000000ccf00000| Complete |  0
|  42|0x00000000cd000000, 0x00000000cd100000, 0x00000000cd100000|100%| E|CS|TAMS 0x00000000cd000000| PB 0x00000000cd000000| Complete |  0
|  43|0x00000000cd100000, 0x00000000cd200000, 0x00000000cd200000|100%| E|CS|TAMS 0x00000000cd100000| PB 0x00000000cd100000| Complete |  0
|  44|0x00000000cd200000, 0x00000000cd300000, 0x00000000cd300000|100%| E|CS|TAMS 0x00000000cd200000| PB 0x00000000cd200000| Complete |  0
|  45|0x00000000cd300000, 0x00000000cd400000, 0x00000000cd400000|100%| E|CS|TAMS 0x00000000cd300000| PB 0x00000000cd300000| Complete |  0
|  46|0x00000000cd400000, 0x00000000cd500000, 0x00000000cd500000|100%| E|CS|TAMS 0x00000000cd400000| PB 0x00000000cd400000| Complete |  0
|  47|0x00000000cd500000, 0x00000000cd600000, 0x00000000cd600000|100%| E|CS|TAMS 0x00000000cd500000| PB 0x00000000cd500000| Complete |  0
|  48|0x00000000cd600000, 0x00000000cd700000, 0x00000000cd700000|100%| E|CS|TAMS 0x00000000cd600000| PB 0x00000000cd600000| Complete |  0
|  49|0x00000000cd700000, 0x00000000cd800000, 0x00000000cd800000|100%| E|CS|TAMS 0x00000000cd700000| PB 0x00000000cd700000| Complete |  0
|  50|0x00000000cd800000, 0x00000000cd900000, 0x00000000cd900000|100%| E|CS|TAMS 0x00000000cd800000| PB 0x00000000cd800000| Complete |  0
|  51|0x00000000cd900000, 0x00000000cda00000, 0x00000000cda00000|100%| E|CS|TAMS 0x00000000cd900000| PB 0x00000000cd900000| Complete |  0
|  52|0x00000000cda00000, 0x00000000cdb00000, 0x00000000cdb00000|100%| E|CS|TAMS 0x00000000cda00000| PB 0x00000000cda00000| Complete |  0
|  53|0x00000000cdb00000, 0x00000000cdc00000, 0x00000000cdc00000|100%| E|CS|TAMS 0x00000000cdb00000| PB 0x00000000cdb00000| Complete |  0

Card table byte_map: [0x000002d722170000,0x000002d722320000] _byte_map_base: 0x000002d721b1d000

Marking Bits: (CMBitMap*) 0x000002d70a5907d0
 Bits: [0x000002d722320000, 0x000002d723088000)

Polling page: 0x000002d708390000

Metaspace:

Usage:
  Non-class:      7.41 MB used.
      Class:      1.03 MB used.
       Both:      8.44 MB used.

Virtual space:
  Non-class space:       64.00 MB reserved,       7.56 MB ( 12%) committed,  1 nodes.
      Class space:        1.00 GB reserved,       1.19 MB ( <1%) committed,  1 nodes.
             Both:        1.06 GB reserved,       8.75 MB ( <1%) committed. 

Chunk freelists:
   Non-Class:  8.01 MB
       Class:  14.75 MB
        Both:  22.76 MB

MaxMetaspaceSize: unlimited
CompressedClassSpaceSize: 1.00 GB
Initial GC threshold: 21.00 MB
Current GC threshold: 21.00 MB
CDS: on
 - commit_granule_bytes: 65536.
 - commit_granule_words: 8192.
 - virtual_space_node_default_size: 8388608.
 - enlarge_chunks_in_place: 1.
 - use_allocation_guard: 0.


Internal statistics:

num_allocs_failed_limit: 0.
num_arena_births: 224.
num_arena_deaths: 0.
num_vsnodes_births: 2.
num_vsnodes_deaths: 0.
num_space_committed: 140.
num_space_uncommitted: 0.
num_chunks_returned_to_freelist: 0.
num_chunks_taken_from_freelist: 398.
num_chunk_merges: 0.
num_chunk_splits: 270.
num_chunks_enlarged: 189.
num_inconsistent_stats: 0.

CodeHeap 'non-profiled nmethods': size=120064Kb used=460Kb max_used=460Kb free=119603Kb
 bounds [0x000002d71a750000, 0x000002d71a9c0000, 0x000002d721c90000]
CodeHeap 'profiled nmethods': size=120000Kb used=2282Kb max_used=2282Kb free=117717Kb
 bounds [0x000002d712c90000, 0x000002d712f00000, 0x000002d71a1c0000]
CodeHeap 'non-nmethods': size=5696Kb used=1442Kb max_used=1449Kb free=4253Kb
 bounds [0x000002d71a1c0000, 0x000002d71a430000, 0x000002d71a750000]
CodeCache: size=245760Kb, used=4184Kb, max_used=4191Kb, free=241573Kb
 total_blobs=2275, nmethods=1741, adapters=439, full_count=0
Compilation: enabled, stopped_count=0, restarted_count=0

Compilation events (20 events):
Event: 3.316 Thread 0x000002d725a62480 1744       3       java.lang.reflect.Method::getGenericReturnType (20 bytes)
Event: 3.319 Thread 0x000002d725a62480 nmethod 1744 0x000002d712ec5588 code [0x000002d712ec57c0, 0x000002d712ec6890]
Event: 3.319 Thread 0x000002d725a62480 1747       3       java.util.Arrays::binarySearch0 (95 bytes)
Event: 3.320 Thread 0x000002d725a62480 nmethod 1747 0x000002d712ec6988 code [0x000002d712ec6ae0, 0x000002d712ec6ee0]
Event: 3.320 Thread 0x000002d725a62480 1746       3       java.util.WeakHashMap::get (75 bytes)
Event: 3.321 Thread 0x000002d725a62480 nmethod 1746 0x000002d712ec6f08 code [0x000002d712ec70c0, 0x000002d712ec7930]
Event: 3.321 Thread 0x000002d725a62480 1741   !   3       sun.reflect.generics.factory.CoreReflectionFactory::makeNamedType (21 bytes)
Event: 3.321 Thread 0x000002d725a62480 nmethod 1741 0x000002d712ec7988 code [0x000002d712ec7ae0, 0x000002d712ec7d18]
Event: 3.321 Thread 0x000002d725a62480 1745       3       sun.reflect.generics.parser.SignatureParser::parseFieldTypeSignature (6 bytes)
Event: 3.322 Thread 0x000002d725a62480 nmethod 1745 0x000002d712ec7d88 code [0x000002d712ec7ea0, 0x000002d712ec7fe0]
Event: 3.322 Thread 0x000002d725a62480 1738       3       jdk.internal.org.objectweb.asm.MethodWriter::hasFrames (13 bytes)
Event: 3.322 Thread 0x000002d725a62480 nmethod 1738 0x000002d712ec8088 code [0x000002d712ec81a0, 0x000002d712ec82f8]
Event: 3.322 Thread 0x000002d725a62480 1740       3       jdk.internal.org.objectweb.asm.Handler::putExceptionTable (63 bytes)
Event: 3.322 Thread 0x000002d725a62480 nmethod 1740 0x000002d712ec8388 code [0x000002d712ec8520, 0x000002d712ec89b0]
Event: 3.326 Thread 0x000002d725a62480 1748       3       java.lang.invoke.LambdaFormEditor::bindArgumentType (101 bytes)
Event: 3.326 Thread 0x000002d725a62480 nmethod 1748 0x000002d712ec8a08 code [0x000002d712ec8b40, 0x000002d712ec8d58]
Event: 3.326 Thread 0x000002d725a62480 1749       3       java.lang.invoke.LambdaFormEditor::bindArgumentForm (255 bytes)
Event: 3.328 Thread 0x000002d725a62480 nmethod 1749 0x000002d712ec8d88 code [0x000002d712ec90c0, 0x000002d712eca4e0]
Event: 3.335 Thread 0x000002d725a62480 1750       3       java.util.Collections::emptySet (4 bytes)
Event: 3.335 Thread 0x000002d725a62480 nmethod 1750 0x000002d712eca588 code [0x000002d712eca6a0, 0x000002d712eca798]

GC Heap History (1 events):
Event: 3.338 GC heap before
{Heap before GC invocations=0 (full 0):
 garbage-first heap   total reserved 878592K, committed 55296K, used 24576K [0x00000000ca600000, 0x0000000100000000)
  region size 1024K, 24 young (24576K), 0 survivors (0K)
 Metaspace       used 8643K, committed 8960K, reserved 1114112K
  class space    used 1053K, committed 1216K, reserved 1048576K
}

Dll operation events (8 events):
Event: 0.020 Loaded shared library C:\Program Files\Java\jdk-23\bin\java.dll
Event: 0.134 Loaded shared library C:\Program Files\Java\jdk-23\bin\jsvml.dll
Event: 0.199 Loaded shared library C:\Program Files\Java\jdk-23\bin\net.dll
Event: 0.204 Loaded shared library C:\Program Files\Java\jdk-23\bin\nio.dll
Event: 0.279 Loaded shared library C:\Program Files\Java\jdk-23\bin\zip.dll
Event: 0.386 Loaded shared library C:\Program Files\Java\jdk-23\bin\jimage.dll
Event: 0.885 Loaded shared library C:\Program Files\Java\jdk-23\bin\management.dll
Event: 0.953 Loaded shared library C:\Program Files\Java\jdk-23\bin\management_ext.dll

Deoptimization events (20 events):
Event: 2.917 Thread 0x000002d708273750 Uncommon trap: trap_request=0xffffff45 fr.pc=0x000002d71a79cf8c relative=0x000000000000008c
Event: 2.917 Thread 0x000002d708273750 Uncommon trap: reason=unstable_if action=reinterpret pc=0x000002d71a79cf8c method=java.lang.CharacterDataLatin1.isWhitespace(I)Z @ 14 c2
Event: 2.917 Thread 0x000002d708273750 DEOPT PACKING pc=0x000002d71a79cf8c sp=0x000000f5df0fd570
Event: 2.917 Thread 0x000002d708273750 DEOPT UNPACKING pc=0x000002d71a214402 sp=0x000000f5df0fd4e0 mode 2
Event: 3.244 Thread 0x000002d708273750 Uncommon trap: trap_request=0xffffff45 fr.pc=0x000002d71a7bfc48 relative=0x00000000000000a8
Event: 3.244 Thread 0x000002d708273750 Uncommon trap: reason=unstable_if action=reinterpret pc=0x000002d71a7bfc48 method=jdk.internal.util.xml.impl.Parser.bappend(CC)V @ 1 c2
Event: 3.244 Thread 0x000002d708273750 DEOPT PACKING pc=0x000002d71a7bfc48 sp=0x000000f5df0fd3a0
Event: 3.244 Thread 0x000002d708273750 DEOPT UNPACKING pc=0x000002d71a214402 sp=0x000000f5df0fd328 mode 2
Event: 3.244 Thread 0x000002d708273750 Uncommon trap: trap_request=0xffffff45 fr.pc=0x000002d71a7bfee4 relative=0x0000000000000064
Event: 3.244 Thread 0x000002d708273750 Uncommon trap: reason=unstable_if action=reinterpret pc=0x000002d71a7bfee4 method=jdk.internal.util.xml.impl.Parser.ensureCapacity(I)V @ 40 c2
Event: 3.244 Thread 0x000002d708273750 DEOPT PACKING pc=0x000002d71a7bfee4 sp=0x000000f5df0fd3a0
Event: 3.244 Thread 0x000002d708273750 DEOPT UNPACKING pc=0x000002d71a214402 sp=0x000000f5df0fd318 mode 2
Event: 3.247 Thread 0x000002d708273750 DEOPT PACKING pc=0x000002d712df25bf sp=0x000000f5df0fd1e0
Event: 3.247 Thread 0x000002d708273750 DEOPT UNPACKING pc=0x000002d71a214b22 sp=0x000000f5df0fc680 mode 0
Event: 3.249 Thread 0x000002d708273750 DEOPT PACKING pc=0x000002d712df25bf sp=0x000000f5df0fd060
Event: 3.249 Thread 0x000002d708273750 DEOPT UNPACKING pc=0x000002d71a214b22 sp=0x000000f5df0fc500 mode 0
Event: 3.250 Thread 0x000002d708273750 DEOPT PACKING pc=0x000002d712df25bf sp=0x000000f5df0fd1e0
Event: 3.250 Thread 0x000002d708273750 DEOPT UNPACKING pc=0x000002d71a214b22 sp=0x000000f5df0fc680 mode 0
Event: 3.252 Thread 0x000002d708273750 DEOPT PACKING pc=0x000002d712df25bf sp=0x000000f5df0fd0b0
Event: 3.252 Thread 0x000002d708273750 DEOPT UNPACKING pc=0x000002d71a214b22 sp=0x000000f5df0fc550 mode 0

Classes loaded (20 events):
Event: 3.321 Loading class javax/management/NotificationFilter
Event: 3.321 Loading class javax/management/NotificationFilter done
Event: 3.321 Loading class javax/management/ListenerNotFoundException
Event: 3.321 Loading class javax/management/ListenerNotFoundException done
Event: 3.321 Loading class jdk/jfr/Recording
Event: 3.322 Loading class jdk/jfr/Recording done
Event: 3.322 Loading class jdk/jfr/FlightRecorder
Event: 3.322 Loading class jdk/jfr/FlightRecorder done
Event: 3.323 Loading class jdk/management/jfr/FlightRecorderMXBeanImpl$MXBeanListener
Event: 3.323 Loading class jdk/jfr/FlightRecorderListener
Event: 3.323 Loading class jdk/jfr/FlightRecorderListener done
Event: 3.323 Loading class jdk/management/jfr/FlightRecorderMXBeanImpl$MXBeanListener done
Event: 3.327 Loading class javax/management/ObjectName$PatternProperty
Event: 3.328 Loading class javax/management/ObjectName$PatternProperty done
Event: 3.331 Loading class java/beans/PropertyChangeListener
Event: 3.331 Loading class java/beans/PropertyChangeListener done
Event: 3.333 Loading class com/sun/jmx/mbeanserver/StandardMBeanSupport
Event: 3.333 Loading class com/sun/jmx/mbeanserver/StandardMBeanSupport done
Event: 3.334 Loading class com/sun/jmx/mbeanserver/StandardMBeanIntrospector
Event: 3.334 Loading class com/sun/jmx/mbeanserver/StandardMBeanIntrospector done

Classes unloaded (0 events):
No events

Classes redefined (0 events):
No events

Internal exceptions (20 events):
Event: 0.812 Thread 0x000002d708273750 Exception <a 'java/lang/NoSuchMethodError'{0x00000000cd5258b0}: 'java.lang.Object java.lang.invoke.Invokers$Holder.invokeExact_MT(java.lang.Object, java.lang.Object, java.lang.Object, java.lang.Object, java.lang.Object)'> (0x00000000cd5258b0) 
thrown [s\open\src\hotspot\share\interpreter\linkResolver.cpp, line 796]
Event: 0.983 Thread 0x000002d708273750 Exception <a 'java/lang/NoSuchMethodError'{0x00000000cd58fe80}: 'int java.lang.invoke.DirectMethodHandle$Holder.invokeSpecial(java.lang.Object, java.lang.Object, java.lang.Object)'> (0x00000000cd58fe80) 
thrown [s\open\src\hotspot\share\interpreter\linkResolver.cpp, line 796]
Event: 1.131 Thread 0x000002d708273750 Exception <a 'java/lang/NoSuchMethodError'{0x00000000cd42c090}: 'void java.lang.invoke.DirectMethodHandle$Holder.invokeStatic(java.lang.Object, java.lang.Object, java.lang.Object, java.lang.Object)'> (0x00000000cd42c090) 
thrown [s\open\src\hotspot\share\interpreter\linkResolver.cpp, line 796]
Event: 1.131 Thread 0x000002d708273750 Exception <a 'java/lang/NoSuchMethodError'{0x00000000cd42fae0}: 'void java.lang.invoke.DirectMethodHandle$Holder.invokeStaticInit(java.lang.Object, java.lang.Object, java.lang.Object, java.lang.Object)'> (0x00000000cd42fae0) 
thrown [s\open\src\hotspot\share\interpreter\linkResolver.cpp, line 796]
Event: 1.276 Thread 0x000002d708273750 Exception <a 'java/lang/NoSuchMethodError'{0x00000000cd313e80}: 'java.lang.Object java.lang.invoke.DirectMethodHandle$Holder.invokeInterface(java.lang.Object, java.lang.Object)'> (0x00000000cd313e80) 
thrown [s\open\src\hotspot\share\interpreter\linkResolver.cpp, line 796]
Event: 1.637 Thread 0x000002d708273750 Exception <a 'java/lang/NoSuchMethodError'{0x00000000ccf9dfa8}: 'java.lang.Object java.lang.invoke.DirectMethodHandle$Holder.newInvokeSpecial(java.lang.Object, long, int, java.lang.Object)'> (0x00000000ccf9dfa8) 
thrown [s\open\src\hotspot\share\interpreter\linkResolver.cpp, line 796]
Event: 1.736 Thread 0x000002d708273750 Exception <a 'java/lang/NoSuchMethodError'{0x00000000cce016d8}: 'void java.lang.invoke.DirectMethodHandle$Holder.invokeSpecial(java.lang.Object, java.lang.Object, java.lang.Object)'> (0x00000000cce016d8) 
thrown [s\open\src\hotspot\share\interpreter\linkResolver.cpp, line 796]
Event: 1.742 Thread 0x000002d708273750 Exception <a 'java/lang/NoSuchMethodError'{0x00000000cce0ac58}: 'void java.lang.invoke.DirectMethodHandle$Holder.invokeStatic(java.lang.Object, int, java.lang.Object)'> (0x00000000cce0ac58) 
thrown [s\open\src\hotspot\share\interpreter\linkResolver.cpp, line 796]
Event: 2.056 Thread 0x000002d708273750 Exception <a 'java/lang/NoSuchMethodError'{0x00000000ccc0e6e8}: 'java.lang.Object java.lang.invoke.DirectMethodHandle$Holder.invokeStatic(java.lang.Object, java.lang.Object, java.lang.Object, java.lang.Object, int)'> (0x00000000ccc0e6e8) 
thrown [s\open\src\hotspot\share\interpreter\linkResolver.cpp, line 796]
Event: 2.058 Thread 0x000002d708273750 Exception <a 'java/lang/NoSuchMethodError'{0x00000000ccc1a3f0}: 'java.lang.Object java.lang.invoke.DelegatingMethodHandle$Holder.reinvoke_L(java.lang.Object, int, java.lang.Object, java.lang.Object, java.lang.Object, java.lang.Object, java.lang.Object, java.lang.Object, java.lang.Object)'> (0x00000000ccc1a3f0) 
thrown [s\open\src\hotspot\share\interpreter\linkResolver.cpp, line 796]
Event: 2.081 Thread 0x000002d708273750 Exception <a 'java/lang/NoSuchMethodError'{0x00000000ccc4b020}: 'java.lang.Object java.lang.invoke.DirectMethodHandle$Holder.invokeStatic(java.lang.Object, java.lang.Object, int)'> (0x00000000ccc4b020) 
thrown [s\open\src\hotspot\share\interpreter\linkResolver.cpp, line 796]
Event: 2.086 Thread 0x000002d708273750 Exception <a 'java/lang/NoSuchMethodError'{0x00000000ccc566d0}: 'void java.lang.invoke.DelegatingMethodHandle$Holder.delegate(java.lang.Object, java.lang.Object, int, java.lang.Object)'> (0x00000000ccc566d0) 
thrown [s\open\src\hotspot\share\interpreter\linkResolver.cpp, line 796]
Event: 2.168 Thread 0x000002d708273750 Exception <a 'java/lang/NoSuchMethodError'{0x00000000ccb28270}: 'void java.lang.invoke.Invokers$Holder.invokeExact_MT(java.lang.Object, java.lang.Object, java.lang.Object, java.lang.Object)'> (0x00000000ccb28270) 
thrown [s\open\src\hotspot\share\interpreter\linkResolver.cpp, line 796]
Event: 2.174 Thread 0x000002d708273750 Exception <a 'java/lang/NoSuchMethodError'{0x00000000ccb38838}: 'void java.lang.invoke.DelegatingMethodHandle$Holder.reinvoke_L(java.lang.Object, java.lang.Object, int)'> (0x00000000ccb38838) 
thrown [s\open\src\hotspot\share\interpreter\linkResolver.cpp, line 796]
Event: 2.178 Thread 0x000002d708273750 Exception <a 'java/lang/NoSuchMethodError'{0x00000000ccb3f0e8}: 'int java.lang.invoke.Invokers$Holder.invokeExact_MT(java.lang.Object, java.lang.Object, java.lang.Object)'> (0x00000000ccb3f0e8) 
thrown [s\open\src\hotspot\share\interpreter\linkResolver.cpp, line 796]
Event: 2.247 Thread 0x000002d708273750 Exception <a 'java/lang/NoSuchMethodError'{0x00000000cca15e50}: 'int java.lang.invoke.DirectMethodHandle$Holder.invokeStaticInit(java.lang.Object, java.lang.Object, java.lang.Object)'> (0x00000000cca15e50) 
thrown [s\open\src\hotspot\share\interpreter\linkResolver.cpp, line 796]
Event: 2.602 Thread 0x000002d708273750 Exception <a 'java/lang/NoSuchMethodError'{0x00000000cc814d88}: 'int java.lang.invoke.DirectMethodHandle$Holder.invokeInterface(java.lang.Object, java.lang.Object)'> (0x00000000cc814d88) 
thrown [s\open\src\hotspot\share\interpreter\linkResolver.cpp, line 796]
Event: 2.603 Thread 0x000002d708273750 Exception <a 'java/lang/IncompatibleClassChangeError'{0x00000000cc817fb0}: Found class java.lang.Object, but interface was expected> (0x00000000cc817fb0) 
thrown [s\open\src\hotspot\share\interpreter\linkResolver.cpp, line 863]
Event: 2.604 Thread 0x000002d708273750 Exception <a 'java/lang/NoSuchMethodError'{0x00000000cc81d1d0}: 'void java.lang.invoke.DirectMethodHandle$Holder.invokeStatic(java.lang.Object, java.lang.Object)'> (0x00000000cc81d1d0) 
thrown [s\open\src\hotspot\share\interpreter\linkResolver.cpp, line 796]
Event: 2.940 Thread 0x000002d708273750 Exception <a 'java/lang/NoSuchMethodError'{0x00000000cc7efa98}: 'java.lang.Object java.lang.invoke.DirectMethodHandle$Holder.invokeStaticInit(java.lang.Object, java.lang.Object, java.lang.Object)'> (0x00000000cc7efa98) 
thrown [s\open\src\hotspot\share\interpreter\linkResolver.cpp, line 796]

VM Operations (11 events):
Event: 0.282 Executing VM operation: HandshakeAllThreads (Deoptimize)
Event: 0.282 Executing VM operation: HandshakeAllThreads (Deoptimize) done
Event: 0.700 Executing VM operation: HandshakeAllThreads (Deoptimize)
Event: 0.700 Executing VM operation: HandshakeAllThreads (Deoptimize) done
Event: 0.794 Executing VM operation: HandshakeAllThreads (Deoptimize)
Event: 0.794 Executing VM operation: HandshakeAllThreads (Deoptimize) done
Event: 0.794 Executing VM operation: HandshakeAllThreads (Deoptimize)
Event: 0.794 Executing VM operation: HandshakeAllThreads (Deoptimize) done
Event: 2.073 Executing VM operation: HandshakeAllThreads (Deoptimize)
Event: 2.073 Executing VM operation: HandshakeAllThreads (Deoptimize) done
Event: 3.337 Executing VM operation: G1CollectForAllocation (G1 Evacuation Pause)

Memory protections (0 events):
No events

Nmethod flushes (0 events):
No events

Events (13 events):
Event: 0.068 Thread 0x000002d708273750 Thread added: 0x000002d708273750
Event: 0.119 Thread 0x000002d708273750 Thread added: 0x000002d725a4b240
Event: 0.120 Thread 0x000002d708273750 Thread added: 0x000002d725a4c160
Event: 0.122 Thread 0x000002d708273750 Thread added: 0x000002d725a4dfd0
Event: 0.122 Thread 0x000002d708273750 Thread added: 0x000002d725a50b40
Event: 0.124 Thread 0x000002d708273750 Thread added: 0x000002d725a515a0
Event: 0.124 Thread 0x000002d708273750 Thread added: 0x000002d725a550a0
Event: 0.125 Thread 0x000002d708273750 Thread added: 0x000002d725a600b0
Event: 0.126 Thread 0x000002d708273750 Thread added: 0x000002d725a62480
Event: 0.171 Thread 0x000002d708273750 Thread added: 0x000002d725bd8330
Event: 0.187 Thread 0x000002d708273750 Thread added: 0x000002d725be41f0
Event: 2.430 Thread 0x000002d708273750 Thread added: 0x000002d725c4b680
Event: 2.432 Thread 0x000002d725c4b680 Thread exited: 0x000002d725c4b680


Dynamic libraries:
0x00007ff7bb490000 - 0x00007ff7bb4a0000 	C:\Program Files\Java\jdk-23\bin\java.exe
0x00007ff8b6af0000 - 0x00007ff8b6d08000 	C:\Windows\SYSTEM32\ntdll.dll
0x00007ff8b5670000 - 0x00007ff8b5734000 	C:\Windows\System32\KERNEL32.DLL
0x00007ff8b3c00000 - 0x00007ff8b3fd3000 	C:\Windows\System32\KERNELBASE.dll
0x00007ff8b3fe0000 - 0x00007ff8b40f1000 	C:\Windows\System32\ucrtbase.dll
0x00007ff894f70000 - 0x00007ff894f8b000 	C:\Program Files\Java\jdk-23\bin\VCRUNTIME140.dll
0x00007ff894de0000 - 0x00007ff894df7000 	C:\Program Files\Java\jdk-23\bin\jli.dll
0x00007ff8b49d0000 - 0x00007ff8b4b82000 	C:\Windows\System32\USER32.dll
0x00007ff8b4270000 - 0x00007ff8b4296000 	C:\Windows\System32\win32u.dll
0x00007ff8b4ba0000 - 0x00007ff8b4bc9000 	C:\Windows\System32\GDI32.dll
0x00007ff8b45f0000 - 0x00007ff8b470b000 	C:\Windows\System32\gdi32full.dll
0x00007ff8b42a0000 - 0x00007ff8b433a000 	C:\Windows\System32\msvcp_win.dll
0x00007ff8a4400000 - 0x00007ff8a469c000 	C:\Windows\WinSxS\amd64_microsoft.windows.common-controls_6595b64144ccf1df_6.0.22621.6060_none_2712eda17382d24b\COMCTL32.dll
0x00007ff8b50f0000 - 0x00007ff8b5197000 	C:\Windows\System32\msvcrt.dll
0x00007ff8b5050000 - 0x00007ff8b5081000 	C:\Windows\System32\IMM32.DLL
0x00007ff8b0580000 - 0x00007ff8b058c000 	C:\Program Files\Java\jdk-23\bin\vcruntime140_1.dll
0x00007ff882b00000 - 0x00007ff882b8e000 	C:\Program Files\Java\jdk-23\bin\msvcp140.dll
0x00007ffff5370000 - 0x00007ffff60bf000 	C:\Program Files\Java\jdk-23\bin\server\jvm.dll
0x00007ff8b5740000 - 0x00007ff8b57f1000 	C:\Windows\System32\ADVAPI32.dll
0x00007ff8b52b0000 - 0x00007ff8b5358000 	C:\Windows\System32\sechost.dll
0x00007ff8b43c0000 - 0x00007ff8b43e8000 	C:\Windows\System32\bcrypt.dll
0x00007ff8b5380000 - 0x00007ff8b5498000 	C:\Windows\System32\RPCRT4.dll
0x00007ff8b69a0000 - 0x00007ff8b6a11000 	C:\Windows\System32\WS2_32.dll
0x00007ff8b3ad0000 - 0x00007ff8b3b1d000 	C:\Windows\SYSTEM32\POWRPROF.dll
0x00007ff8afa20000 - 0x00007ff8afa54000 	C:\Windows\SYSTEM32\WINMM.dll
0x00007ff8aa700000 - 0x00007ff8aa70a000 	C:\Windows\SYSTEM32\VERSION.dll
0x00007ff8b3ab0000 - 0x00007ff8b3ac3000 	C:\Windows\SYSTEM32\UMPDC.dll
0x00007ff8b2be0000 - 0x00007ff8b2bf8000 	C:\Windows\SYSTEM32\kernel.appcore.dll
0x00007ff8afcf0000 - 0x00007ff8afcfa000 	C:\Program Files\Java\jdk-23\bin\jimage.dll
0x00007ff8b1730000 - 0x00007ff8b1963000 	C:\Windows\SYSTEM32\DBGHELP.DLL
0x00007ff8b5800000 - 0x00007ff8b5b91000 	C:\Windows\System32\combase.dll
0x00007ff8b48f0000 - 0x00007ff8b49c8000 	C:\Windows\System32\OLEAUT32.dll
0x00007ff8a3960000 - 0x00007ff8a3992000 	C:\Windows\SYSTEM32\dbgcore.DLL
0x00007ff8b4340000 - 0x00007ff8b43bb000 	C:\Windows\System32\bcryptPrimitives.dll
0x00007ff892240000 - 0x00007ff89225e000 	C:\Program Files\Java\jdk-23\bin\java.dll
0x00007ff8b6530000 - 0x00007ff8b66d1000 	C:\Windows\System32\ole32.dll
0x00007ff8b5ba0000 - 0x00007ff8b643c000 	C:\Windows\System32\SHELL32.dll
0x00007ff8b43f0000 - 0x00007ff8b452f000 	C:\Windows\System32\wintypes.dll
0x00007ff8b1b00000 - 0x00007ff8b241a000 	C:\Windows\SYSTEM32\windows.storage.dll
0x00007ff8b51a0000 - 0x00007ff8b52a4000 	C:\Windows\System32\SHCORE.dll
0x00007ff8b64c0000 - 0x00007ff8b6529000 	C:\Windows\System32\shlwapi.dll
0x00007ff8b3b30000 - 0x00007ff8b3b55000 	C:\Windows\SYSTEM32\profapi.dll
0x00007ff858f10000 - 0x00007ff858fe7000 	C:\Program Files\Java\jdk-23\bin\jsvml.dll
0x00007ff8aeed0000 - 0x00007ff8aeee0000 	C:\Program Files\Java\jdk-23\bin\net.dll
0x00007ff8b30c0000 - 0x00007ff8b3129000 	C:\Windows\system32\mswsock.dll
0x00007ff88da00000 - 0x00007ff88da16000 	C:\Program Files\Java\jdk-23\bin\nio.dll
0x00007ff88d9e0000 - 0x00007ff88d9f7000 	C:\Program Files\Java\jdk-23\bin\zip.dll
0x00007ff8aea70000 - 0x00007ff8aea7a000 	C:\Program Files\Java\jdk-23\bin\management.dll
0x00007ff894ea0000 - 0x00007ff894eab000 	C:\Program Files\Java\jdk-23\bin\management_ext.dll
0x00007ff8b6a90000 - 0x00007ff8b6a98000 	C:\Windows\System32\PSAPI.DLL
0x00007ff889b70000 - 0x00007ff889b87000 	C:\Windows\system32\napinsp.dll
0x00007ff889b50000 - 0x00007ff889b6b000 	C:\Windows\system32\pnrpnsp.dll
0x00007ff8b26f0000 - 0x00007ff8b27e8000 	C:\Windows\SYSTEM32\DNSAPI.dll
0x00007ff8b2680000 - 0x00007ff8b26ad000 	C:\Windows\SYSTEM32\IPHLPAPI.DLL
0x00007ff8b4b90000 - 0x00007ff8b4b99000 	C:\Windows\System32\NSI.dll
0x00007ff889b30000 - 0x00007ff889b41000 	C:\Windows\System32\winrnr.dll
0x00007ff889b10000 - 0x00007ff889b25000 	C:\Windows\system32\wshbth.dll
0x00007ff889ae0000 - 0x00007ff889b01000 	C:\Windows\system32\nlansp_c.dll
0x00007ff8a8e40000 - 0x00007ff8a8e4a000 	C:\Windows\System32\rasadhlp.dll
0x00007ff8acf50000 - 0x00007ff8acfd4000 	C:\Windows\System32\fwpuclnt.dll

dbghelp: loaded successfully - version: 4.0.5 - missing functions: none
symbol engine: initialized successfully - sym options: 0x614 - pdb path: .;C:\Program Files\Java\jdk-23\bin;C:\Windows\SYSTEM32;C:\Windows\WinSxS\amd64_microsoft.windows.common-controls_6595b64144ccf1df_6.0.22621.6060_none_2712eda17382d24b;C:\Program Files\Java\jdk-23\bin\server

VM Arguments:
jvm_args: -Dfile.encoding=UTF-8 -Ddb2.jcc.charsetDecoderEncoder=3 
java_command: com.ibm.db2.server.DssLauncher 3000 off c:\Users\LENOVO\AppData\Roaming\Code\logs\20260403T213736\window1\exthost\IBM.db2forzosdeveloperextension -Xmx256M
java_class_path (initial): c:\Users\LENOVO\.vscode\extensions\ibm.db2forzosdeveloperextension-2.2.4\dist\dss-dist-1-SNAPSHOT.jar;;c:\Users\LENOVO\.vscode\extensions\ibm.db2forzosdeveloperextension-2.2.4\lib\db2jcc4.jar;c:\Users\LENOVO\.vscode\extensions\ibm.db2forzosdeveloperextension-2.2.4\lib\sqlj4.zip
Launcher Type: SUN_STANDARD

[Global flags]
     intx CICompilerCount                          = 4                                         {product} {ergonomic}
     uint ConcGCThreads                            = 2                                         {product} {ergonomic}
     uint G1ConcRefinementThreads                  = 8                                         {product} {ergonomic}
   size_t G1HeapRegionSize                         = 1048576                                   {product} {ergonomic}
   size_t InitialHeapSize                          = 56623104                                  {product} {ergonomic}
   size_t MarkStackSize                            = 4194304                                   {product} {ergonomic}
   size_t MarkStackSizeMax                         = 536870912                                 {product} {ergonomic}
   size_t MaxHeapSize                              = 899678208                                 {product} {ergonomic}
   size_t MaxNewSize                               = 538968064                                 {product} {ergonomic}
   size_t MinHeapDeltaBytes                        = 1048576                                   {product} {ergonomic}
   size_t MinHeapSize                              = 8388608                                   {product} {ergonomic}
    uintx NonNMethodCodeHeapSize                   = 5832704                                {pd product} {ergonomic}
    uintx NonProfiledCodeHeapSize                  = 122945536                              {pd product} {ergonomic}
    uintx ProfiledCodeHeapSize                     = 122880000                              {pd product} {ergonomic}
    uintx ReservedCodeCacheSize                    = 251658240                              {pd product} {ergonomic}
     bool SegmentedCodeCache                       = true                                      {product} {ergonomic}
   size_t SoftMaxHeapSize                          = 899678208                              {manageable} {ergonomic}
     bool UseCompressedOops                        = true                           {product lp64_product} {ergonomic}
     bool UseG1GC                                  = true                                      {product} {ergonomic}
     bool UseLargePagesIndividualAllocation        = false                                  {pd product} {ergonomic}

Logging:
Log output configuration:
 #0: stdout all=warning uptime,level,tags foldmultilines=false
 #1: stderr all=off uptime,level,tags foldmultilines=false

Environment Variables:
PATH=C:\Users\LENOVO\AppData\Local\Programs\Microsoft VS Code;C:\Program Files\Common Files\Oracle\Java\javapath;C:\Program Files\Microsoft\jdk-11.0.16.101-hotspot\bin;C:\Windows\system32;C:\Windows;C:\Windows\System32\Wbem;C:\Windows\System32\WindowsPowerShell\v1.0\;C:\Windows\System32\OpenSSH\;c:\Program Files (x86)\Microsoft SQL Server\100\Tools\Binn\;c:\Program Files\Microsoft SQL Server\100\Tools\Binn\;c:\Program Files\Microsoft SQL Server\100\DTS\Binn\;C:\Program Files (x86)\Microsoft SQL Server\160\Tools\Binn\;C:\Program Files\Microsoft SQL Server\160\Tools\Binn\;C:\Program Files\Microsoft SQL Server\Client SDK\ODBC\170\Tools\Binn\;C:\Program Files\Microsoft SQL Server\160\DTS\Binn\;C:\Program Files (x86)\Microsoft SQL Server\150\Tools\Binn\;C:\Program Files\Microsoft SQL Server\150\Tools\Binn\;C:\Program Files\Microsoft SQL Server\150\DTS\Binn\;C:\Program Files (x86)\Microsoft SQL Server\160\DTS\Binn\;C:\xampp_new\php;C:\ProgramData\ComposerSetup\bin;C:\Program Files\dotnet\;C:\Program Files (x86)\Windows Kits\10\Windows Performance Toolkit\;C:\Program Files\nodejs\;C:\Program Files\Git\cmd;C:\xampp\php;C:\Users\LENOVO\AppData\Local\Programs\Python\Python312\Scripts\;C:\Users\LENOVO\AppData\Local\Programs\Python\Python312\;C:\Users\LENOVO\AppData\Local\Microsoft\WindowsApps;C:\Users\LENOVO\AppData\Local\Programs\Microsoft VS Code\bin;C:\Users\LENOVO\AppData\Roaming\Composer\vendor\bin;C:\Users\LENOVO\.dotnet\tools;C:\flutter\bin;C:\Users\LENOVO\AppData\Roaming\npm
USERNAME=LENOVO
OS=Windows_NT
PROCESSOR_IDENTIFIER=AMD64 Family 23 Model 104 Stepping 1, AuthenticAMD
TMP=C:\Users\LENOVO\AppData\Local\Temp
TEMP=C:\Users\LENOVO\AppData\Local\Temp




Periodic native trim disabled

---------------  S Y S T E M  ---------------

OS:
 Windows 11 , 64 bit Build 22621 (10.0.22621.5415)
OS uptime: 12 days 6:20 hours

CPU: total 8 (initial active 8) (8 cores per cpu, 2 threads per core) family 23 model 104 stepping 1 microcode 0x0, cx8, cmov, fxsr, ht, mmx, 3dnowpref, sse, sse2, sse3, ssse3, sse4a, sse4.1, sse4.2, popcnt, lzcnt, tsc, tscinvbit, avx, avx2, aes, clmul, bmi1, bmi2, adx, sha, fma, vzeroupper, clflush, clflushopt, rdtscp, rdpid, f16c
Processor Information for the first 8 processors :
  Max Mhz: 2600, Current Mhz: 2600, Mhz Limit: 2600

Memory: 4k page, system-wide physical 3429M (58M free)
TotalPageFile size 14181M (AvailPageFile size 0M)
current process WorkingSet (physical memory assigned to process): 87M, peak: 87M
current process commit charge ("private bytes"): 153M, peak: 153M

vm_info: Java HotSpot(TM) 64-Bit Server VM (23+37-2369) for windows-amd64 JRE (23+37-2369), built on 2024-08-20T16:01:23Z with MS VC++ 17.6 (VS2022)

END.
