#
# There is insufficient memory for the Java Runtime Environment to continue.
# Native memory allocation (mmap) failed to map 65536 bytes. Error detail: Failed to commit metaspace.
# Possible reasons:
#   The system is out of physical RAM or swap space
#   This process is running with CompressedOops enabled, and the Java Heap may be blocking the growth of the native heap
# Possible solutions:
#   Reduce memory load on the system
#   Increase physical memory or swap space
#   Check if swap backing store is full
#   Decrease Java heap size (-Xmx/-Xms)
#   Decrease number of Java threads
#   Decrease Java thread stack sizes (-Xss)
#   Set larger code cache with -XX:ReservedCodeCacheSize=
#   JVM is running with Unscaled Compressed Oops mode in which the Java heap is
#     placed in the first 4GB address space. The Java Heap base address is the
#     maximum limit for the native heap growth. Please use -XX:HeapBaseMinAddress
#     to set the Java Heap base and to place the Java Heap above 4GB virtual address.
# This output file may be truncated or incomplete.
#
#  Out of Memory Error (virtualSpaceNode.cpp:113), pid=23804, tid=11684
#
# JRE version: Java(TM) SE Runtime Environment (23.0+37) (build 23+37-2369)
# Java VM: Java HotSpot(TM) 64-Bit Server VM (23+37-2369, mixed mode, sharing, tiered, compressed oops, compressed class ptrs, g1 gc, windows-amd64)
# No core dump will be written. Minidumps are not enabled by default on client versions of Windows
#

---------------  S U M M A R Y ------------

Command Line: -Dfile.encoding=UTF-8 -Ddb2.jcc.charsetDecoderEncoder=3 com.ibm.db2.server.DssLauncher 3000 off c:\Users\LENOVO\AppData\Roaming\Code\logs\20260523T160726\window1\exthost\IBM.db2forzosdeveloperextension -Xmx256M

Host: AMD Ryzen 3 5300U with Radeon Graphics         , 8 cores, 3G,  Windows 11 , 64 bit Build 22621 (10.0.22621.5415)
Time: Sat May 23 22:33:41 2026 Afr. centrale Ouest elapsed time: 2.509470 seconds (0d 0h 0m 2s)

---------------  T H R E A D  ---------------

Current thread (0x000001c9bedd0bc0):  JavaThread "main"             [_thread_in_vm, id=11684, stack(0x000000aa8ab00000,0x000000aa8ac00000) (1024K)]

Stack: [0x000000aa8ab00000,0x000000aa8ac00000]
Native frames: (J=compiled Java code, j=interpreted, Vv=VM code, C=native code)
V  [jvm.dll+0x6e08a9]  (no source info available)
V  [jvm.dll+0x87da63]  (no source info available)
V  [jvm.dll+0x87feee]  (no source info available)
V  [jvm.dll+0x8805c3]  (no source info available)
V  [jvm.dll+0x27aee6]  (no source info available)
V  [jvm.dll+0x87966e]  (no source info available)
V  [jvm.dll+0x682025]  (no source info available)
V  [jvm.dll+0x1e09dc]  (no source info available)
V  [jvm.dll+0x1e07ae]  (no source info available)
V  [jvm.dll+0x684978]  (no source info available)
V  [jvm.dll+0x2219dc]  (no source info available)
V  [jvm.dll+0x682a3e]  (no source info available)
V  [jvm.dll+0x266407]  (no source info available)
V  [jvm.dll+0x20dd18]  (no source info available)
V  [jvm.dll+0x2129e0]  (no source info available)
V  [jvm.dll+0x20811e]  (no source info available)
V  [jvm.dll+0x5be6df]  (no source info available)
V  [jvm.dll+0x7f3a66]  (no source info available)
V  [jvm.dll+0x475cf6]  (no source info available)
V  [jvm.dll+0x47bb98]  (no source info available)
C  [java.dll+0x17d4]  (no source info available)
C  0x000001c9d13b8dfc  (no source info available)

The last pc belongs to native nmethod (printed below).
Java frames: (J=compiled Java code, j=interpreted, Vv=VM code)
J 590  java.lang.ClassLoader.defineClass1(Ljava/lang/ClassLoader;Ljava/lang/String;[BIILjava/security/ProtectionDomain;Ljava/lang/String;)Ljava/lang/Class; java.base@23 (0 bytes) @ 0x000001c9d13b8d61 [0x000001c9d13b8ca0+0x00000000000000c1]
J 836 c1 java.lang.ClassLoader.defineClass(Ljava/lang/String;[BIILjava/security/ProtectionDomain;)Ljava/lang/Class; java.base@23 (43 bytes) @ 0x000001c9c99dfc4c [0x000001c9c99df900+0x000000000000034c]
J 843 c1 java.security.SecureClassLoader.defineClass(Ljava/lang/String;[BIILjava/security/CodeSource;)Ljava/lang/Class; java.base@23 (16 bytes) @ 0x000001c9c99e421c [0x000001c9c99e4140+0x00000000000000dc]
J 788 c1 jdk.internal.loader.BuiltinClassLoader.defineClass(Ljava/lang/String;Ljdk/internal/loader/Resource;)Ljava/lang/Class; java.base@23 (121 bytes) @ 0x000001c9c99c9784 [0x000001c9c99c83e0+0x00000000000013a4]
J 665 c1 jdk.internal.loader.BuiltinClassLoader.findClassOnClassPathOrNull(Ljava/lang/String;)Ljava/lang/Class; java.base@23 (64 bytes) @ 0x000001c9c9990f94 [0x000001c9c9990300+0x0000000000000c94]
J 480 c1 jdk.internal.loader.BuiltinClassLoader.loadClassOrNull(Ljava/lang/String;Z)Ljava/lang/Class; java.base@23 (143 bytes) @ 0x000001c9c9952704 [0x000001c9c9951ce0+0x0000000000000a24]
J 603 c1 jdk.internal.loader.ClassLoaders$AppClassLoader.loadClass(Ljava/lang/String;Z)Ljava/lang/Class; java.base@23 (40 bytes) @ 0x000001c9c9976944 [0x000001c9c9976760+0x00000000000001e4]
J 593 c1 java.lang.ClassLoader.loadClass(Ljava/lang/String;)Ljava/lang/Class; java.base@23 (7 bytes) @ 0x000001c9c99728b4 [0x000001c9c99727a0+0x0000000000000114]
v  ~StubRoutines::call_stub 0x000001c9d0e00fcd
J 590  java.lang.ClassLoader.defineClass1(Ljava/lang/ClassLoader;Ljava/lang/String;[BIILjava/security/ProtectionDomain;Ljava/lang/String;)Ljava/lang/Class; java.base@23 (0 bytes) @ 0x000001c9d13b8d61 [0x000001c9d13b8ca0+0x00000000000000c1]
J 836 c1 java.lang.ClassLoader.defineClass(Ljava/lang/String;[BIILjava/security/ProtectionDomain;)Ljava/lang/Class; java.base@23 (43 bytes) @ 0x000001c9c99dfc4c [0x000001c9c99df900+0x000000000000034c]
J 843 c1 java.security.SecureClassLoader.defineClass(Ljava/lang/String;[BIILjava/security/CodeSource;)Ljava/lang/Class; java.base@23 (16 bytes) @ 0x000001c9c99e421c [0x000001c9c99e4140+0x00000000000000dc]
J 788 c1 jdk.internal.loader.BuiltinClassLoader.defineClass(Ljava/lang/String;Ljdk/internal/loader/Resource;)Ljava/lang/Class; java.base@23 (121 bytes) @ 0x000001c9c99c9784 [0x000001c9c99c83e0+0x00000000000013a4]
J 665 c1 jdk.internal.loader.BuiltinClassLoader.findClassOnClassPathOrNull(Ljava/lang/String;)Ljava/lang/Class; java.base@23 (64 bytes) @ 0x000001c9c9990f94 [0x000001c9c9990300+0x0000000000000c94]
J 480 c1 jdk.internal.loader.BuiltinClassLoader.loadClassOrNull(Ljava/lang/String;Z)Ljava/lang/Class; java.base@23 (143 bytes) @ 0x000001c9c9952704 [0x000001c9c9951ce0+0x0000000000000a24]
J 603 c1 jdk.internal.loader.ClassLoaders$AppClassLoader.loadClass(Ljava/lang/String;Z)Ljava/lang/Class; java.base@23 (40 bytes) @ 0x000001c9c9976944 [0x000001c9c9976760+0x00000000000001e4]
J 593 c1 java.lang.ClassLoader.loadClass(Ljava/lang/String;)Ljava/lang/Class; java.base@23 (7 bytes) @ 0x000001c9c99728b4 [0x000001c9c99727a0+0x0000000000000114]
v  ~StubRoutines::call_stub 0x000001c9d0e00fcd
j  org.apache.logging.log4j.core.util.datetime.FixedDateFormat$FixedFormat.getFastDateFormat(Ljava/util/TimeZone;)Lorg/apache/logging/log4j/core/util/datetime/FastDateFormat;+16
j  org.apache.logging.log4j.core.util.datetime.FixedDateFormat.<init>(Lorg/apache/logging/log4j/core/util/datetime/FixedDateFormat$FixedFormat;Ljava/util/TimeZone;I)V+99
j  org.apache.logging.log4j.core.util.datetime.FixedDateFormat.<init>(Lorg/apache/logging/log4j/core/util/datetime/FixedDateFormat$FixedFormat;Ljava/util/TimeZone;)V+7
j  org.apache.logging.log4j.core.util.datetime.FixedDateFormat.createIfSupported([Ljava/lang/String;)Lorg/apache/logging/log4j/core/util/datetime/FixedDateFormat;+134
j  org.apache.logging.log4j.core.pattern.DatePatternConverter.createFormatter([Ljava/lang/String;)Lorg/apache/logging/log4j/core/pattern/DatePatternConverter$Formatter;+1
j  org.apache.logging.log4j.core.pattern.DatePatternConverter.<init>([Ljava/lang/String;)V+54
j  org.apache.logging.log4j.core.pattern.DatePatternConverter.newInstance([Ljava/lang/String;)Lorg/apache/logging/log4j/core/pattern/DatePatternConverter;+5
j  java.lang.invoke.DirectMethodHandle$Holder.invokeStatic(Ljava/lang/Object;Ljava/lang/Object;)Ljava/lang/Object;+10 java.base@23
j  java.lang.invoke.LambdaForm$MH+0x000001c9de0b1c00.invoke(Ljava/lang/Object;Ljava/lang/Object;Ljava/lang/Object;)Ljava/lang/Object;+33 java.base@23
j  java.lang.invoke.Invokers$Holder.invokeExact_MT(Ljava/lang/Object;Ljava/lang/Object;Ljava/lang/Object;Ljava/lang/Object;)Ljava/lang/Object;+20 java.base@23
j  jdk.internal.reflect.DirectMethodHandleAccessor.invokeImpl(Ljava/lang/Object;[Ljava/lang/Object;)Ljava/lang/Object;+55 java.base@23
j  jdk.internal.reflect.DirectMethodHandleAccessor.invoke(Ljava/lang/Object;[Ljava/lang/Object;)Ljava/lang/Object;+23 java.base@23
j  java.lang.reflect.Method.invoke(Ljava/lang/Object;[Ljava/lang/Object;)Ljava/lang/Object;+102 java.base@23
j  org.apache.logging.log4j.core.pattern.PatternParser.createConverter(Ljava/lang/String;Ljava/lang/StringBuilder;Ljava/util/Map;Ljava/util/List;ZZ)Lorg/apache/logging/log4j/core/pattern/PatternConverter;+592
j  org.apache.logging.log4j.core.pattern.PatternParser.finalizeConverter(CLjava/lang/String;ILjava/lang/StringBuilder;Lorg/apache/logging/log4j/core/pattern/FormattingInfo;Ljava/util/Map;Ljava/util/List;Ljava/util/List;ZZZ)I+64
j  org.apache.logging.log4j.core.pattern.PatternParser.parse(Ljava/lang/String;Ljava/util/List;Ljava/util/List;ZZZ)V+428
j  org.apache.logging.log4j.core.pattern.PatternParser.parse(Ljava/lang/String;ZZZ)Ljava/util/List;+37
j  org.apache.logging.log4j.core.layout.PatternLayout$SerializerBuilder.build()Lorg/apache/logging/log4j/core/layout/AbstractStringLayout$Serializer;+68
j  org.apache.logging.log4j.core.layout.PatternLayout.<init>(Lorg/apache/logging/log4j/core/config/Configuration;Lorg/apache/logging/log4j/core/pattern/RegexReplacement;Ljava/lang/String;Lorg/apache/logging/log4j/core/layout/PatternSelector;Ljava/nio/charset/Charset;ZZZLjava/lang/String;Ljava/lang/String;)V+137
j  org.apache.logging.log4j.core.layout.PatternLayout.<init>(Lorg/apache/logging/log4j/core/config/Configuration;Lorg/apache/logging/log4j/core/pattern/RegexReplacement;Ljava/lang/String;Lorg/apache/logging/log4j/core/layout/PatternSelector;Ljava/nio/charset/Charset;ZZZLjava/lang/String;Ljava/lang/String;Lorg/apache/logging/log4j/core/layout/PatternLayout$1;)V+18
j  org.apache.logging.log4j.core.layout.PatternLayout$Builder.build()Lorg/apache/logging/log4j/core/layout/PatternLayout;+63
j  org.apache.logging.log4j.core.layout.PatternLayout$Builder.build()Ljava/lang/Object;+1
j  org.apache.logging.log4j.core.config.plugins.util.PluginBuilder.build()Ljava/lang/Object;+49
j  org.apache.logging.log4j.core.config.AbstractConfiguration.createPluginObject(Lorg/apache/logging/log4j/core/config/plugins/util/PluginType;Lorg/apache/logging/log4j/core/config/Node;Lorg/apache/logging/log4j/core/LogEvent;)Ljava/lang/Object;+99
j  org.apache.logging.log4j.core.config.AbstractConfiguration.createConfiguration(Lorg/apache/logging/log4j/core/config/Node;Lorg/apache/logging/log4j/core/LogEvent;)V+107
j  org.apache.logging.log4j.core.config.AbstractConfiguration.createConfiguration(Lorg/apache/logging/log4j/core/config/Node;Lorg/apache/logging/log4j/core/LogEvent;)V+67
j  org.apache.logging.log4j.core.config.AbstractConfiguration.createConfiguration(Lorg/apache/logging/log4j/core/config/Node;Lorg/apache/logging/log4j/core/LogEvent;)V+67
j  org.apache.logging.log4j.core.config.AbstractConfiguration.doConfigure()V+255
j  org.apache.logging.log4j.core.config.AbstractConfiguration.initialize()V+212
j  org.apache.logging.log4j.core.config.builder.impl.DefaultConfigurationBuilder.build(Z)Lorg/apache/logging/log4j/core/config/builder/impl/BuiltConfiguration;+266
j  org.apache.logging.log4j.core.config.builder.impl.DefaultConfigurationBuilder.build()Lorg/apache/logging/log4j/core/config/builder/impl/BuiltConfiguration;+2
j  org.apache.logging.log4j.core.config.builder.impl.DefaultConfigurationBuilder.build()Ljava/lang/Object;+1
j  com.ibm.db2.util.Logger.initialize(Lorg/apache/logging/log4j/Level;Ljava/lang/String;)V+519
j  com.ibm.db2.server.DssLauncher.main([Ljava/lang/String;)V+28
v  ~StubRoutines::call_stub 0x000001c9d0e00fcd
Lock stack of current Java thread (top to bottom):
LockStack[1]: java.lang.Object 
{0x00000000ccbc6aa8} - klass: 'java/lang/Object'
 - ---- fields (total size 2 words):
LockStack[0]: java.lang.Object 
{0x00000000ccbbb260} - klass: 'java/lang/Object'
 - ---- fields (total size 2 words):


Compiled method (n/a) 2725  590     n 0       java.lang.ClassLoader::defineClass1 (native)
 total in heap  [0x000001c9d13b8b88,0x000001c9d13b9140] = 1464
 relocation     [0x000001c9d13b8c60,0x000001c9d13b8c98] = 56
 main code      [0x000001c9d13b8ca0,0x000001c9d13b913f] = 1183
 stub code      [0x000001c9d13b913f,0x000001c9d13b9140] = 1

[Constant Pool (empty)]

[MachCode]
[Entry Point]
  # {method} {0x000001c9dd478b68} 'defineClass1' '(Ljava/lang/ClassLoader;Ljava/lang/String;[BIILjava/security/ProtectionDomain;Ljava/lang/String;)Ljava/lang/Class;' in 'java/lang/ClassLoader'
  # parm0:    rdx:rdx   = 'java/lang/ClassLoader'
  # parm1:    r8:r8     = 'java/lang/String'
  # parm2:    r9:r9     = '[B'
  # parm3:    rdi       = int
  # parm4:    rsi       = int
  # parm5:    rcx:rcx   = 'java/security/ProtectionDomain'
  # parm6:    [sp+0xa0]   = 'java/lang/String'  (sp of caller)
  0x000001c9d13b8ca0: 6690 448b | 5208 443b 

  0x000001c9d13b8ca8: ;   {runtime_call ic_miss_stub}
  0x000001c9d13b8ca8: 5008 0f85 | 3058 a9ff 
[Verified Entry Point]
  0x000001c9d13b8cb0: 8984 2400 | 80ff ff55 | 488b ec48 | 81ec 9000 | 0000 6690 | 4181 7f20 | 0100 0000 

  0x000001c9d13b8ccc: ;   {runtime_call StubRoutines (final stubs)}
  0x000001c9d13b8ccc: 7405 e86d | eaa7 ff48 | 837d 1000 | 488d 4510 | 480f 4445 | 1048 8944 | 2440 4889 | 4c24 7048 
  0x000001c9d13b8cec: 83f9 0048 | 8d44 2470 | 480f 4444 | 2470 4889 | 4424 3848 | 8974 2430 | 4889 7c24 | 284c 894c 
  0x000001c9d13b8d0c: 2458 4983 | f900 488d | 4424 5848 | 0f44 4424 | 5848 8944 | 2420 4c89 | 4424 5049 | 83f8 004c 
  0x000001c9d13b8d2c: 8d4c 2450 | 4c0f 444c | 2450 4889 | 5424 4848 | 83fa 004c | 8d44 2448 | 4c0f 4444 

  0x000001c9d13b8d48: ;   {oop(a 'java/lang/Class'{0x00000000cdb01478} = 'java/lang/ClassLoader')}
  0x000001c9d13b8d48: 2448 49be | 7814 b0cd | 0000 0000 | 4c89 7424 | 784c 8d74 | 2478 498b | d6c5 f877 

  0x000001c9d13b8d64: ;   {internal_word}
  0x000001c9d13b8d64: 49ba 618d | 3bd1 c901 | 0000 4d89 | 97a8 0300 | 0049 89a7 | a003 0000 

  0x000001c9d13b8d7c: ;   {external_word}
  0x000001c9d13b8d7c: 49ba 41ad | a6c5 f87f | 0000 4180 | 3a00 0f84 | 4e00 0000 | 5241 5041 

  0x000001c9d13b8d94: ;   {metadata({method} {0x000001c9dd478b68} 'defineClass1' '(Ljava/lang/ClassLoader;Ljava/lang/String;[BIILjava/security/ProtectionDomain;Ljava/lang/String;)Ljava/lang/Class;' in 'java/lang/ClassLoader')}
  0x000001c9d13b8d94: 5148 ba60 | 8b47 ddc9 | 0100 0049 | 8bcf 4883 | ec20 40f6 | c40f 0f84 | 1900 0000 | 4883 ec08 
  0x000001c9d13b8db4: ;   {runtime_call}
  0x000001c9d13b8db4: 48b8 00ee | 56c5 f87f | 0000 ffd0 | 4883 c408 | e90c 0000 

  0x000001c9d13b8dc8: ;   {runtime_call}
  0x000001c9d13b8dc8: 0048 b800 | ee56 c5f8 | 7f00 00ff | d048 83c4 | 2041 5941 | 585a 498d | 8fc0 0300 | 0041 c787 
  0x000001c9d13b8de8: 4404 0000 | 0400 0000 

  0x000001c9d13b8df0: ;   {runtime_call}
  0x000001c9d13b8df0: 48b8 9416 | 6744 f97f | 0000 ffd0 | c5f8 7741 | c787 4404 | 0000 0500 | 0000 f083 | 4424 c000 
  0x000001c9d13b8e10: 493b af48 | 0400 000f | 870e 0000 | 0041 83bf | 4004 0000 | 000f 842b | 0000 00c5 | f877 4889 
  0x000001c9d13b8e30: 45f8 498b | cf4c 8be4 | 4883 ec20 | 4883 e4f0 

  0x000001c9d13b8e40: ;   {runtime_call}
  0x000001c9d13b8e40: 48b8 90a9 | 20c5 f87f | 0000 ffd0 | 498b e44d | 33e4 488b | 45f8 41c7 | 8744 0400 | 0008 0000 
  0x000001c9d13b8e60: 0041 83bf | c804 0000 | 020f 84a3 

  0x000001c9d13b8e6c: ;   {external_word}
  0x000001c9d13b8e6c: 0200 0049 | ba41 ada6 | c5f8 7f00 | 0041 803a | 000f 844c | 0000 0048 

  0x000001c9d13b8e84: ;   {metadata({method} {0x000001c9dd478b68} 'defineClass1' '(Ljava/lang/ClassLoader;Ljava/lang/String;[BIILjava/security/ProtectionDomain;Ljava/lang/String;)Ljava/lang/Class;' in 'java/lang/ClassLoader')}
  0x000001c9d13b8e84: 8945 f848 | ba60 8b47 | ddc9 0100 | 0049 8bcf | 4883 ec20 | 40f6 c40f | 0f84 1900 | 0000 4883 
  0x000001c9d13b8ea4: ;   {runtime_call}
  0x000001c9d13b8ea4: ec08 48b8 | 00ee 56c5 | f87f 0000 | ffd0 4883 | c408 e90c 

  0x000001c9d13b8eb8: ;   {runtime_call}
  0x000001c9d13b8eb8: 0000 0048 | b800 ee56 | c5f8 7f00 | 00ff d048 | 83c4 2048 | 8b45 f849 | c787 a003 | 0000 0000 
  0x000001c9d13b8ed8: 0000 49c7 | 87a8 0300 | 0000 0000 | 00c5 f877 | 4885 c00f | 84fe 0100 | 00a8 030f | 8508 0000 
  0x000001c9d13b8ef8: 0048 8b00 | e9ee 0100 | 00a8 010f | 8509 0000 | 0048 8b40 | fee9 dd01 | 0000 488b | 40ff 4180 
  0x000001c9d13b8f18: 7f38 000f | 84ce 0100 | 0048 83f8 | 000f 84c4 | 0100 0049 | 8b4f 2848 | 83f9 000f | 8414 0000 
  0x000001c9d13b8f38: 0048 83e9 | 0849 894f | 2849 034f | 3048 8901 | e9a2 0100 | 0048 81ec | d000 0000 | 4889 0424 
  0x000001c9d13b8f58: 4889 4c24 | 0848 8954 | 2410 4889 | 7424 1848 | 897c 2420 | 4c89 4424 | 284c 894c | 2430 4c89 
  0x000001c9d13b8f78: 5424 384c | 895c 2440 | c5fb 1144 | 2450 c5fb | 114c 2458 | c5fb 1154 | 2460 c5fb | 115c 2468 
  0x000001c9d13b8f98: c5fb 1164 | 2470 c5fb | 116c 2478 | c5fb 11b4 | 2480 0000 | 00c5 fb11 | bc24 8800 | 0000 c57b 
  0x000001c9d13b8fb8: ;   {no_reloc}
  0x000001c9d13b8fb8: 1184 2490 | 0000 00c5 | 7b11 8c24 | 9800 0000 | c57b 1194 | 24a0 0000 | 00c5 7b11 | 9c24 a800 
  0x000001c9d13b8fd8: 0000 c57b | 11a4 24b0 | 0000 00c5 | 7b11 ac24 | b800 0000 | c57b 11b4 | 24c0 0000 | 00c5 7b11 
  0x000001c9d13b8ff8: bc24 c800 | 0000 498b | d748 8bc8 | 4883 ec20 | 40f6 c40f | 0f84 1900 | 0000 4883 

  0x000001c9d13b9014: ;   {runtime_call}
  0x000001c9d13b9014: ec08 48b8 | e007 14c5 | f87f 0000 | ffd0 4883 | c408 e90c 

  0x000001c9d13b9028: ;   {runtime_call}
  0x000001c9d13b9028: 0000 0048 | b8e0 0714 | c5f8 7f00 | 00ff d048 | 83c4 20c5 | 7b10 bc24 | c800 0000 | c57b 10b4 
  0x000001c9d13b9048: 24c0 0000 | 00c5 7b10 | ac24 b800 | 0000 c57b | 10a4 24b0 | 0000 00c5 | 7b10 9c24 | a800 0000 
  0x000001c9d13b9068: c57b 1094 | 24a0 0000 | 00c5 7b10 | 8c24 9800 | 0000 c57b | 1084 2490 | 0000 00c5 | fb10 bc24 
  0x000001c9d13b9088: 8800 0000 | c5fb 10b4 | 2480 0000 | 00c5 fb10 | 6c24 78c5 | fb10 6424 | 70c5 fb10 | 5c24 68c5 
  0x000001c9d13b90a8: fb10 5424 | 60c5 fb10 | 4c24 58c5 | fb10 4424 | 504c 8b5c | 2440 4c8b | 5424 384c | 8b4c 2430 
  0x000001c9d13b90c8: 4c8b 4424 | 2848 8b7c | 2420 488b | 7424 1848 | 8b54 2410 | 488b 4c24 | 0848 8b04 | 2448 81c4 
  0x000001c9d13b90e8: d000 0000 | c5f8 7749 | 8b8f 3004 | 0000 c781 | 0001 0000 | 0000 0000 | c949 837f | 0800 0f85 
  0x000001c9d13b9108: 0100 0000 

  0x000001c9d13b910c: ;   {runtime_call StubRoutines (initial stubs)}
  0x000001c9d13b910c: c3e9 ae7d | a4ff c5f8 | 7748 8945 | f84c 8be4 | 4883 ec20 | 4883 e4f0 

  0x000001c9d13b9124: ;   {runtime_call}
  0x000001c9d13b9124: 48b8 b022 | 57c5 f87f | 0000 ffd0 | 498b e44d | 33e4 488b | 45f8 e930 | fdff fff4 
[/MachCode]


Compiled method (c1) 2745  836       3       java.lang.ClassLoader::defineClass (43 bytes)
 total in heap  [0x000001c9c99df788,0x000001c9c99dfe48] = 1728
 relocation     [0x000001c9c99df860,0x000001c9c99df900] = 160
 main code      [0x000001c9c99df900,0x000001c9c99dfd90] = 1168
 stub code      [0x000001c9c99dfd90,0x000001c9c99dfe08] = 120
 metadata       [0x000001c9c99dfe08,0x000001c9c99dfe48] = 64
 immutable data [0x000001c9dcb4bf90,0x000001c9dcb4c1a0] = 528
 dependencies   [0x000001c9dcb4bf90,0x000001c9dcb4bfa8] = 24
 nul chk table  [0x000001c9dcb4bfa8,0x000001c9dcb4bfd0] = 40
 scopes pcs     [0x000001c9dcb4bfd0,0x000001c9dcb4c0b0] = 224
 scopes data    [0x000001c9dcb4c0b0,0x000001c9dcb4c1a0] = 240

[Constant Pool (empty)]

[MachCode]
[Instructions begin]
  0x000001c9c99df900: 660f 1f84 | 0000 0000 | 0066 0f1f | 8400 0000 | 0000 448b | 5208 443b 

  0x000001c9c99df918: ;   {runtime_call ic_miss_stub}
  0x000001c9c99df918: 5008 0f85 | c0eb 4607 
[Verified Entry Point]
  0x000001c9c99df920: 8984 2400 | 80ff ff55 | 4881 ecb0 | 0000 0090 | 4181 7f20 | 0100 0000 

  0x000001c9c99df938: ;   {runtime_call StubRoutines (final stubs)}
  0x000001c9c99df938: 7405 e801 | 7e45 0748 | 8954 2478 

  0x000001c9c99df944: ;   {metadata(method data for {method} {0x000001c9dd478ee8} 'defineClass' '(Ljava/lang/String;[BIILjava/security/ProtectionDomain;)Ljava/lang/Class;' in 'java/lang/ClassLoader')}
  0x000001c9c99df944: 48bb 980a | 181e ca01 | 0000 8b83 | cc00 0000 | 83c0 0289 | 83cc 0000 | 0025 fe07 | 0000 85c0 
  0x000001c9c99df964: 0f84 4803 | 0000 89b4 | 2494 0000 | 0089 bc24 | 9000 0000 | 4c89 8c24 | 8800 0000 

  0x000001c9c99df980: ;   {metadata(method data for {method} {0x000001c9dd478ee8} 'defineClass' '(Ljava/lang/String;[BIILjava/security/ProtectionDomain;)Ljava/lang/Class;' in 'java/lang/ClassLoader')}
  0x000001c9c99df980: 488b da48 | b898 0a18 | 1eca 0100 | 0048 8380 | 1801 0000 | 0149 8bd8 | 4c8b c34c | 8bc9 488b 
  0x000001c9c99df9a0: ca48 8bd1 | 4889 9c24 | 8000 0000 

  0x000001c9c99df9ac: ;   {optimized virtual_call}
  0x000001c9c99df9ac: 6666 90e8 

  0x000001c9c99df9b0: ; ImmutableOopMap {[120]=Oop [128]=Oop [136]=Oop }
                      ;*invokevirtual preDefineClass {reexecute=0 rethrow=0 return_oop=0}
                      ; - java.lang.ClassLoader::defineClass@4 (line 1024)
  0x000001c9c99df9b0: 6c55 ffff 

  0x000001c9c99df9b4: ;   {other}
  0x000001c9c99df9b4: 0f1f 8400 | 2c02 0000 | 4889 8424 | 9800 0000 | 488b 5424 

  0x000001c9c99df9c8: ;   {metadata(method data for {method} {0x000001c9dd478ee8} 'defineClass' '(Ljava/lang/String;[BIILjava/security/ProtectionDomain;)Ljava/lang/Class;' in 'java/lang/ClassLoader')}
  0x000001c9c99df9c8: 7849 b898 | 0a18 1eca | 0100 0049 | 8380 4801 

  0x000001c9c99df9d8: ;   {metadata(method data for {method} {0x000001c9dd478bd0} 'defineClassSourceLocation' '(Ljava/security/ProtectionDomain;)Ljava/lang/String;' in 'java/lang/ClassLoader')}
  0x000001c9c99df9d8: 0000 0149 | b890 cc17 | 1eca 0100 | 0041 8b90 | cc00 0000 | 83c2 0241 | 8990 cc00 | 0000 81e2 
  0x000001c9c99df9f8: feff 1f00 | 85d2 0f84 | cf02 0000 

  0x000001c9c99dfa04: ; implicit exception: dispatches to 0x000001c9c99dfcf4
  0x000001c9c99dfa04: 483b 004c 

  0x000001c9c99dfa08: ;   {metadata(method data for {method} {0x000001c9dd478bd0} 'defineClassSourceLocation' '(Ljava/security/ProtectionDomain;)Ljava/lang/String;' in 'java/lang/ClassLoader')}
  0x000001c9c99dfa08: 8bc0 48ba | 90cc 171e | ca01 0000 | 4883 8218 | 0100 0001 | 448b 4010 

  0x000001c9c99dfa20: ;   {metadata(method data for {method} {0x000001c9dd478bd0} 'defineClassSourceLocation' '(Ljava/security/ProtectionDomain;)Ljava/lang/String;' in 'java/lang/ClassLoader')}
  0x000001c9c99dfa20: 4d85 c048 | ba90 cc17 | 1eca 0100 | 00be 5801 | 0000 7505 | be48 0100 | 0048 8b3c | 3248 8d7f 
  0x000001c9c99dfa40: 0148 893c | 320f 850f 

  0x000001c9c99dfa48: ;   {oop(nullptr)}
  0x000001c9c99dfa48: 0000 0048 | bb00 0000 | 0000 0000 | 00e9 9d01 | 0000 493b | 0049 8bd0 

  0x000001c9c99dfa60: ;   {metadata(method data for {method} {0x000001c9dd478bd0} 'defineClassSourceLocation' '(Ljava/security/ProtectionDomain;)Ljava/lang/String;' in 'java/lang/ClassLoader')}
  0x000001c9c99dfa60: 48be 90cc | 171e ca01 | 0000 4883 | 8668 0100 | 0001 418b | 500c 4885 

  0x000001c9c99dfa78: ;   {metadata(method data for {method} {0x000001c9dd478bd0} 'defineClassSourceLocation' '(Ljava/security/ProtectionDomain;)Ljava/lang/String;' in 'java/lang/ClassLoader')}
  0x000001c9c99dfa78: d248 be90 | cc17 1eca | 0100 00bf | a801 0000 | 7505 bf98 | 0100 0048 | 8b1c 3e48 | 8d5b 0148 
  0x000001c9c99dfa98: 891c 3e0f | 850f 0000 

  0x000001c9c99dfaa0: ;   {oop(nullptr)}
  0x000001c9c99dfaa0: 0048 bb00 | 0000 0000 | 0000 00e9 | 4701 0000 

  0x000001c9c99dfab0: ;   {metadata(method data for {method} {0x000001c9dd478bd0} 'defineClassSourceLocation' '(Ljava/security/ProtectionDomain;)Ljava/lang/String;' in 'java/lang/ClassLoader')}
  0x000001c9c99dfab0: 48be 90cc | 171e ca01 | 0000 4883 | 86b8 0100 | 0001 483b | 024c 8bc2 

  0x000001c9c99dfac8: ;   {metadata(method data for {method} {0x000001c9dd478bd0} 'defineClassSourceLocation' '(Ljava/security/ProtectionDomain;)Ljava/lang/String;' in 'java/lang/ClassLoader')}
  0x000001c9c99dfac8: 48be 90cc | 171e ca01 | 0000 4883 | 86e8 0100 

  0x000001c9c99dfad8: ;   {metadata(method data for {method} {0x000001c9dd17d7f0} 'toString' '()Ljava/lang/String;' in 'java/net/URL')}
  0x000001c9c99dfad8: 0001 49b8 | f8bf 161e | ca01 0000 | 418b b0cc | 0000 0083 | c602 4189 | b0cc 0000 | 0081 e6fe 
  0x000001c9c99dfaf8: ff1f 0085 | f60f 8400 | 0200 004c 

  0x000001c9c99dfb04: ;   {metadata(method data for {method} {0x000001c9dd17d7f0} 'toString' '()Ljava/lang/String;' in 'java/net/URL')}
  0x000001c9c99dfb04: 8bc2 48be | f8bf 161e | ca01 0000 | 4883 8618 | 0100 0001 

  0x000001c9c99dfb18: ;   {metadata(method data for {method} {0x000001c9dd4719b8} 'toExternalForm' '()Ljava/lang/String;' in 'java/net/URL')}
  0x000001c9c99dfb18: 49b8 80c1 | 161e ca01 | 0000 418b | b0cc 0000 | 0083 c602 | 4189 b0cc | 0000 0081 | e6fe ff1f 
  0x000001c9c99dfb38: 0085 f60f | 84e3 0100 | 008b 7238 

  0x000001c9c99dfb44: ; implicit exception: dispatches to 0x000001c9c99dfd45
  0x000001c9c99dfb44: 483b 064c 

  0x000001c9c99dfb48: ;   {metadata(method data for {method} {0x000001c9dd4719b8} 'toExternalForm' '()Ljava/lang/String;' in 'java/net/URL')}
  0x000001c9c99dfb48: 8bc6 48bf | 80c1 161e | ca01 0000 | 458b 4008 | 49ba 0000 | 00dd c901 | 0000 4d03 | c24c 3b87 
  0x000001c9c99dfb68: 2001 0000 | 750d 4883 | 8728 0100 | 0001 e960 | 0000 004c | 3b87 3001 | 0000 750d | 4883 8738 
  0x000001c9c99dfb88: 0100 0001 | e94a 0000 | 0048 83bf | 2001 0000 | 0075 174c | 8987 2001 | 0000 48c7 | 8728 0100 
  0x000001c9c99dfba8: 0001 0000 | 00e9 2900 | 0000 4883 | bf30 0100 | 0000 7517 | 4c89 8730 | 0100 0048 | c787 3801 
  0x000001c9c99dfbc8: 0000 0100 | 0000 e908 | 0000 0048 | 8387 1801 | 0000 014c | 8bc2 488b | d666 0f1f 

  0x000001c9c99dfbe4: ;   {optimized virtual_call}
  0x000001c9c99dfbe4: 4400 00e8 

  0x000001c9c99dfbe8: ; ImmutableOopMap {[120]=Oop [128]=Oop [136]=Oop [152]=Oop }
                      ;*invokevirtual toExternalForm {reexecute=0 rethrow=0 return_oop=0}
                      ; - java.net.URL::toExternalForm@5 (line 1203)
                      ; - java.net.URL::toString@1 (line 1189)
                      ; - java.lang.ClassLoader::defineClassSourceLocation@22 (line 928)
                      ; - java.lang.ClassLoader::defineClass@12 (line 1025)
  0x000001c9c99dfbe8: 3435 ffff 

  0x000001c9c99dfbec: ;   {other}
  0x000001c9c99dfbec: 0f1f 8400 | 6404 0001 | 488b d848 | 8b84 2498 | 0000 008b | b424 9400 | 0000 8bbc | 2490 0000 
  0x000001c9c99dfc0c: 004c 8b8c | 2488 0000 | 004c 8b84 | 2480 0000 | 0048 8b54 

  0x000001c9c99dfc20: ;   {metadata(method data for {method} {0x000001c9dd478ee8} 'defineClass' '(Ljava/lang/String;[BIILjava/security/ProtectionDomain;)Ljava/lang/Class;' in 'java/lang/ClassLoader')}
  0x000001c9c99dfc20: 2478 48b9 | 980a 181e | ca01 0000 | 4883 8178 | 0100 0001 | 4c8b da49 | 8bd3 488b | c848 891c 
  0x000001c9c99dfc40: 2466 0f1f 

  0x000001c9c99dfc44: ;   {static_call}
  0x000001c9c99dfc44: 4400 00e8 

  0x000001c9c99dfc48: ; ImmutableOopMap {[120]=Oop [152]=Oop }
                      ;*invokestatic defineClass1 {reexecute=0 rethrow=0 return_oop=0}
                      ; - java.lang.ClassLoader::defineClass@27 (line 1026)
  0x000001c9c99dfc48: 6490 9d07 

  0x000001c9c99dfc4c: ;   {other}
  0x000001c9c99dfc4c: 0f1f 8400 | c404 0002 | 488b 5424 

  0x000001c9c99dfc58: ;   {metadata(method data for {method} {0x000001c9dd478ee8} 'defineClass' '(Ljava/lang/String;[BIILjava/security/ProtectionDomain;)Ljava/lang/Class;' in 'java/lang/ClassLoader')}
  0x000001c9c99dfc58: 7849 b898 | 0a18 1eca | 0100 0049 | 8380 8801 | 0000 014c | 8bc0 4c8b | 8c24 9800 | 0000 488b 
  0x000001c9c99dfc78: 5424 7848 | 8984 24a0 | 0000 000f 

  0x000001c9c99dfc84: ;   {optimized virtual_call}
  0x000001c9c99dfc84: 1f40 00e8 

  0x000001c9c99dfc88: ; ImmutableOopMap {[160]=Oop }
                      ;*invokevirtual postDefineClass {reexecute=0 rethrow=0 return_oop=0}
                      ; - java.lang.ClassLoader::defineClass@37 (line 1027)
  0x000001c9c99dfc88: 1480 ffff 

  0x000001c9c99dfc8c: ;   {other}
  0x000001c9c99dfc8c: 0f1f 8400 | 0405 0003 | 488b 8424 | a000 0000 | 4881 c4b0 | 0000 005d 

  0x000001c9c99dfca4: ;   {poll_return}
  0x000001c9c99dfca4: 493b a748 | 0400 000f | 8799 0000 

  0x000001c9c99dfcb0: ;   {metadata({method} {0x000001c9dd478ee8} 'defineClass' '(Ljava/lang/String;[BIILjava/security/ProtectionDomain;)Ljava/lang/Class;' in 'java/lang/ClassLoader')}
  0x000001c9c99dfcb0: 00c3 49ba | e08e 47dd | c901 0000 | 4c89 5424 | 0848 c704 | 24ff ffff 

  0x000001c9c99dfcc8: ;   {runtime_call counter_overflow Runtime1 stub}
  0x000001c9c99dfcc8: ffe8 12b7 

  0x000001c9c99dfccc: ; ImmutableOopMap {rdx=Oop r8=Oop r9=Oop rcx=Oop [120]=Oop }
                      ;*synchronization entry
                      ; - java.lang.ClassLoader::defineClass@-1 (line 1024)
  0x000001c9c99dfccc: 5307 e997 

  0x000001c9c99dfcd0: ;   {metadata({method} {0x000001c9dd478bd0} 'defineClassSourceLocation' '(Ljava/security/ProtectionDomain;)Ljava/lang/String;' in 'java/lang/ClassLoader')}
  0x000001c9c99dfcd0: fcff ff49 | bac8 8b47 | ddc9 0100 | 004c 8954 | 2408 48c7 | 0424 ffff 

  0x000001c9c99dfce8: ;   {runtime_call counter_overflow Runtime1 stub}
  0x000001c9c99dfce8: ffff e8f1 

  0x000001c9c99dfcec: ; ImmutableOopMap {rax=Oop [120]=Oop [128]=Oop [136]=Oop [152]=Oop }
                      ;*synchronization entry
                      ; - java.lang.ClassLoader::defineClassSourceLocation@-1 (line 925)
                      ; - java.lang.ClassLoader::defineClass@12 (line 1025)
  0x000001c9c99dfcec: b653 07e9 | 10fd ffff 

  0x000001c9c99dfcf4: ;   {runtime_call throw_null_pointer_exception Runtime1 stub}
  0x000001c9c99dfcf4: e8e7 6553 

  0x000001c9c99dfcf8: ; ImmutableOopMap {rax=Oop [120]=Oop [128]=Oop [136]=Oop [152]=Oop }
                      ;*invokevirtual getCodeSource {reexecute=0 rethrow=0 return_oop=0}
                      ; - java.lang.ClassLoader::defineClassSourceLocation@1 (line 925)
                      ; - java.lang.ClassLoader::defineClass@12 (line 1025)
                      ;   {runtime_call throw_null_pointer_exception Runtime1 stub}
  0x000001c9c99dfcf8: 07e8 e265 

  0x000001c9c99dfcfc: ; ImmutableOopMap {rax=Oop r8=Oop [120]=Oop [128]=Oop [136]=Oop [152]=Oop }
                      ;*invokevirtual getLocation {reexecute=0 rethrow=0 return_oop=0}
                      ; - java.lang.ClassLoader::defineClassSourceLocation@12 (line 927)
                      ; - java.lang.ClassLoader::defineClass@12 (line 1025)
                      ;   {runtime_call throw_null_pointer_exception Runtime1 stub}
  0x000001c9c99dfcfc: 5307 e8dd 

  0x000001c9c99dfd00: ; ImmutableOopMap {rdx=Oop [120]=Oop [128]=Oop [136]=Oop [152]=Oop }
                      ;*invokevirtual toString {reexecute=0 rethrow=0 return_oop=0}
                      ; - java.lang.ClassLoader::defineClassSourceLocation@22 (line 928)
                      ; - java.lang.ClassLoader::defineClass@12 (line 1025)
                      ;   {metadata({method} {0x000001c9dd17d7f0} 'toString' '()Ljava/lang/String;' in 'java/net/URL')}
  0x000001c9c99dfd00: 6553 0749 | bae8 d717 | ddc9 0100 | 004c 8954 | 2408 48c7 | 0424 ffff 

  0x000001c9c99dfd18: ;   {runtime_call counter_overflow Runtime1 stub}
  0x000001c9c99dfd18: ffff e8c1 

  0x000001c9c99dfd1c: ; ImmutableOopMap {rdx=Oop [120]=Oop [128]=Oop [136]=Oop [152]=Oop }
                      ;*synchronization entry
                      ; - java.net.URL::toString@-1 (line 1189)
                      ; - java.lang.ClassLoader::defineClassSourceLocation@22 (line 928)
                      ; - java.lang.ClassLoader::defineClass@12 (line 1025)
  0x000001c9c99dfd1c: b653 07e9 | dffd ffff 

  0x000001c9c99dfd24: ;   {metadata({method} {0x000001c9dd4719b8} 'toExternalForm' '()Ljava/lang/String;' in 'java/net/URL')}
  0x000001c9c99dfd24: 49ba b019 | 47dd c901 | 0000 4c89 | 5424 0848 | c704 24ff 

  0x000001c9c99dfd38: ;   {runtime_call counter_overflow Runtime1 stub}
  0x000001c9c99dfd38: ffff ffe8 

  0x000001c9c99dfd3c: ; ImmutableOopMap {rdx=Oop [120]=Oop [128]=Oop [136]=Oop [152]=Oop }
                      ;*synchronization entry
                      ; - java.net.URL::toExternalForm@-1 (line 1203)
                      ; - java.net.URL::toString@1 (line 1189)
                      ; - java.lang.ClassLoader::defineClassSourceLocation@22 (line 928)
                      ; - java.lang.ClassLoader::defineClass@12 (line 1025)
  0x000001c9c99dfd3c: a0b6 5307 | e9fc fdff 

  0x000001c9c99dfd44: ;   {runtime_call throw_null_pointer_exception Runtime1 stub}
  0x000001c9c99dfd44: ffe8 9665 

  0x000001c9c99dfd48: ; ImmutableOopMap {rdx=Oop rsi=Oop [120]=Oop [128]=Oop [136]=Oop [152]=Oop }
                      ;*invokevirtual toExternalForm {reexecute=0 rethrow=0 return_oop=0}
                      ; - java.net.URL::toExternalForm@5 (line 1203)
                      ; - java.net.URL::toString@1 (line 1189)
                      ; - java.lang.ClassLoader::defineClassSourceLocation@22 (line 928)
                      ; - java.lang.ClassLoader::defineClass@12 (line 1025)
                      ;   {internal_word}
  0x000001c9c99dfd48: 5307 49ba | a4fc 9dc9 | c901 0000 | 4d89 9760 

  0x000001c9c99dfd58: ;   {runtime_call SafepointBlob}
  0x000001c9c99dfd58: 0400 00e9 | 8056 4707 | 498b 8700 | 0500 0049 | c787 0005 | 0000 0000 | 0000 49c7 | 8708 0500 
  0x000001c9c99dfd78: 0000 0000 | 0048 81c4 | b000 0000 

  0x000001c9c99dfd84: ;   {runtime_call unwind_exception Runtime1 stub}
  0x000001c9c99dfd84: 5de9 5656 | 5307 f4f4 | f4f4 f4f4 
[Stub Code]
  0x000001c9c99dfd90: ;   {no_reloc}
  0x000001c9c99dfd90: 0f1f 4400 

  0x000001c9c99dfd94: ;   {static_stub}
  0x000001c9c99dfd94: 0048 bb00 | 0000 0000 

  0x000001c9c99dfd9c: ;   {runtime_call nmethod}
  0x000001c9c99dfd9c: 0000 00e9 | fbff ffff 

  0x000001c9c99dfda4: ;   {static_stub}
  0x000001c9c99dfda4: 48bb 0000 | 0000 0000 

  0x000001c9c99dfdac: ;   {runtime_call nmethod}
  0x000001c9c99dfdac: 0000 e9fb 

  0x000001c9c99dfdb0: ;   {static_stub}
  0x000001c9c99dfdb0: ffff ff48 | bb00 0000 | 0000 0000 

  0x000001c9c99dfdbc: ;   {runtime_call nmethod}
  0x000001c9c99dfdbc: 00e9 fbff 

  0x000001c9c99dfdc0: ;   {static_stub}
  0x000001c9c99dfdc0: ffff 48bb | 0000 0000 | 0000 0000 

  0x000001c9c99dfdcc: ;   {runtime_call nmethod}
  0x000001c9c99dfdcc: e9fb ffff 

  0x000001c9c99dfdd0: ;   {runtime_call handle_exception_from_callee Runtime1 stub}
  0x000001c9c99dfdd0: ffe8 0a83 

  0x000001c9c99dfdd4: ;   {external_word}
  0x000001c9c99dfdd4: 5307 48b9 | 40d5 7ec5 | f87f 0000 | 4883 e4f0 

  0x000001c9c99dfde4: ;   {runtime_call}
  0x000001c9c99dfde4: 48b8 604a | 45c5 f87f | 0000 ffd0 

  0x000001c9c99dfdf0: ;   {section_word}
  0x000001c9c99dfdf0: f449 baf1 | fd9d c9c9 | 0100 0041 

  0x000001c9c99dfdfc: ;   {runtime_call DeoptimizationBlob}
  0x000001c9c99dfdfc: 52e9 7e48 | 4707 f4f4 | f4f4 f4f4 
[/MachCode]


Compiled method (c1) 2762  843       3       java.security.SecureClassLoader::defineClass (16 bytes)
 total in heap  [0x000001c9c99e4008,0x000001c9c99e42f0] = 744
 relocation     [0x000001c9c99e40e0,0x000001c9c99e4130] = 80
 main code      [0x000001c9c99e4140,0x000001c9c99e4298] = 344
 stub code      [0x000001c9c99e4298,0x000001c9c99e42e8] = 80
 metadata       [0x000001c9c99e42e8,0x000001c9c99e42f0] = 8
 immutable data [0x000001c9dcb43cb0,0x000001c9dcb43d50] = 160
 dependencies   [0x000001c9dcb43cb0,0x000001c9dcb43cb8] = 8
 scopes pcs     [0x000001c9dcb43cb8,0x000001c9dcb43d08] = 80
 scopes data    [0x000001c9dcb43d08,0x000001c9dcb43d50] = 72

[Constant Pool (empty)]

[MachCode]
[Instructions begin]
  0x000001c9c99e4140: 660f 1f84 | 0000 0000 | 0066 0f1f | 8400 0000 | 0000 448b | 5208 443b 

  0x000001c9c99e4158: ;   {runtime_call ic_miss_stub}
  0x000001c9c99e4158: 5008 0f85 | 80a3 4607 
[Verified Entry Point]
  0x000001c9c99e4160: 8984 2400 | 80ff ff55 | 4883 ec70 | 4181 7f20 | 0100 0000 

  0x000001c9c99e4174: ;   {runtime_call StubRoutines (final stubs)}
  0x000001c9c99e4174: 7405 e8c5 

  0x000001c9c99e4178: ;   {metadata(method data for {method} {0x000001c9dd1a0e18} 'defineClass' '(Ljava/lang/String;[BIILjava/security/CodeSource;)Ljava/lang/Class;' in 'java/security/SecureClassLoader')}
  0x000001c9c99e4178: 3545 0748 | bb70 7617 | 1eca 0100 | 008b 83cc | 0000 0083 | c002 8983 | cc00 0000 | 25fe 0700 
  0x000001c9c99e4198: 0085 c00f | 8496 0000 | 0089 7424 | 5c89 7c24 | 584c 894c | 2450 4c89 | 4424 4848 

  0x000001c9c99e41b4: ;   {metadata(method data for {method} {0x000001c9dd1a0e18} 'defineClass' '(Ljava/lang/String;[BIILjava/security/CodeSource;)Ljava/lang/Class;' in 'java/security/SecureClassLoader')}
  0x000001c9c99e41b4: 8bda 48b8 | 7076 171e | ca01 0000 | 4883 8018 | 0100 0001 | 4c8b c148 | 8bc2 488b | d048 8944 
  0x000001c9c99e41d4: ;   {optimized virtual_call}
  0x000001c9c99e41d4: 2440 90e8 

  0x000001c9c99e41d8: ; ImmutableOopMap {[64]=Oop [72]=Oop [80]=Oop }
                      ;*invokevirtual getProtectionDomain {reexecute=0 rethrow=0 return_oop=0}
                      ; - java.security.SecureClassLoader::defineClass@9 (line 150)
  0x000001c9c99e41d8: c4f7 fcff 

  0x000001c9c99e41dc: ;   {other}
  0x000001c9c99e41dc: 0f1f 8400 | d401 0000 | 488b 5424 

  0x000001c9c99e41e8: ;   {metadata(method data for {method} {0x000001c9dd1a0e18} 'defineClass' '(Ljava/lang/String;[BIILjava/security/CodeSource;)Ljava/lang/Class;' in 'java/security/SecureClassLoader')}
  0x000001c9c99e41e8: 4049 b870 | 7617 1eca | 0100 0049 | 8380 4801 | 0000 014c | 8b44 2448 | 4c8b 4c24 | 508b 7c24 
  0x000001c9c99e4208: 588b 7424 | 5c48 8bc8 | 488b 5424 

  0x000001c9c99e4214: ;   {optimized virtual_call}
  0x000001c9c99e4214: 4066 90e8 

  0x000001c9c99e4218: ; ImmutableOopMap {}
                      ;*invokevirtual defineClass {reexecute=0 rethrow=0 return_oop=0}
                      ; - java.security.SecureClassLoader::defineClass@12 (line 150)
  0x000001c9c99e4218: 04b7 ffff 

  0x000001c9c99e421c: ;   {other}
  0x000001c9c99e421c: 0f1f 8400 | 1402 0001 | 4883 c470 

  0x000001c9c99e4228: ;   {poll_return}
  0x000001c9c99e4228: 5d49 3ba7 | 4804 0000 | 0f87 2200 

  0x000001c9c99e4234: ;   {metadata({method} {0x000001c9dd1a0e18} 'defineClass' '(Ljava/lang/String;[BIILjava/security/CodeSource;)Ljava/lang/Class;' in 'java/security/SecureClassLoader')}
  0x000001c9c99e4234: 0000 c349 | ba10 0e1a | ddc9 0100 | 004c 8954 | 2408 48c7 | 0424 ffff 

  0x000001c9c99e424c: ;   {runtime_call counter_overflow Runtime1 stub}
  0x000001c9c99e424c: ffff e88d 

  0x000001c9c99e4250: ; ImmutableOopMap {rdx=Oop r8=Oop r9=Oop rcx=Oop }
                      ;*synchronization entry
                      ; - java.security.SecureClassLoader::defineClass@-1 (line 150)
  0x000001c9c99e4250: 7153 07e9 | 49ff ffff 

  0x000001c9c99e4258: ;   {internal_word}
  0x000001c9c99e4258: 49ba 2942 | 9ec9 c901 | 0000 4d89 | 9760 0400 

  0x000001c9c99e4268: ;   {runtime_call SafepointBlob}
  0x000001c9c99e4268: 00e9 7211 | 4707 498b | 8700 0500 | 0049 c787 | 0005 0000 | 0000 0000 | 49c7 8708 | 0500 0000 
  0x000001c9c99e4288: 0000 0048 | 83c4 705d 

  0x000001c9c99e4290: ;   {runtime_call unwind_exception Runtime1 stub}
  0x000001c9c99e4290: e94b 1153 | 07f4 f4f4 
[Stub Code]
  0x000001c9c99e4298: ;   {no_reloc}
  0x000001c9c99e4298: 48bb 0000 | 0000 0000 

  0x000001c9c99e42a0: ;   {runtime_call nmethod}
  0x000001c9c99e42a0: 0000 e9fb 

  0x000001c9c99e42a4: ;   {static_stub}
  0x000001c9c99e42a4: ffff ff48 | bb00 0000 | 0000 0000 

  0x000001c9c99e42b0: ;   {runtime_call nmethod}
  0x000001c9c99e42b0: 00e9 fbff 

  0x000001c9c99e42b4: ;   {runtime_call handle_exception_from_callee Runtime1 stub}
  0x000001c9c99e42b4: ffff e825 

  0x000001c9c99e42b8: ;   {external_word}
  0x000001c9c99e42b8: 3e53 0748 | b940 d57e | c5f8 7f00 | 0048 83e4 

  0x000001c9c99e42c8: ;   {runtime_call}
  0x000001c9c99e42c8: f048 b860 | 4a45 c5f8 | 7f00 00ff 

  0x000001c9c99e42d4: ;   {section_word}
  0x000001c9c99e42d4: d0f4 49ba | d642 9ec9 | c901 0000 

  0x000001c9c99e42e0: ;   {runtime_call DeoptimizationBlob}
  0x000001c9c99e42e0: 4152 e999 | 0347 07f4 
[/MachCode]


---------------  P R O C E S S  ---------------

Threads class SMR info:
_java_thread_list=0x000001c9dc808100, length=11, elements={
0x000001c9bedd0bc0, 0x000001c9dc6a5fa0, 0x000001c9dc6a8080, 0x000001c9dc6aa000,
0x000001c9dc6ad280, 0x000001c9dc6afcf0, 0x000001c9dc6b0750, 0x000001c9dc6b3890,
0x000001c9dc6b58d0, 0x000001c9dc8376b0, 0x000001c9dc838530
}

Java Threads: ( => current thread )
=>0x000001c9bedd0bc0 JavaThread "main"                              [_thread_in_vm, id=11684, stack(0x000000aa8ab00000,0x000000aa8ac00000) (1024K)]
  0x000001c9dc6a5fa0 JavaThread "Reference Handler"          daemon [_thread_blocked, id=19204, stack(0x000000aa8b300000,0x000000aa8b400000) (1024K)]
  0x000001c9dc6a8080 JavaThread "Finalizer"                  daemon [_thread_blocked, id=5528, stack(0x000000aa8b400000,0x000000aa8b500000) (1024K)]
  0x000001c9dc6aa000 JavaThread "Signal Dispatcher"          daemon [_thread_blocked, id=11032, stack(0x000000aa8b500000,0x000000aa8b600000) (1024K)]
  0x000001c9dc6ad280 JavaThread "Attach Listener"            daemon [_thread_blocked, id=11836, stack(0x000000aa8b600000,0x000000aa8b700000) (1024K)]
  0x000001c9dc6afcf0 JavaThread "Service Thread"             daemon [_thread_blocked, id=8660, stack(0x000000aa8b700000,0x000000aa8b800000) (1024K)]
  0x000001c9dc6b0750 JavaThread "Monitor Deflation Thread"   daemon [_thread_blocked, id=11720, stack(0x000000aa8b800000,0x000000aa8b900000) (1024K)]
  0x000001c9dc6b3890 JavaThread "C2 CompilerThread0"         daemon [_thread_blocked, id=8864, stack(0x000000aa8b900000,0x000000aa8ba00000) (1024K)]
  0x000001c9dc6b58d0 JavaThread "C1 CompilerThread0"         daemon [_thread_blocked, id=24168, stack(0x000000aa8ba00000,0x000000aa8bb00000) (1024K)]
  0x000001c9dc8376b0 JavaThread "Notification Thread"        daemon [_thread_blocked, id=10072, stack(0x000000aa8bb00000,0x000000aa8bc00000) (1024K)]
  0x000001c9dc838530 JavaThread "Common-Cleaner"             daemon [_thread_blocked, id=684, stack(0x000000aa8bc00000,0x000000aa8bd00000) (1024K)]
Total: 11

Other Threads:
  0x000001c9dc690b00 VMThread "VM Thread"                           [id=4024, stack(0x000000aa8b200000,0x000000aa8b300000) (1024K)]
  0x000001c9dc68bfe0 WatcherThread "VM Periodic Task Thread"        [id=13280, stack(0x000000aa8b100000,0x000000aa8b200000) (1024K)]
  0x000001c9c11cf2a0 WorkerThread "GC Thread#0"                     [id=12168, stack(0x000000aa8ac00000,0x000000aa8ad00000) (1024K)]
  0x000001c9c11d9910 ConcurrentGCThread "G1 Main Marker"            [id=16440, stack(0x000000aa8ad00000,0x000000aa8ae00000) (1024K)]
  0x000001c9c11da420 WorkerThread "G1 Conc#0"                       [id=15116, stack(0x000000aa8ae00000,0x000000aa8af00000) (1024K)]
  0x000001c9c123e200 ConcurrentGCThread "G1 Refine#0"               [id=23216, stack(0x000000aa8af00000,0x000000aa8b000000) (1024K)]
  0x000001c9c123ed80 ConcurrentGCThread "G1 Service"                [id=23104, stack(0x000000aa8b000000,0x000000aa8b100000) (1024K)]
Total: 7

Threads with active compile tasks:
Total: 0

VM state: not at safepoint (normal execution)

VM Mutex/Monitor currently owned by a thread:  ([mutex/lock_event])
[0x00007ff8c5a91890] Metaspace_lock - owner thread: 0x000001c9bedd0bc0

Heap address: 0x00000000ca600000, size: 858 MB, Compressed Oops mode: 32-bit

CDS archive(s) mapped at: [0x000001c9dd000000-0x000001c9ddd70000-0x000001c9ddd70000), size 14090240, SharedBaseAddress: 0x000001c9dd000000, ArchiveRelocationMode: 1.
Compressed class space mapped at: 0x000001c9de000000-0x000001ca1e000000, reserved size: 1073741824
Narrow klass base: 0x000001c9dd000000, Narrow klass shift: 0, Narrow klass range: 0x41000000

GC Precious Log:
 CardTable entry size: 512
 Card Set container configuration: InlinePtr #cards 5 size 8 Array Of Cards #cards 10 size 36 Howl #buckets 4 coarsen threshold 1843 Howl Bitmap #cards 512 size 80 coarsen threshold 460 Card regions per heap region 1 cards per card region 2048
 CPUs: 8 total, 8 available
 Memory: 3429M
 Large Page Support: Disabled
 NUMA Support: Disabled
 Compressed Oops: Enabled (32-bit)
 Heap Region Size: 1M
 Heap Min Capacity: 8M
 Heap Initial Capacity: 54M
 Heap Max Capacity: 858M
 Pre-touch: Disabled
 Parallel Workers: 8
 Concurrent Workers: 2
 Concurrent Refinement Workers: 8
 Periodic GC: Disabled

Heap:
 garbage-first heap   total reserved 878592K, committed 55296K, used 16384K [0x00000000ca600000, 0x0000000100000000)
  region size 1024K, 17 young (17408K), 0 survivors (0K)
 Metaspace       used 5601K, committed 5760K, reserved 1114112K
  class space    used 686K, committed 768K, reserved 1048576K

Heap Regions: E=young(eden), S=young(survivor), O=old, HS=humongous(starts), HC=humongous(continues), CS=collection set, F=free, TAMS=top-at-mark-start, PB=parsable bottom
|   0|0x00000000ca600000, 0x00000000ca700000, 0x00000000ca700000|100%|HS|  |TAMS 0x00000000ca600000| PB 0x00000000ca600000| Complete |  0
|   1|0x00000000ca700000, 0x00000000ca700000, 0x00000000ca800000|  0%| F|  |TAMS 0x00000000ca700000| PB 0x00000000ca700000| Untracked |  0
|   2|0x00000000ca800000, 0x00000000ca800000, 0x00000000ca900000|  0%| F|  |TAMS 0x00000000ca800000| PB 0x00000000ca800000| Untracked |  0
|   3|0x00000000ca900000, 0x00000000ca900000, 0x00000000caa00000|  0%| F|  |TAMS 0x00000000ca900000| PB 0x00000000ca900000| Untracked |  0
|   4|0x00000000caa00000, 0x00000000caa00000, 0x00000000cab00000|  0%| F|  |TAMS 0x00000000caa00000| PB 0x00000000caa00000| Untracked |  0
|   5|0x00000000cab00000, 0x00000000cab00000, 0x00000000cac00000|  0%| F|  |TAMS 0x00000000cab00000| PB 0x00000000cab00000| Untracked |  0
|   6|0x00000000cac00000, 0x00000000cac00000, 0x00000000cad00000|  0%| F|  |TAMS 0x00000000cac00000| PB 0x00000000cac00000| Untracked |  0
|   7|0x00000000cad00000, 0x00000000cad00000, 0x00000000cae00000|  0%| F|  |TAMS 0x00000000cad00000| PB 0x00000000cad00000| Untracked |  0
|   8|0x00000000cae00000, 0x00000000cae00000, 0x00000000caf00000|  0%| F|  |TAMS 0x00000000cae00000| PB 0x00000000cae00000| Untracked |  0
|   9|0x00000000caf00000, 0x00000000caf00000, 0x00000000cb000000|  0%| F|  |TAMS 0x00000000caf00000| PB 0x00000000caf00000| Untracked |  0
|  10|0x00000000cb000000, 0x00000000cb000000, 0x00000000cb100000|  0%| F|  |TAMS 0x00000000cb000000| PB 0x00000000cb000000| Untracked |  0
|  11|0x00000000cb100000, 0x00000000cb100000, 0x00000000cb200000|  0%| F|  |TAMS 0x00000000cb100000| PB 0x00000000cb100000| Untracked |  0
|  12|0x00000000cb200000, 0x00000000cb200000, 0x00000000cb300000|  0%| F|  |TAMS 0x00000000cb200000| PB 0x00000000cb200000| Untracked |  0
|  13|0x00000000cb300000, 0x00000000cb300000, 0x00000000cb400000|  0%| F|  |TAMS 0x00000000cb300000| PB 0x00000000cb300000| Untracked |  0
|  14|0x00000000cb400000, 0x00000000cb400000, 0x00000000cb500000|  0%| F|  |TAMS 0x00000000cb400000| PB 0x00000000cb400000| Untracked |  0
|  15|0x00000000cb500000, 0x00000000cb500000, 0x00000000cb600000|  0%| F|  |TAMS 0x00000000cb500000| PB 0x00000000cb500000| Untracked |  0
|  16|0x00000000cb600000, 0x00000000cb600000, 0x00000000cb700000|  0%| F|  |TAMS 0x00000000cb600000| PB 0x00000000cb600000| Untracked |  0
|  17|0x00000000cb700000, 0x00000000cb700000, 0x00000000cb800000|  0%| F|  |TAMS 0x00000000cb700000| PB 0x00000000cb700000| Untracked |  0
|  18|0x00000000cb800000, 0x00000000cb800000, 0x00000000cb900000|  0%| F|  |TAMS 0x00000000cb800000| PB 0x00000000cb800000| Untracked |  0
|  19|0x00000000cb900000, 0x00000000cb900000, 0x00000000cba00000|  0%| F|  |TAMS 0x00000000cb900000| PB 0x00000000cb900000| Untracked |  0
|  20|0x00000000cba00000, 0x00000000cba00000, 0x00000000cbb00000|  0%| F|  |TAMS 0x00000000cba00000| PB 0x00000000cba00000| Untracked |  0
|  21|0x00000000cbb00000, 0x00000000cbb00000, 0x00000000cbc00000|  0%| F|  |TAMS 0x00000000cbb00000| PB 0x00000000cbb00000| Untracked |  0
|  22|0x00000000cbc00000, 0x00000000cbc00000, 0x00000000cbd00000|  0%| F|  |TAMS 0x00000000cbc00000| PB 0x00000000cbc00000| Untracked |  0
|  23|0x00000000cbd00000, 0x00000000cbd00000, 0x00000000cbe00000|  0%| F|  |TAMS 0x00000000cbd00000| PB 0x00000000cbd00000| Untracked |  0
|  24|0x00000000cbe00000, 0x00000000cbe00000, 0x00000000cbf00000|  0%| F|  |TAMS 0x00000000cbe00000| PB 0x00000000cbe00000| Untracked |  0
|  25|0x00000000cbf00000, 0x00000000cbf00000, 0x00000000cc000000|  0%| F|  |TAMS 0x00000000cbf00000| PB 0x00000000cbf00000| Untracked |  0
|  26|0x00000000cc000000, 0x00000000cc000000, 0x00000000cc100000|  0%| F|  |TAMS 0x00000000cc000000| PB 0x00000000cc000000| Untracked |  0
|  27|0x00000000cc100000, 0x00000000cc100000, 0x00000000cc200000|  0%| F|  |TAMS 0x00000000cc100000| PB 0x00000000cc100000| Untracked |  0
|  28|0x00000000cc200000, 0x00000000cc200000, 0x00000000cc300000|  0%| F|  |TAMS 0x00000000cc200000| PB 0x00000000cc200000| Untracked |  0
|  29|0x00000000cc300000, 0x00000000cc300000, 0x00000000cc400000|  0%| F|  |TAMS 0x00000000cc300000| PB 0x00000000cc300000| Untracked |  0
|  30|0x00000000cc400000, 0x00000000cc400000, 0x00000000cc500000|  0%| F|  |TAMS 0x00000000cc400000| PB 0x00000000cc400000| Untracked |  0
|  31|0x00000000cc500000, 0x00000000cc500000, 0x00000000cc600000|  0%| F|  |TAMS 0x00000000cc500000| PB 0x00000000cc500000| Untracked |  0
|  32|0x00000000cc600000, 0x00000000cc600000, 0x00000000cc700000|  0%| F|  |TAMS 0x00000000cc600000| PB 0x00000000cc600000| Untracked |  0
|  33|0x00000000cc700000, 0x00000000cc700000, 0x00000000cc800000|  0%| F|  |TAMS 0x00000000cc700000| PB 0x00000000cc700000| Untracked |  0
|  34|0x00000000cc800000, 0x00000000cc800000, 0x00000000cc900000|  0%| F|  |TAMS 0x00000000cc800000| PB 0x00000000cc800000| Untracked |  0
|  35|0x00000000cc900000, 0x00000000cc900000, 0x00000000cca00000|  0%| F|  |TAMS 0x00000000cc900000| PB 0x00000000cc900000| Untracked |  0
|  36|0x00000000cca00000, 0x00000000cca00000, 0x00000000ccb00000|  0%| F|  |TAMS 0x00000000cca00000| PB 0x00000000cca00000| Untracked |  0
|  37|0x00000000ccb00000, 0x00000000ccbf6c68, 0x00000000ccc00000| 96%| E|  |TAMS 0x00000000ccb00000| PB 0x00000000ccb00000| Complete |  0
|  38|0x00000000ccc00000, 0x00000000ccd00000, 0x00000000ccd00000|100%| E|CS|TAMS 0x00000000ccc00000| PB 0x00000000ccc00000| Complete |  0
|  39|0x00000000ccd00000, 0x00000000cce00000, 0x00000000cce00000|100%| E|CS|TAMS 0x00000000ccd00000| PB 0x00000000ccd00000| Complete |  0
|  40|0x00000000cce00000, 0x00000000ccf00000, 0x00000000ccf00000|100%| E|CS|TAMS 0x00000000cce00000| PB 0x00000000cce00000| Complete |  0
|  41|0x00000000ccf00000, 0x00000000cd000000, 0x00000000cd000000|100%| E|CS|TAMS 0x00000000ccf00000| PB 0x00000000ccf00000| Complete |  0
|  42|0x00000000cd000000, 0x00000000cd100000, 0x00000000cd100000|100%| E|CS|TAMS 0x00000000cd000000| PB 0x00000000cd000000| Complete |  0
|  43|0x00000000cd100000, 0x00000000cd200000, 0x00000000cd200000|100%| E|CS|TAMS 0x00000000cd100000| PB 0x00000000cd100000| Complete |  0
|  44|0x00000000cd200000, 0x00000000cd300000, 0x00000000cd300000|100%| E|  |TAMS 0x00000000cd200000| PB 0x00000000cd200000| Complete |  0
|  45|0x00000000cd300000, 0x00000000cd400000, 0x00000000cd400000|100%| E|CS|TAMS 0x00000000cd300000| PB 0x00000000cd300000| Complete |  0
|  46|0x00000000cd400000, 0x00000000cd500000, 0x00000000cd500000|100%| E|CS|TAMS 0x00000000cd400000| PB 0x00000000cd400000| Complete |  0
|  47|0x00000000cd500000, 0x00000000cd600000, 0x00000000cd600000|100%| E|CS|TAMS 0x00000000cd500000| PB 0x00000000cd500000| Complete |  0
|  48|0x00000000cd600000, 0x00000000cd700000, 0x00000000cd700000|100%| E|CS|TAMS 0x00000000cd600000| PB 0x00000000cd600000| Complete |  0
|  49|0x00000000cd700000, 0x00000000cd800000, 0x00000000cd800000|100%| E|CS|TAMS 0x00000000cd700000| PB 0x00000000cd700000| Complete |  0
|  50|0x00000000cd800000, 0x00000000cd900000, 0x00000000cd900000|100%| E|CS|TAMS 0x00000000cd800000| PB 0x00000000cd800000| Complete |  0
|  51|0x00000000cd900000, 0x00000000cda00000, 0x00000000cda00000|100%| E|CS|TAMS 0x00000000cd900000| PB 0x00000000cd900000| Complete |  0
|  52|0x00000000cda00000, 0x00000000cdb00000, 0x00000000cdb00000|100%| E|CS|TAMS 0x00000000cda00000| PB 0x00000000cda00000| Complete |  0
|  53|0x00000000cdb00000, 0x00000000cdc00000, 0x00000000cdc00000|100%| E|CS|TAMS 0x00000000cdb00000| PB 0x00000000cdb00000| Complete |  0

Card table byte_map: [0x000001c9d8dc0000,0x000001c9d8f70000] _byte_map_base: 0x000001c9d876d000

Marking Bits: (CMBitMap*) 0x000001c9c11cf9b0
 Bits: [0x000001c9d8f70000, 0x000001c9d9cd8000)

Polling page: 0x000001c9c0960000

Metaspace:

Usage:
  Non-class:      4.80 MB used.
      Class:    686.45 KB used.
       Both:      5.47 MB used.

Virtual space:
  Non-class space:       64.00 MB reserved,       4.88 MB (  8%) committed,  1 nodes.
      Class space:        1.00 GB reserved,     768.00 KB ( <1%) committed,  1 nodes.
             Both:        1.06 GB reserved,       5.62 MB ( <1%) committed. 

Chunk freelists:
   Non-Class:  9.48 MB
       Class:  15.26 MB
        Both:  24.75 MB

MaxMetaspaceSize: unlimited
CompressedClassSpaceSize: 1.00 GB
Initial GC threshold: 21.00 MB
Current GC threshold: 21.00 MB
CDS: on
 - commit_granule_bytes: 65536.
 - commit_granule_words: 8192.
 - virtual_space_node_default_size: 8388608.
 - enlarge_chunks_in_place: 1.
 - use_allocation_guard: 0.


Internal statistics:

num_allocs_failed_limit: 0.
num_arena_births: 144.
num_arena_deaths: 0.
num_vsnodes_births: 2.
num_vsnodes_deaths: 0.
num_space_committed: 90.
num_space_uncommitted: 0.
num_chunks_returned_to_freelist: 0.
num_chunks_taken_from_freelist: 283.
num_chunk_merges: 0.
num_chunk_splits: 196.
num_chunks_enlarged: 141.
num_inconsistent_stats: 0.

CodeHeap 'non-profiled nmethods': size=120064Kb used=352Kb max_used=352Kb free=119711Kb
 bounds [0x000001c9d1390000, 0x000001c9d1600000, 0x000001c9d88d0000]
CodeHeap 'profiled nmethods': size=120000Kb used=1721Kb max_used=1721Kb free=118278Kb
 bounds [0x000001c9c98d0000, 0x000001c9c9b40000, 0x000001c9d0e00000]
CodeHeap 'non-nmethods': size=5696Kb used=1366Kb max_used=1379Kb free=4329Kb
 bounds [0x000001c9d0e00000, 0x000001c9d1070000, 0x000001c9d1390000]
CodeCache: size=245760Kb, used=3439Kb, max_used=3452Kb, free=242318Kb
 total_blobs=1815, nmethods=1339, adapters=382, full_count=0
Compilation: enabled, stopped_count=0, restarted_count=0

Compilation events (20 events):
Event: 2.469 Thread 0x000001c9dc6b58d0 nmethod 1334 0x000001c9c9a7c708 code [0x000001c9c9a7c820, 0x000001c9c9a7c9d0]
Event: 2.469 Thread 0x000001c9dc6b58d0 1335       3       java.lang.invoke.MethodHandle::maybeCustomize (38 bytes)
Event: 2.469 Thread 0x000001c9dc6b58d0 nmethod 1335 0x000001c9c9a7ca08 code [0x000001c9c9a7cb60, 0x000001c9c9a7cf38]
Event: 2.469 Thread 0x000001c9dc6b58d0 1336       3       java.nio.HeapByteBuffer::get (14 bytes)
Event: 2.470 Thread 0x000001c9dc6b58d0 nmethod 1336 0x000001c9c9a7cf88 code [0x000001c9c9a7d0c0, 0x000001c9c9a7d390]
Event: 2.470 Thread 0x000001c9dc6b58d0 1337       3       java.nio.Buffer::nextGetIndex (30 bytes)
Event: 2.470 Thread 0x000001c9dc6b58d0 nmethod 1337 0x000001c9c9a7d408 code [0x000001c9c9a7d540, 0x000001c9c9a7d708]
Event: 2.470 Thread 0x000001c9dc6b58d0 1332       3       java.security.AccessController::executePrivileged (69 bytes)
Event: 2.470 Thread 0x000001c9dc6b58d0 nmethod 1332 0x000001c9c9a7d788 code [0x000001c9c9a7d8e0, 0x000001c9c9a7dc08]
Event: 2.470 Thread 0x000001c9dc6b58d0 1333       3       java.security.AccessController::doPrivileged (9 bytes)
Event: 2.470 Thread 0x000001c9dc6b58d0 nmethod 1333 0x000001c9c9a7dc88 code [0x000001c9c9a7dde0, 0x000001c9c9a7e150]
Event: 2.471 Thread 0x000001c9dc6b58d0 1331       3       java.nio.HeapByteBuffer::<init> (23 bytes)
Event: 2.471 Thread 0x000001c9dc6b58d0 nmethod 1331 0x000001c9c9a7e188 code [0x000001c9c9a7e2a0, 0x000001c9c9a7e420]
Event: 2.471 Thread 0x000001c9dc6b58d0 1339       3       java.lang.Class::getComponentType (14 bytes)
Event: 2.471 Thread 0x000001c9dc6b58d0 nmethod 1339 0x000001c9c9a7e488 code [0x000001c9c9a7e5c0, 0x000001c9c9a7e770]
Event: 2.471 Thread 0x000001c9dc6b58d0 1338       1       org.apache.logging.log4j.core.config.plugins.util.PluginType::getPluginClass (5 bytes)
Event: 2.471 Thread 0x000001c9dc6b58d0 nmethod 1338 0x000001c9d13e6c88 code [0x000001c9d13e6da0, 0x000001c9d13e6e68]
Event: 2.480 Thread 0x000001c9dc6b3890 nmethod 1317 0x000001c9d13e6f88 code [0x000001c9d13e7120, 0x000001c9d13e79b0]
Event: 2.480 Thread 0x000001c9dc6b3890 1329       4       java.lang.StringBuilder::toString (20 bytes)
Event: 2.486 Thread 0x000001c9dc6b3890 nmethod 1329 0x000001c9d13e7a08 code [0x000001c9d13e7b40, 0x000001c9d13e8128]

GC Heap History (0 events):
No events

Dll operation events (8 events):
Event: 0.087 Loaded shared library C:\Program Files\Java\jdk-23\bin\java.dll
Event: 0.280 Loaded shared library C:\Program Files\Java\jdk-23\bin\jsvml.dll
Event: 0.343 Loaded shared library C:\Program Files\Java\jdk-23\bin\net.dll
Event: 0.347 Loaded shared library C:\Program Files\Java\jdk-23\bin\nio.dll
Event: 0.409 Loaded shared library C:\Program Files\Java\jdk-23\bin\zip.dll
Event: 0.469 Loaded shared library C:\Program Files\Java\jdk-23\bin\jimage.dll
Event: 1.000 Loaded shared library C:\Program Files\Java\jdk-23\bin\management.dll
Event: 1.029 Loaded shared library C:\Program Files\Java\jdk-23\bin\management_ext.dll

Deoptimization events (20 events):
Event: 0.762 Thread 0x000001c9bedd0bc0 Uncommon trap: trap_request=0xffffff45 fr.pc=0x000001c9d13a9424 relative=0x0000000000000344
Event: 0.762 Thread 0x000001c9bedd0bc0 Uncommon trap: reason=unstable_if action=reinterpret pc=0x000001c9d13a9424 method=java.util.regex.Pattern$BmpCharPropertyGreedy.match(Ljava/util/regex/Matcher;ILjava/lang/CharSequence;)Z @ 12 c2
Event: 0.762 Thread 0x000001c9bedd0bc0 DEOPT PACKING pc=0x000001c9d13a9424 sp=0x000000aa8abfd640
Event: 0.762 Thread 0x000001c9bedd0bc0 DEOPT UNPACKING pc=0x000001c9d0e54402 sp=0x000000aa8abfd5f8 mode 2
Event: 2.026 Thread 0x000001c9bedd0bc0 Uncommon trap: trap_request=0xffffffc6 fr.pc=0x000001c9d13bc110 relative=0x00000000000003b0
Event: 2.026 Thread 0x000001c9bedd0bc0 Uncommon trap: reason=bimorphic_or_optimized_type_check action=maybe_recompile pc=0x000001c9d13bc110 method=java.util.concurrent.ConcurrentHashMap.get(Ljava/lang/Object;)Ljava/lang/Object; @ 149 c2
Event: 2.026 Thread 0x000001c9bedd0bc0 DEOPT PACKING pc=0x000001c9d13bc110 sp=0x000000aa8abfe790
Event: 2.026 Thread 0x000001c9bedd0bc0 DEOPT UNPACKING pc=0x000001c9d0e54402 sp=0x000000aa8abfe710 mode 2
Event: 2.101 Thread 0x000001c9bedd0bc0 Uncommon trap: trap_request=0xffffffc6 fr.pc=0x000001c9d13bc110 relative=0x00000000000003b0
Event: 2.101 Thread 0x000001c9bedd0bc0 Uncommon trap: reason=bimorphic_or_optimized_type_check action=maybe_recompile pc=0x000001c9d13bc110 method=java.util.concurrent.ConcurrentHashMap.get(Ljava/lang/Object;)Ljava/lang/Object; @ 149 c2
Event: 2.101 Thread 0x000001c9bedd0bc0 DEOPT PACKING pc=0x000001c9d13bc110 sp=0x000000aa8abfe780
Event: 2.101 Thread 0x000001c9bedd0bc0 DEOPT UNPACKING pc=0x000001c9d0e54402 sp=0x000000aa8abfe700 mode 2
Event: 2.114 Thread 0x000001c9bedd0bc0 Uncommon trap: trap_request=0xffffffc6 fr.pc=0x000001c9d13bc110 relative=0x00000000000003b0
Event: 2.115 Thread 0x000001c9bedd0bc0 Uncommon trap: reason=bimorphic_or_optimized_type_check action=maybe_recompile pc=0x000001c9d13bc110 method=java.util.concurrent.ConcurrentHashMap.get(Ljava/lang/Object;)Ljava/lang/Object; @ 149 c2
Event: 2.115 Thread 0x000001c9bedd0bc0 DEOPT PACKING pc=0x000001c9d13bc110 sp=0x000000aa8abfe790
Event: 2.115 Thread 0x000001c9bedd0bc0 DEOPT UNPACKING pc=0x000001c9d0e54402 sp=0x000000aa8abfe710 mode 2
Event: 2.115 Thread 0x000001c9bedd0bc0 Uncommon trap: trap_request=0xffffffc6 fr.pc=0x000001c9d13bc110 relative=0x00000000000003b0
Event: 2.115 Thread 0x000001c9bedd0bc0 Uncommon trap: reason=bimorphic_or_optimized_type_check action=maybe_recompile pc=0x000001c9d13bc110 method=java.util.concurrent.ConcurrentHashMap.get(Ljava/lang/Object;)Ljava/lang/Object; @ 149 c2
Event: 2.115 Thread 0x000001c9bedd0bc0 DEOPT PACKING pc=0x000001c9d13bc110 sp=0x000000aa8abfe790
Event: 2.115 Thread 0x000001c9bedd0bc0 DEOPT UNPACKING pc=0x000001c9d0e54402 sp=0x000000aa8abfe710 mode 2

Classes loaded (20 events):
Event: 2.087 Loading class sun/reflect/generics/reflectiveObjects/WildcardTypeImpl
Event: 2.087 Loading class java/lang/reflect/WildcardType
Event: 2.087 Loading class java/lang/reflect/WildcardType done
Event: 2.087 Loading class sun/reflect/generics/reflectiveObjects/WildcardTypeImpl done
Event: 2.122 Loading class java/lang/Deprecated
Event: 2.122 Loading class java/lang/Deprecated done
Event: 2.165 Loading class sun/invoke/util/ValueConversions$1
Event: 2.165 Loading class sun/invoke/util/ValueConversions$1 done
Event: 2.212 Loading class java/lang/invoke/BoundMethodHandle$Species_LI
Event: 2.212 Loading class java/lang/invoke/BoundMethodHandle$Species_LI done
Event: 2.323 Loading class java/util/concurrent/atomic/AtomicBoolean
Event: 2.324 Loading class java/util/concurrent/atomic/AtomicBoolean done
Event: 2.325 Loading class java/lang/invoke/VarHandleInts$FieldInstanceReadWrite
Event: 2.325 Loading class java/lang/invoke/VarHandleInts$FieldInstanceReadOnly
Event: 2.325 Loading class java/lang/invoke/VarHandleInts$FieldInstanceReadOnly done
Event: 2.325 Loading class java/lang/invoke/VarHandleInts$FieldInstanceReadWrite done
Event: 2.437 Loading class jdk/internal/reflect/MethodHandleBooleanFieldAccessorImpl
Event: 2.440 Loading class jdk/internal/reflect/MethodHandleBooleanFieldAccessorImpl done
Event: 2.478 Loading class java/lang/NoSuchFieldError
Event: 2.478 Loading class java/lang/NoSuchFieldError done

Classes unloaded (0 events):
No events

Classes redefined (0 events):
No events

Internal exceptions (16 events):
Event: 0.546 Thread 0x000001c9bedd0bc0 Exception <a 'java/lang/NoSuchMethodError'{0x00000000cd9a4198}: 'void java.lang.invoke.DirectMethodHandle$Holder.invokeSpecial(java.lang.Object, java.lang.Object, java.lang.Object, java.lang.Object, java.lang.Object)'> (0x00000000cd9a4198) 
thrown [s\open\src\hotspot\share\interpreter\linkResolver.cpp, line 796]
Event: 0.953 Thread 0x000001c9bedd0bc0 Exception <a 'java/lang/NoSuchMethodError'{0x00000000cd5258b0}: 'java.lang.Object java.lang.invoke.Invokers$Holder.invokeExact_MT(java.lang.Object, java.lang.Object, java.lang.Object, java.lang.Object, java.lang.Object)'> (0x00000000cd5258b0) 
thrown [s\open\src\hotspot\share\interpreter\linkResolver.cpp, line 796]
Event: 1.114 Thread 0x000001c9bedd0bc0 Exception <a 'java/lang/NoSuchMethodError'{0x00000000cd58fe80}: 'int java.lang.invoke.DirectMethodHandle$Holder.invokeSpecial(java.lang.Object, java.lang.Object, java.lang.Object)'> (0x00000000cd58fe80) 
thrown [s\open\src\hotspot\share\interpreter\linkResolver.cpp, line 796]
Event: 1.223 Thread 0x000001c9bedd0bc0 Exception <a 'java/lang/NoSuchMethodError'{0x00000000cd42c090}: 'void java.lang.invoke.DirectMethodHandle$Holder.invokeStatic(java.lang.Object, java.lang.Object, java.lang.Object, java.lang.Object)'> (0x00000000cd42c090) 
thrown [s\open\src\hotspot\share\interpreter\linkResolver.cpp, line 796]
Event: 1.224 Thread 0x000001c9bedd0bc0 Exception <a 'java/lang/NoSuchMethodError'{0x00000000cd42fae0}: 'void java.lang.invoke.DirectMethodHandle$Holder.invokeStaticInit(java.lang.Object, java.lang.Object, java.lang.Object, java.lang.Object)'> (0x00000000cd42fae0) 
thrown [s\open\src\hotspot\share\interpreter\linkResolver.cpp, line 796]
Event: 1.344 Thread 0x000001c9bedd0bc0 Exception <a 'java/lang/NoSuchMethodError'{0x00000000cd313e80}: 'java.lang.Object java.lang.invoke.DirectMethodHandle$Holder.invokeInterface(java.lang.Object, java.lang.Object)'> (0x00000000cd313e80) 
thrown [s\open\src\hotspot\share\interpreter\linkResolver.cpp, line 796]
Event: 1.787 Thread 0x000001c9bedd0bc0 Exception <a 'java/lang/NoSuchMethodError'{0x00000000ccf9e270}: 'java.lang.Object java.lang.invoke.DirectMethodHandle$Holder.newInvokeSpecial(java.lang.Object, long, int, java.lang.Object)'> (0x00000000ccf9e270) 
thrown [s\open\src\hotspot\share\interpreter\linkResolver.cpp, line 796]
Event: 1.889 Thread 0x000001c9bedd0bc0 Exception <a 'java/lang/NoSuchMethodError'{0x00000000cce016d8}: 'void java.lang.invoke.DirectMethodHandle$Holder.invokeSpecial(java.lang.Object, java.lang.Object, java.lang.Object)'> (0x00000000cce016d8) 
thrown [s\open\src\hotspot\share\interpreter\linkResolver.cpp, line 796]
Event: 1.898 Thread 0x000001c9bedd0bc0 Exception <a 'java/lang/NoSuchMethodError'{0x00000000cce0ac58}: 'void java.lang.invoke.DirectMethodHandle$Holder.invokeStatic(java.lang.Object, int, java.lang.Object)'> (0x00000000cce0ac58) 
thrown [s\open\src\hotspot\share\interpreter\linkResolver.cpp, line 796]
Event: 2.216 Thread 0x000001c9bedd0bc0 Exception <a 'java/lang/NoSuchMethodError'{0x00000000ccc0e600}: 'java.lang.Object java.lang.invoke.DirectMethodHandle$Holder.invokeStatic(java.lang.Object, java.lang.Object, java.lang.Object, java.lang.Object, int)'> (0x00000000ccc0e600) 
thrown [s\open\src\hotspot\share\interpreter\linkResolver.cpp, line 796]
Event: 2.232 Thread 0x000001c9bedd0bc0 Exception <a 'java/lang/NoSuchMethodError'{0x00000000ccc1a308}: 'java.lang.Object java.lang.invoke.DelegatingMethodHandle$Holder.reinvoke_L(java.lang.Object, int, java.lang.Object, java.lang.Object, java.lang.Object, java.lang.Object, java.lang.Object, java.lang.Object, java.lang.Object)'> (0x00000000ccc1a308) 
thrown [s\open\src\hotspot\share\interpreter\linkResolver.cpp, line 796]
Event: 2.264 Thread 0x000001c9bedd0bc0 Exception <a 'java/lang/NoSuchMethodError'{0x00000000ccc4af38}: 'java.lang.Object java.lang.invoke.DirectMethodHandle$Holder.invokeStatic(java.lang.Object, java.lang.Object, int)'> (0x00000000ccc4af38) 
thrown [s\open\src\hotspot\share\interpreter\linkResolver.cpp, line 796]
Event: 2.267 Thread 0x000001c9bedd0bc0 Exception <a 'java/lang/NoSuchMethodError'{0x00000000ccc565e8}: 'void java.lang.invoke.DelegatingMethodHandle$Holder.delegate(java.lang.Object, java.lang.Object, int, java.lang.Object)'> (0x00000000ccc565e8) 
thrown [s\open\src\hotspot\share\interpreter\linkResolver.cpp, line 796]
Event: 2.428 Thread 0x000001c9bedd0bc0 Exception <a 'java/lang/NoSuchMethodError'{0x00000000ccb28378}: 'void java.lang.invoke.Invokers$Holder.invokeExact_MT(java.lang.Object, java.lang.Object, java.lang.Object, java.lang.Object)'> (0x00000000ccb28378) 
thrown [s\open\src\hotspot\share\interpreter\linkResolver.cpp, line 796]
Event: 2.445 Thread 0x000001c9bedd0bc0 Exception <a 'java/lang/NoSuchMethodError'{0x00000000ccb38940}: 'void java.lang.invoke.DelegatingMethodHandle$Holder.reinvoke_L(java.lang.Object, java.lang.Object, int)'> (0x00000000ccb38940) 
thrown [s\open\src\hotspot\share\interpreter\linkResolver.cpp, line 796]
Event: 2.447 Thread 0x000001c9bedd0bc0 Exception <a 'java/lang/NoSuchMethodError'{0x00000000ccb3f1f0}: 'int java.lang.invoke.Invokers$Holder.invokeExact_MT(java.lang.Object, java.lang.Object, java.lang.Object)'> (0x00000000ccb3f1f0) 
thrown [s\open\src\hotspot\share\interpreter\linkResolver.cpp, line 796]

VM Operations (10 events):
Event: 0.410 Executing VM operation: HandshakeAllThreads (Deoptimize)
Event: 0.410 Executing VM operation: HandshakeAllThreads (Deoptimize) done
Event: 0.754 Executing VM operation: HandshakeAllThreads (Deoptimize)
Event: 0.754 Executing VM operation: HandshakeAllThreads (Deoptimize) done
Event: 0.900 Executing VM operation: HandshakeAllThreads (Deoptimize)
Event: 0.900 Executing VM operation: HandshakeAllThreads (Deoptimize) done
Event: 0.900 Executing VM operation: HandshakeAllThreads (Deoptimize)
Event: 0.900 Executing VM operation: HandshakeAllThreads (Deoptimize) done
Event: 2.263 Executing VM operation: HandshakeAllThreads (Deoptimize)
Event: 2.263 Executing VM operation: HandshakeAllThreads (Deoptimize) done

Memory protections (0 events):
No events

Nmethod flushes (0 events):
No events

Events (11 events):
Event: 0.178 Thread 0x000001c9bedd0bc0 Thread added: 0x000001c9bedd0bc0
Event: 0.253 Thread 0x000001c9bedd0bc0 Thread added: 0x000001c9dc6a5fa0
Event: 0.254 Thread 0x000001c9bedd0bc0 Thread added: 0x000001c9dc6a8080
Event: 0.256 Thread 0x000001c9bedd0bc0 Thread added: 0x000001c9dc6aa000
Event: 0.256 Thread 0x000001c9bedd0bc0 Thread added: 0x000001c9dc6ad280
Event: 0.256 Thread 0x000001c9bedd0bc0 Thread added: 0x000001c9dc6afcf0
Event: 0.257 Thread 0x000001c9bedd0bc0 Thread added: 0x000001c9dc6b0750
Event: 0.257 Thread 0x000001c9bedd0bc0 Thread added: 0x000001c9dc6b3890
Event: 0.263 Thread 0x000001c9bedd0bc0 Thread added: 0x000001c9dc6b58d0
Event: 0.317 Thread 0x000001c9bedd0bc0 Thread added: 0x000001c9dc8376b0
Event: 0.322 Thread 0x000001c9bedd0bc0 Thread added: 0x000001c9dc838530


Dynamic libraries:
0x00007ff726860000 - 0x00007ff726870000 	C:\Program Files\Java\jdk-23\bin\java.exe
0x00007ff980f10000 - 0x00007ff981128000 	C:\Windows\SYSTEM32\ntdll.dll
0x00007ff97f270000 - 0x00007ff97f334000 	C:\Windows\System32\KERNEL32.DLL
0x00007ff97e0a0000 - 0x00007ff97e473000 	C:\Windows\System32\KERNELBASE.dll
0x00007ff97e480000 - 0x00007ff97e591000 	C:\Windows\System32\ucrtbase.dll
0x00007ff94a870000 - 0x00007ff94a88b000 	C:\Program Files\Java\jdk-23\bin\VCRUNTIME140.dll
0x00007ff946e30000 - 0x00007ff946e47000 	C:\Program Files\Java\jdk-23\bin\jli.dll
0x00007ff97f550000 - 0x00007ff97f702000 	C:\Windows\System32\USER32.dll
0x00007ff97e7b0000 - 0x00007ff97e7d6000 	C:\Windows\System32\win32u.dll
0x00007ff980ea0000 - 0x00007ff980ec9000 	C:\Windows\System32\GDI32.dll
0x00007ff97e690000 - 0x00007ff97e7ab000 	C:\Windows\System32\gdi32full.dll
0x00007ff97e950000 - 0x00007ff97e9ea000 	C:\Windows\System32\msvcp_win.dll
0x00007ff96e990000 - 0x00007ff96ec2c000 	C:\Windows\WinSxS\amd64_microsoft.windows.common-controls_6595b64144ccf1df_6.0.22621.6060_none_2712eda17382d24b\COMCTL32.dll
0x00007ff97ee50000 - 0x00007ff97eef7000 	C:\Windows\System32\msvcrt.dll
0x00007ff97efb0000 - 0x00007ff97efe1000 	C:\Windows\System32\IMM32.DLL
0x00007ff97a010000 - 0x00007ff97a01c000 	C:\Program Files\Java\jdk-23\bin\vcruntime140_1.dll
0x00007ff8f2c10000 - 0x00007ff8f2c9e000 	C:\Program Files\Java\jdk-23\bin\msvcp140.dll
0x00007ff8c4e20000 - 0x00007ff8c5b6f000 	C:\Program Files\Java\jdk-23\bin\server\jvm.dll
0x00007ff97f1b0000 - 0x00007ff97f261000 	C:\Windows\System32\ADVAPI32.dll
0x00007ff97ef00000 - 0x00007ff97efa8000 	C:\Windows\System32\sechost.dll
0x00007ff97e5a0000 - 0x00007ff97e5c8000 	C:\Windows\System32\bcrypt.dll
0x00007ff9801c0000 - 0x00007ff9802d8000 	C:\Windows\System32\RPCRT4.dll
0x00007ff9803f0000 - 0x00007ff980461000 	C:\Windows\System32\WS2_32.dll
0x00007ff97def0000 - 0x00007ff97df3d000 	C:\Windows\SYSTEM32\POWRPROF.dll
0x00007ff979e40000 - 0x00007ff979e74000 	C:\Windows\SYSTEM32\WINMM.dll
0x00007ff975350000 - 0x00007ff97535a000 	C:\Windows\SYSTEM32\VERSION.dll
0x00007ff97ded0000 - 0x00007ff97dee3000 	C:\Windows\SYSTEM32\UMPDC.dll
0x00007ff97d000000 - 0x00007ff97d018000 	C:\Windows\SYSTEM32\kernel.appcore.dll
0x00007ff979ab0000 - 0x00007ff979aba000 	C:\Program Files\Java\jdk-23\bin\jimage.dll
0x00007ff97bb20000 - 0x00007ff97bd53000 	C:\Windows\SYSTEM32\DBGHELP.DLL
0x00007ff980470000 - 0x00007ff980801000 	C:\Windows\System32\combase.dll
0x00007ff97ebb0000 - 0x00007ff97ec88000 	C:\Windows\System32\OLEAUT32.dll
0x00007ff96c750000 - 0x00007ff96c782000 	C:\Windows\SYSTEM32\dbgcore.DLL
0x00007ff97eb30000 - 0x00007ff97ebab000 	C:\Windows\System32\bcryptPrimitives.dll
0x00007ff944670000 - 0x00007ff94468e000 	C:\Program Files\Java\jdk-23\bin\java.dll
0x00007ff97f000000 - 0x00007ff97f1a1000 	C:\Windows\System32\ole32.dll
0x00007ff97f870000 - 0x00007ff98010c000 	C:\Windows\System32\SHELL32.dll
0x00007ff97e9f0000 - 0x00007ff97eb2f000 	C:\Windows\System32\wintypes.dll
0x00007ff97bf20000 - 0x00007ff97c83a000 	C:\Windows\SYSTEM32\windows.storage.dll
0x00007ff9802e0000 - 0x00007ff9803e4000 	C:\Windows\System32\SHCORE.dll
0x00007ff97ece0000 - 0x00007ff97ed49000 	C:\Windows\System32\shlwapi.dll
0x00007ff97df50000 - 0x00007ff97df75000 	C:\Windows\SYSTEM32\profapi.dll
0x00007ff8f3b40000 - 0x00007ff8f3c17000 	C:\Program Files\Java\jdk-23\bin\jsvml.dll
0x00007ff974280000 - 0x00007ff974290000 	C:\Program Files\Java\jdk-23\bin\net.dll
0x00007ff97d4e0000 - 0x00007ff97d549000 	C:\Windows\system32\mswsock.dll
0x00007ff924630000 - 0x00007ff924646000 	C:\Program Files\Java\jdk-23\bin\nio.dll
0x00007ff9049a0000 - 0x00007ff9049b7000 	C:\Program Files\Java\jdk-23\bin\zip.dll
0x00007ff973f40000 - 0x00007ff973f4a000 	C:\Program Files\Java\jdk-23\bin\management.dll
0x00007ff973f20000 - 0x00007ff973f2b000 	C:\Program Files\Java\jdk-23\bin\management_ext.dll
0x00007ff97edb0000 - 0x00007ff97edb8000 	C:\Windows\System32\PSAPI.DLL

dbghelp: loaded successfully - version: 4.0.5 - missing functions: none
symbol engine: initialized successfully - sym options: 0x614 - pdb path: .;C:\Program Files\Java\jdk-23\bin;C:\Windows\SYSTEM32;C:\Windows\WinSxS\amd64_microsoft.windows.common-controls_6595b64144ccf1df_6.0.22621.6060_none_2712eda17382d24b;C:\Program Files\Java\jdk-23\bin\server

VM Arguments:
jvm_args: -Dfile.encoding=UTF-8 -Ddb2.jcc.charsetDecoderEncoder=3 
java_command: com.ibm.db2.server.DssLauncher 3000 off c:\Users\LENOVO\AppData\Roaming\Code\logs\20260523T160726\window1\exthost\IBM.db2forzosdeveloperextension -Xmx256M
java_class_path (initial): c:\Users\LENOVO\.vscode\extensions\ibm.db2forzosdeveloperextension-2.2.4\dist\dss-dist-1-SNAPSHOT.jar;;c:\Users\LENOVO\.vscode\extensions\ibm.db2forzosdeveloperextension-2.2.4\lib\db2jcc4.jar;c:\Users\LENOVO\.vscode\extensions\ibm.db2forzosdeveloperextension-2.2.4\lib\sqlj4.zip
Launcher Type: SUN_STANDARD

[Global flags]
     intx CICompilerCount                          = 4                                         {product} {ergonomic}
     uint ConcGCThreads                            = 2                                         {product} {ergonomic}
     uint G1ConcRefinementThreads                  = 8                                         {product} {ergonomic}
   size_t G1HeapRegionSize                         = 1048576                                   {product} {ergonomic}
   size_t InitialHeapSize                          = 56623104                                  {product} {ergonomic}
   size_t MarkStackSize                            = 4194304                                   {product} {ergonomic}
   size_t MarkStackSizeMax                         = 536870912                                 {product} {ergonomic}
   size_t MaxHeapSize                              = 899678208                                 {product} {ergonomic}
   size_t MaxNewSize                               = 538968064                                 {product} {ergonomic}
   size_t MinHeapDeltaBytes                        = 1048576                                   {product} {ergonomic}
   size_t MinHeapSize                              = 8388608                                   {product} {ergonomic}
    uintx NonNMethodCodeHeapSize                   = 5832704                                {pd product} {ergonomic}
    uintx NonProfiledCodeHeapSize                  = 122945536                              {pd product} {ergonomic}
    uintx ProfiledCodeHeapSize                     = 122880000                              {pd product} {ergonomic}
    uintx ReservedCodeCacheSize                    = 251658240                              {pd product} {ergonomic}
     bool SegmentedCodeCache                       = true                                      {product} {ergonomic}
   size_t SoftMaxHeapSize                          = 899678208                              {manageable} {ergonomic}
     bool UseCompressedOops                        = true                           {product lp64_product} {ergonomic}
     bool UseG1GC                                  = true                                      {product} {ergonomic}
     bool UseLargePagesIndividualAllocation        = false                                  {pd product} {ergonomic}

Logging:
Log output configuration:
 #0: stdout all=warning uptime,level,tags foldmultilines=false
 #1: stderr all=off uptime,level,tags foldmultilines=false

Environment Variables:
PATH=C:\Program Files\Common Files\Oracle\Java\javapath;C:\Program Files\Microsoft\jdk-11.0.16.101-hotspot\bin;C:\Windows\system32;C:\Windows;C:\Windows\System32\Wbem;C:\Windows\System32\WindowsPowerShell\v1.0\;C:\Windows\System32\OpenSSH\;c:\Program Files (x86)\Microsoft SQL Server\100\Tools\Binn\;c:\Program Files\Microsoft SQL Server\100\Tools\Binn\;c:\Program Files\Microsoft SQL Server\100\DTS\Binn\;C:\Program Files (x86)\Microsoft SQL Server\160\Tools\Binn\;C:\Program Files\Microsoft SQL Server\160\Tools\Binn\;C:\Program Files\Microsoft SQL Server\Client SDK\ODBC\170\Tools\Binn\;C:\Program Files\Microsoft SQL Server\160\DTS\Binn\;C:\Program Files (x86)\Microsoft SQL Server\150\Tools\Binn\;C:\Program Files\Microsoft SQL Server\150\Tools\Binn\;C:\Program Files\Microsoft SQL Server\150\DTS\Binn\;C:\Program Files (x86)\Microsoft SQL Server\160\DTS\Binn\;C:\xampp_new\php;C:\ProgramData\ComposerSetup\bin;C:\Program Files\dotnet\;C:\Program Files (x86)\Windows Kits\10\Windows Performance Toolkit\;C:\Program Files\nodejs\;C:\Program Files\Git\cmd;C:\xampp\php;C:\Users\LENOVO\AppData\Local\Programs\Python\Python312\Scripts\;C:\Users\LENOVO\AppData\Local\Programs\Python\Python312\;C:\Users\LENOVO\AppData\Local\Microsoft\WindowsApps;C:\Users\LENOVO\AppData\Local\Programs\Microsoft VS Code\bin;C:\Users\LENOVO\AppData\Roaming\Composer\vendor\bin;C:\Users\LENOVO\.dotnet\tools;C:\flutter\bin;C:\Users\LENOVO\AppData\Roaming\npm
USERNAME=LENOVO
OS=Windows_NT
PROCESSOR_IDENTIFIER=AMD64 Family 23 Model 104 Stepping 1, AuthenticAMD
TMP=C:\Users\LENOVO\AppData\Local\Temp
TEMP=C:\Users\LENOVO\AppData\Local\Temp




Periodic native trim disabled

---------------  S Y S T E M  ---------------

OS:
 Windows 11 , 64 bit Build 22621 (10.0.22621.5415)
OS uptime: 0 days 22:04 hours

CPU: total 8 (initial active 8) (8 cores per cpu, 2 threads per core) family 23 model 104 stepping 1 microcode 0x0, cx8, cmov, fxsr, ht, mmx, 3dnowpref, sse, sse2, sse3, ssse3, sse4a, sse4.1, sse4.2, popcnt, lzcnt, tsc, tscinvbit, avx, avx2, aes, clmul, bmi1, bmi2, adx, sha, fma, vzeroupper, clflush, clflushopt, rdtscp, rdpid, f16c
Processor Information for the first 8 processors :
  Max Mhz: 2600, Current Mhz: 2600, Mhz Limit: 2600

Memory: 4k page, system-wide physical 3429M (97M free)
TotalPageFile size 14181M (AvailPageFile size 27M)
current process WorkingSet (physical memory assigned to process): 69M, peak: 69M
current process commit charge ("private bytes"): 147M, peak: 147M

vm_info: Java HotSpot(TM) 64-Bit Server VM (23+37-2369) for windows-amd64 JRE (23+37-2369), built on 2024-08-20T16:01:23Z with MS VC++ 17.6 (VS2022)

END.
