#
# There is insufficient memory for the Java Runtime Environment to continue.
# Native memory allocation (mmap) failed to map 56623104 bytes. Error detail: G1 virtual space
# Possible reasons:
#   The system is out of physical RAM or swap space
#   This process is running with CompressedOops enabled, and the Java Heap may be blocking the growth of the native heap
# Possible solutions:
#   Reduce memory load on the system
#   Increase physical memory or swap space
#   Check if swap backing store is full
#   Decrease Java heap size (-Xmx/-Xms)
#   Decrease number of Java threads
#   Decrease Java thread stack sizes (-Xss)
#   Set larger code cache with -XX:ReservedCodeCacheSize=
#   JVM is running with Unscaled Compressed Oops mode in which the Java heap is
#     placed in the first 4GB address space. The Java Heap base address is the
#     maximum limit for the native heap growth. Please use -XX:HeapBaseMinAddress
#     to set the Java Heap base and to place the Java Heap above 4GB virtual address.
# This output file may be truncated or incomplete.
#
#  Out of Memory Error (os_windows.cpp:3703), pid=1280, tid=17988
#
# JRE version:  (23.0+37) (build )
# Java VM: Java HotSpot(TM) 64-Bit Server VM (23+37-2369, mixed mode, sharing, tiered, compressed oops, compressed class ptrs, g1 gc, windows-amd64)
# No core dump will be written. Minidumps are not enabled by default on client versions of Windows
#

---------------  S U M M A R Y ------------

Command Line: 

Host: AMD Ryzen 3 5300U with Radeon Graphics         , 8 cores, 3G,  Windows 11 , 64 bit Build 22621 (10.0.22621.5415)
Time: Fri May 29 10:20:07 2026 Afr. centrale Ouest elapsed time: 0.025932 seconds (0d 0h 0m 0s)

---------------  T H R E A D  ---------------

Current thread (0x000002d53fec0020):  JavaThread "Unknown thread" [_thread_in_vm, id=17988, stack(0x000000e8d0100000,0x000000e8d0200000) (1024K)]

Stack: [0x000000e8d0100000,0x000000e8d0200000]
Native frames: (J=compiled Java code, j=interpreted, Vv=VM code, C=native code)
V  [jvm.dll+0x6e08a9]  (no source info available)
V  [jvm.dll+0x87da63]  (no source info available)
V  [jvm.dll+0x87feee]  (no source info available)
V  [jvm.dll+0x8805c3]  (no source info available)
V  [jvm.dll+0x27aee6]  (no source info available)
V  [jvm.dll+0x6dd1b5]  (no source info available)
V  [jvm.dll+0x6d103a]  (no source info available)
V  [jvm.dll+0x35b3ea]  (no source info available)
V  [jvm.dll+0x3637f6]  (no source info available)
V  [jvm.dll+0x34fd5e]  (no source info available)
V  [jvm.dll+0x34fff8]  (no source info available)
V  [jvm.dll+0x3289cc]  (no source info available)
V  [jvm.dll+0x32966e]  (no source info available)
V  [jvm.dll+0x8442e5]  (no source info available)
V  [jvm.dll+0x3b9848]  (no source info available)
V  [jvm.dll+0x82d0dc]  (no source info available)
V  [jvm.dll+0x454d4e]  (no source info available)
V  [jvm.dll+0x456bd1]  (no source info available)
C  [jli.dll+0x52a3]  (no source info available)
C  [ucrtbase.dll+0x29333]  (no source info available)
C  [KERNEL32.DLL+0x1259d]  (no source info available)
C  [ntdll.dll+0x5af78]  (no source info available)

Lock stack of current Java thread (top to bottom):


---------------  P R O C E S S  ---------------

Threads class SMR info:
_java_thread_list=0x00007ffaea033618, length=0, elements={
}

Java Threads: ( => current thread )
Total: 0

Other Threads:
  0x000002d5422be5c0 WorkerThread "GC Thread#0"                     [id=25720, stack(0x000000e8d0200000,0x000000e8d0300000) (1024K)]
  0x000002d5422c7c20 ConcurrentGCThread "G1 Main Marker"            [id=7292, stack(0x000000e8d0300000,0x000000e8d0400000) (1024K)]
  0x000002d5422c8730 WorkerThread "G1 Conc#0"                       [id=25664, stack(0x000000e8d0400000,0x000000e8d0500000) (1024K)]

[error occurred during error reporting (printing all threads), id 0xc0000005, EXCEPTION_ACCESS_VIOLATION (0xc0000005) at pc=0x00007ffae977bfba]
VM state: not at safepoint (not fully initialized)

VM Mutex/Monitor currently owned by a thread:  ([mutex/lock_event])
[0x00007ffaea0b3a10] Heap_lock - owner thread: 0x000002d53fec0020

Heap address: 0x00000000ca600000, size: 858 MB, Compressed Oops mode: 32-bit

CDS archive(s) mapped at: [0x0000000000000000-0x0000000000000000-0x0000000000000000), size 0, SharedBaseAddress: 0x0000000800000000, ArchiveRelocationMode: 1.
Narrow klass base: 0x0000000000000000, Narrow klass shift: 0, Narrow klass range: 0x0

GC Precious Log:
 CardTable entry size: 512
 Card Set container configuration: InlinePtr #cards 5 size 8 Array Of Cards #cards 10 size 36 Howl #buckets 4 coarsen threshold 1843 Howl Bitmap #cards 512 size 80 coarsen threshold 460 Card regions per heap region 1 cards per card region 2048

Heap:
 garbage-first heap   total reserved 878592K, committed 0K, used 0K [0x00000000ca600000, 0x0000000100000000)
  region size 1024K, 0 young (0K), 0 survivors (0K)

[error occurred during error reporting (printing heap information), id 0xc0000005, EXCEPTION_ACCESS_VIOLATION (0xc0000005) at pc=0x00007ffae9b7c3b9]
GC Heap History (0 events):
No events

Dll operation events (1 events):
Event: 0.017 Loaded shared library C:\Program Files\Java\jdk-23\bin\java.dll

Deoptimization events (0 events):
No events

Classes loaded (0 events):
No events

Classes unloaded (0 events):
No events

Classes redefined (0 events):
No events

Internal exceptions (0 events):
No events

VM Operations (0 events):
No events

Memory protections (0 events):
No events

Nmethod flushes (0 events):
No events

Events (0 events):
No events


Dynamic libraries:
0x00007ff7f0570000 - 0x00007ff7f0580000 	C:\Program Files\Java\jdk-23\bin\java.exe
0x00007ffbb1270000 - 0x00007ffbb1488000 	C:\Windows\SYSTEM32\ntdll.dll
0x00007ffbaf9c0000 - 0x00007ffbafa84000 	C:\Windows\System32\KERNEL32.DLL
0x00007ffbae8a0000 - 0x00007ffbaec73000 	C:\Windows\System32\KERNELBASE.dll
0x00007ffbae380000 - 0x00007ffbae491000 	C:\Windows\System32\ucrtbase.dll
0x00007ffb8f630000 - 0x00007ffb8f64b000 	C:\Program Files\Java\jdk-23\bin\VCRUNTIME140.dll
0x00007ffb86780000 - 0x00007ffb86797000 	C:\Program Files\Java\jdk-23\bin\jli.dll
0x00007ffbb0d70000 - 0x00007ffbb0f22000 	C:\Windows\System32\USER32.dll
0x00007ffb9f570000 - 0x00007ffb9f80c000 	C:\Windows\WinSxS\amd64_microsoft.windows.common-controls_6595b64144ccf1df_6.0.22621.6060_none_2712eda17382d24b\COMCTL32.dll
0x00007ffbae7b0000 - 0x00007ffbae7d6000 	C:\Windows\System32\win32u.dll
0x00007ffbafa90000 - 0x00007ffbafb37000 	C:\Windows\System32\msvcrt.dll
0x00007ffbb0fc0000 - 0x00007ffbb0fe9000 	C:\Windows\System32\GDI32.dll
0x00007ffbae610000 - 0x00007ffbae72b000 	C:\Windows\System32\gdi32full.dll
0x00007ffbaedf0000 - 0x00007ffbaee8a000 	C:\Windows\System32\msvcp_win.dll
0x00007ffbaf6d0000 - 0x00007ffbaf701000 	C:\Windows\System32\IMM32.DLL
0x00007ffba7ca0000 - 0x00007ffba7cac000 	C:\Program Files\Java\jdk-23\bin\vcruntime140_1.dll
0x00007ffb777e0000 - 0x00007ffb7786e000 	C:\Program Files\Java\jdk-23\bin\msvcp140.dll
0x00007ffae9440000 - 0x00007ffaea18f000 	C:\Program Files\Java\jdk-23\bin\server\jvm.dll
0x00007ffbaf150000 - 0x00007ffbaf201000 	C:\Windows\System32\ADVAPI32.dll
0x00007ffbb1180000 - 0x00007ffbb1228000 	C:\Windows\System32\sechost.dll
0x00007ffbae5e0000 - 0x00007ffbae608000 	C:\Windows\System32\bcrypt.dll
0x00007ffbaf5b0000 - 0x00007ffbaf6c8000 	C:\Windows\System32\RPCRT4.dll
0x00007ffbaf8c0000 - 0x00007ffbaf931000 	C:\Windows\System32\WS2_32.dll
0x00007ffbae250000 - 0x00007ffbae29d000 	C:\Windows\SYSTEM32\POWRPROF.dll
0x00007ffba5140000 - 0x00007ffba514a000 	C:\Windows\SYSTEM32\VERSION.dll
0x00007ffbaa1a0000 - 0x00007ffbaa1d4000 	C:\Windows\SYSTEM32\WINMM.dll
0x00007ffbae230000 - 0x00007ffbae243000 	C:\Windows\SYSTEM32\UMPDC.dll
0x00007ffbad360000 - 0x00007ffbad378000 	C:\Windows\SYSTEM32\kernel.appcore.dll
0x00007ffb8f680000 - 0x00007ffb8f68a000 	C:\Program Files\Java\jdk-23\bin\jimage.dll
0x00007ffbabeb0000 - 0x00007ffbac0e3000 	C:\Windows\SYSTEM32\DBGHELP.DLL
0x00007ffbaf210000 - 0x00007ffbaf5a1000 	C:\Windows\System32\combase.dll
0x00007ffbaef10000 - 0x00007ffbaefe8000 	C:\Windows\System32\OLEAUT32.dll
0x00007ffb9c430000 - 0x00007ffb9c462000 	C:\Windows\SYSTEM32\dbgcore.DLL
0x00007ffbaee90000 - 0x00007ffbaef0b000 	C:\Windows\System32\bcryptPrimitives.dll
0x00007ffb86760000 - 0x00007ffb8677e000 	C:\Program Files\Java\jdk-23\bin\java.dll
0x00007ffbaf710000 - 0x00007ffbaf8b1000 	C:\Windows\System32\ole32.dll
0x00007ffbb0200000 - 0x00007ffbb0a9c000 	C:\Windows\System32\SHELL32.dll
0x00007ffbae4a0000 - 0x00007ffbae5df000 	C:\Windows\System32\wintypes.dll

dbghelp: loaded successfully - version: 4.0.5 - missing functions: none
symbol engine: initialized successfully - sym options: 0x614 - pdb path: .;C:\Program Files\Java\jdk-23\bin;C:\Windows\SYSTEM32;C:\Windows\WinSxS\amd64_microsoft.windows.common-controls_6595b64144ccf1df_6.0.22621.6060_none_2712eda17382d24b;C:\Program Files\Java\jdk-23\bin\server

VM Arguments:
java_command: <unknown>
java_class_path (initial): <not set>
Launcher Type: SUN_STANDARD

[Global flags]
     intx CICompilerCount                          = 4                                         {product} {ergonomic}
     uint ConcGCThreads                            = 2                                         {product} {ergonomic}
     uint G1ConcRefinementThreads                  = 8                                         {product} {ergonomic}
   size_t G1HeapRegionSize                         = 1048576                                   {product} {ergonomic}
   size_t InitialHeapSize                          = 56623104                                  {product} {ergonomic}
   size_t MarkStackSize                            = 4194304                                   {product} {ergonomic}
   size_t MarkStackSizeMax                         = 536870912                                 {product} {ergonomic}
   size_t MaxHeapSize                              = 899678208                                 {product} {ergonomic}
   size_t MinHeapDeltaBytes                        = 1048576                                   {product} {ergonomic}
   size_t MinHeapSize                              = 8388608                                   {product} {ergonomic}
    uintx NonNMethodCodeHeapSize                   = 5832704                                {pd product} {ergonomic}
    uintx NonProfiledCodeHeapSize                  = 122945536                              {pd product} {ergonomic}
    uintx ProfiledCodeHeapSize                     = 122880000                              {pd product} {ergonomic}
    uintx ReservedCodeCacheSize                    = 251658240                              {pd product} {ergonomic}
     bool SegmentedCodeCache                       = true                                      {product} {ergonomic}
   size_t SoftMaxHeapSize                          = 899678208                              {manageable} {ergonomic}
     bool UseCompressedOops                        = true                           {product lp64_product} {ergonomic}
     bool UseG1GC                                  = true                                      {product} {ergonomic}
     bool UseLargePagesIndividualAllocation        = false                                  {pd product} {ergonomic}

Logging:
Log output configuration:
 #0: stdout all=warning uptime,level,tags foldmultilines=false
 #1: stderr all=off uptime,level,tags foldmultilines=false

Environment Variables:
PATH=C:\Program Files\Common Files\Oracle\Java\javapath;C:\Program Files\Microsoft\jdk-11.0.16.101-hotspot\bin;C:\Windows\system32;C:\Windows;C:\Windows\System32\Wbem;C:\Windows\System32\WindowsPowerShell\v1.0\;C:\Windows\System32\OpenSSH\;c:\Program Files (x86)\Microsoft SQL Server\100\Tools\Binn\;c:\Program Files\Microsoft SQL Server\100\Tools\Binn\;c:\Program Files\Microsoft SQL Server\100\DTS\Binn\;C:\Program Files (x86)\Microsoft SQL Server\160\Tools\Binn\;C:\Program Files\Microsoft SQL Server\160\Tools\Binn\;C:\Program Files\Microsoft SQL Server\Client SDK\ODBC\170\Tools\Binn\;C:\Program Files\Microsoft SQL Server\160\DTS\Binn\;C:\Program Files (x86)\Microsoft SQL Server\150\Tools\Binn\;C:\Program Files\Microsoft SQL Server\150\Tools\Binn\;C:\Program Files\Microsoft SQL Server\150\DTS\Binn\;C:\Program Files (x86)\Microsoft SQL Server\160\DTS\Binn\;C:\xampp_new\php;C:\ProgramData\ComposerSetup\bin;C:\Program Files\dotnet\;C:\Program Files (x86)\Windows Kits\10\Windows Performance Toolkit\;C:\Program Files\nodejs\;C:\Program Files\Git\cmd;C:\xampp\php;C:\Users\LENOVO\AppData\Local\Programs\Python\Python312\Scripts\;C:\Users\LENOVO\AppData\Local\Programs\Python\Python312\;C:\Users\LENOVO\AppData\Local\Microsoft\WindowsApps;C:\Users\LENOVO\AppData\Local\Programs\Microsoft VS Code\bin;C:\Users\LENOVO\AppData\Roaming\Composer\vendor\bin;C:\Users\LENOVO\.dotnet\tools;C:\flutter\bin;C:\Users\LENOVO\AppData\Roaming\npm
USERNAME=LENOVO
OS=Windows_NT
PROCESSOR_IDENTIFIER=AMD64 Family 23 Model 104 Stepping 1, AuthenticAMD
TMP=C:\Users\LENOVO\AppData\Local\Temp
TEMP=C:\Users\LENOVO\AppData\Local\Temp




Periodic native trim disabled

---------------  S Y S T E M  ---------------

OS:
 Windows 11 , 64 bit Build 22621 (10.0.22621.5415)
OS uptime: 2 days 1:27 hours

CPU: total 8 (initial active 8) (8 cores per cpu, 2 threads per core) family 23 model 104 stepping 1 microcode 0x0, cx8, cmov, fxsr, ht, mmx, 3dnowpref, sse, sse2, sse3, ssse3, sse4a, sse4.1, sse4.2, popcnt, lzcnt, tsc, tscinvbit, avx, avx2, aes, clmul, bmi1, bmi2, adx, sha, fma, vzeroupper, clflush, clflushopt, rdtscp, rdpid, f16c
Processor Information for the first 8 processors :
  Max Mhz: 2600, Current Mhz: 2600, Mhz Limit: 2600

Memory: 4k page, system-wide physical 3429M (69M free)
TotalPageFile size 14181M (AvailPageFile size 51M)
current process WorkingSet (physical memory assigned to process): 12M, peak: 12M
current process commit charge ("private bytes"): 60M, peak: 114M

vm_info: Java HotSpot(TM) 64-Bit Server VM (23+37-2369) for windows-amd64 JRE (23+37-2369), built on 2024-08-20T16:01:23Z with MS VC++ 17.6 (VS2022)

END.
