#
# There is insufficient memory for the Java Runtime Environment to continue.
# Native memory allocation (malloc) failed to allocate 32784 bytes. Error detail: Chunk::new
# Possible reasons:
#   The system is out of physical RAM or swap space
#   This process is running with CompressedOops enabled, and the Java Heap may be blocking the growth of the native heap
# Possible solutions:
#   Reduce memory load on the system
#   Increase physical memory or swap space
#   Check if swap backing store is full
#   Decrease Java heap size (-Xmx/-Xms)
#   Decrease number of Java threads
#   Decrease Java thread stack sizes (-Xss)
#   Set larger code cache with -XX:ReservedCodeCacheSize=
#   JVM is running with Unscaled Compressed Oops mode in which the Java heap is
#     placed in the first 4GB address space. The Java Heap base address is the
#     maximum limit for the native heap growth. Please use -XX:HeapBaseMinAddress
#     to set the Java Heap base and to place the Java Heap above 4GB virtual address.
# This output file may be truncated or incomplete.
#
#  Out of Memory Error (arena.cpp:149), pid=17552, tid=1604
#
# JRE version: Java(TM) SE Runtime Environment (23.0+37) (build 23+37-2369)
# Java VM: Java HotSpot(TM) 64-Bit Server VM (23+37-2369, mixed mode, sharing, tiered, compressed oops, compressed class ptrs, g1 gc, windows-amd64)
# No core dump will be written. Minidumps are not enabled by default on client versions of Windows
#

---------------  S U M M A R Y ------------

Command Line: -Dfile.encoding=UTF-8 -Ddb2.jcc.charsetDecoderEncoder=3 com.ibm.db2.server.DssLauncher 3000 off c:\Users\LENOVO\AppData\Roaming\Code\logs\20260415T120948\window2\exthost\IBM.db2forzosdeveloperextension -Xmx256M

Host: AMD Ryzen 3 5300U with Radeon Graphics         , 8 cores, 3G,  Windows 11 , 64 bit Build 22621 (10.0.22621.5415)
Time: Wed Apr 15 12:26:13 2026 Afr. centrale Ouest elapsed time: 2.219294 seconds (0d 0h 0m 2s)

---------------  T H R E A D  ---------------

Current thread (0x000001af30e29000):  JavaThread "C2 CompilerThread0" daemon [_thread_in_native, id=1604, stack(0x00000012c6600000,0x00000012c6700000) (1024K)]


Current CompileTask:
C2:2219 1282       4       jdk.internal.classfile.impl.AbstractPoolEntry$Utf8EntryImpl::writeTo (406 bytes)

Stack: [0x00000012c6600000,0x00000012c6700000]
Native frames: (J=compiled Java code, j=interpreted, Vv=VM code, C=native code)
V  [jvm.dll+0x6e08a9]  (no source info available)
V  [jvm.dll+0x87da63]  (no source info available)
V  [jvm.dll+0x87feee]  (no source info available)
V  [jvm.dll+0x8805c3]  (no source info available)
V  [jvm.dll+0x27aee6]  (no source info available)
V  [jvm.dll+0xbc06f]  (no source info available)
V  [jvm.dll+0xbc45b]  (no source info available)
V  [jvm.dll+0xbbf1b]  (no source info available)
V  [jvm.dll+0x6bc92c]  (no source info available)
V  [jvm.dll+0x666fd1]  (no source info available)
V  [jvm.dll+0x66cb65]  (no source info available)
V  [jvm.dll+0x66dae9]  (no source info available)
V  [jvm.dll+0x66bb45]  (no source info available)
V  [jvm.dll+0x2448d7]  (no source info available)
V  [jvm.dll+0x243dff]  (no source info available)
V  [jvm.dll+0x1c33a0]  (no source info available)
V  [jvm.dll+0x253cf1]  (no source info available)
V  [jvm.dll+0x251faa]  (no source info available)
V  [jvm.dll+0x3ee036]  (no source info available)
V  [jvm.dll+0x824f1b]  (no source info available)
V  [jvm.dll+0x6df055]  (no source info available)
C  [ucrtbase.dll+0x29333]  (no source info available)
C  [KERNEL32.DLL+0x1259d]  (no source info available)
C  [ntdll.dll+0x5af78]  (no source info available)

Lock stack of current Java thread (top to bottom):


---------------  P R O C E S S  ---------------

Threads class SMR info:
_java_thread_list=0x000001af76095920, length=11, elements={
0x000001af136ae5b0, 0x000001af30e188c0, 0x000001af30e19990, 0x000001af30e1c150,
0x000001af30e218b0, 0x000001af30e22310, 0x000001af30e27ff0, 0x000001af30e29000,
0x000001af30e2aac0, 0x000001af760990e0, 0x000001af76099f60
}

Java Threads: ( => current thread )
  0x000001af136ae5b0 JavaThread "main"                              [_thread_in_Java, id=17348, stack(0x00000012c5800000,0x00000012c5900000) (1024K)]
  0x000001af30e188c0 JavaThread "Reference Handler"          daemon [_thread_blocked, id=8232, stack(0x00000012c6000000,0x00000012c6100000) (1024K)]
  0x000001af30e19990 JavaThread "Finalizer"                  daemon [_thread_blocked, id=13448, stack(0x00000012c6100000,0x00000012c6200000) (1024K)]
  0x000001af30e1c150 JavaThread "Signal Dispatcher"          daemon [_thread_blocked, id=20772, stack(0x00000012c6200000,0x00000012c6300000) (1024K)]
  0x000001af30e218b0 JavaThread "Attach Listener"            daemon [_thread_blocked, id=3628, stack(0x00000012c6300000,0x00000012c6400000) (1024K)]
  0x000001af30e22310 JavaThread "Service Thread"             daemon [_thread_blocked, id=15296, stack(0x00000012c6400000,0x00000012c6500000) (1024K)]
  0x000001af30e27ff0 JavaThread "Monitor Deflation Thread"   daemon [_thread_blocked, id=24324, stack(0x00000012c6500000,0x00000012c6600000) (1024K)]
=>0x000001af30e29000 JavaThread "C2 CompilerThread0"         daemon [_thread_in_native, id=1604, stack(0x00000012c6600000,0x00000012c6700000) (1024K)]
  0x000001af30e2aac0 JavaThread "C1 CompilerThread0"         daemon [_thread_blocked, id=7120, stack(0x00000012c6700000,0x00000012c6800000) (1024K)]
  0x000001af760990e0 JavaThread "Notification Thread"        daemon [_thread_blocked, id=29288, stack(0x00000012c6800000,0x00000012c6900000) (1024K)]
  0x000001af76099f60 JavaThread "Common-Cleaner"             daemon [_thread_blocked, id=10400, stack(0x00000012c6900000,0x00000012c6a00000) (1024K)]
Total: 11

Other Threads:
  0x000001af30e03750 VMThread "VM Thread"                           [id=19232, stack(0x00000012c5f00000,0x00000012c6000000) (1024K)]
  0x000001af30dfba10 WatcherThread "VM Periodic Task Thread"        [id=24152, stack(0x00000012c5e00000,0x00000012c5f00000) (1024K)]
  0x000001af15950eb0 WorkerThread "GC Thread#0"                     [id=20628, stack(0x00000012c5900000,0x00000012c5a00000) (1024K)]
  0x000001af1595b520 ConcurrentGCThread "G1 Main Marker"            [id=6164, stack(0x00000012c5a00000,0x00000012c5b00000) (1024K)]
  0x000001af1595c030 WorkerThread "G1 Conc#0"                       [id=10248, stack(0x00000012c5b00000,0x00000012c5c00000) (1024K)]
  0x000001af159bfd00 ConcurrentGCThread "G1 Refine#0"               [id=15700, stack(0x00000012c5c00000,0x00000012c5d00000) (1024K)]
  0x000001af159c0880 ConcurrentGCThread "G1 Service"                [id=7980, stack(0x00000012c5d00000,0x00000012c5e00000) (1024K)]
Total: 7

Threads with active compile tasks:
C2 CompilerThread0  2351 1282       4       jdk.internal.classfile.impl.AbstractPoolEntry$Utf8EntryImpl::writeTo (406 bytes)
Total: 1

VM state: not at safepoint (normal execution)

VM Mutex/Monitor currently owned by a thread: None

Heap address: 0x00000000ca600000, size: 858 MB, Compressed Oops mode: 32-bit

CDS archive(s) mapped at: [0x000001af31000000-0x000001af31d70000-0x000001af31d70000), size 14090240, SharedBaseAddress: 0x000001af31000000, ArchiveRelocationMode: 1.
Compressed class space mapped at: 0x000001af32000000-0x000001af72000000, reserved size: 1073741824
Narrow klass base: 0x000001af31000000, Narrow klass shift: 0, Narrow klass range: 0x41000000

GC Precious Log:
 CardTable entry size: 512
 Card Set container configuration: InlinePtr #cards 5 size 8 Array Of Cards #cards 10 size 36 Howl #buckets 4 coarsen threshold 1843 Howl Bitmap #cards 512 size 80 coarsen threshold 460 Card regions per heap region 1 cards per card region 2048
 CPUs: 8 total, 8 available
 Memory: 3429M
 Large Page Support: Disabled
 NUMA Support: Disabled
 Compressed Oops: Enabled (32-bit)
 Heap Region Size: 1M
 Heap Min Capacity: 8M
 Heap Initial Capacity: 54M
 Heap Max Capacity: 858M
 Pre-touch: Disabled
 Parallel Workers: 8
 Concurrent Workers: 2
 Concurrent Refinement Workers: 8
 Periodic GC: Disabled

Heap:
 garbage-first heap   total reserved 878592K, committed 55296K, used 17408K [0x00000000ca600000, 0x0000000100000000)
  region size 1024K, 18 young (18432K), 0 survivors (0K)
 Metaspace       used 5895K, committed 6144K, reserved 1114112K
  class space    used 731K, committed 832K, reserved 1048576K

Heap Regions: E=young(eden), S=young(survivor), O=old, HS=humongous(starts), HC=humongous(continues), CS=collection set, F=free, TAMS=top-at-mark-start, PB=parsable bottom
|   0|0x00000000ca600000, 0x00000000ca700000, 0x00000000ca700000|100%|HS|  |TAMS 0x00000000ca600000| PB 0x00000000ca600000| Complete |  0
|   1|0x00000000ca700000, 0x00000000ca700000, 0x00000000ca800000|  0%| F|  |TAMS 0x00000000ca700000| PB 0x00000000ca700000| Untracked |  0
|   2|0x00000000ca800000, 0x00000000ca800000, 0x00000000ca900000|  0%| F|  |TAMS 0x00000000ca800000| PB 0x00000000ca800000| Untracked |  0
|   3|0x00000000ca900000, 0x00000000ca900000, 0x00000000caa00000|  0%| F|  |TAMS 0x00000000ca900000| PB 0x00000000ca900000| Untracked |  0
|   4|0x00000000caa00000, 0x00000000caa00000, 0x00000000cab00000|  0%| F|  |TAMS 0x00000000caa00000| PB 0x00000000caa00000| Untracked |  0
|   5|0x00000000cab00000, 0x00000000cab00000, 0x00000000cac00000|  0%| F|  |TAMS 0x00000000cab00000| PB 0x00000000cab00000| Untracked |  0
|   6|0x00000000cac00000, 0x00000000cac00000, 0x00000000cad00000|  0%| F|  |TAMS 0x00000000cac00000| PB 0x00000000cac00000| Untracked |  0
|   7|0x00000000cad00000, 0x00000000cad00000, 0x00000000cae00000|  0%| F|  |TAMS 0x00000000cad00000| PB 0x00000000cad00000| Untracked |  0
|   8|0x00000000cae00000, 0x00000000cae00000, 0x00000000caf00000|  0%| F|  |TAMS 0x00000000cae00000| PB 0x00000000cae00000| Untracked |  0
|   9|0x00000000caf00000, 0x00000000caf00000, 0x00000000cb000000|  0%| F|  |TAMS 0x00000000caf00000| PB 0x00000000caf00000| Untracked |  0
|  10|0x00000000cb000000, 0x00000000cb000000, 0x00000000cb100000|  0%| F|  |TAMS 0x00000000cb000000| PB 0x00000000cb000000| Untracked |  0
|  11|0x00000000cb100000, 0x00000000cb100000, 0x00000000cb200000|  0%| F|  |TAMS 0x00000000cb100000| PB 0x00000000cb100000| Untracked |  0
|  12|0x00000000cb200000, 0x00000000cb200000, 0x00000000cb300000|  0%| F|  |TAMS 0x00000000cb200000| PB 0x00000000cb200000| Untracked |  0
|  13|0x00000000cb300000, 0x00000000cb300000, 0x00000000cb400000|  0%| F|  |TAMS 0x00000000cb300000| PB 0x00000000cb300000| Untracked |  0
|  14|0x00000000cb400000, 0x00000000cb400000, 0x00000000cb500000|  0%| F|  |TAMS 0x00000000cb400000| PB 0x00000000cb400000| Untracked |  0
|  15|0x00000000cb500000, 0x00000000cb500000, 0x00000000cb600000|  0%| F|  |TAMS 0x00000000cb500000| PB 0x00000000cb500000| Untracked |  0
|  16|0x00000000cb600000, 0x00000000cb600000, 0x00000000cb700000|  0%| F|  |TAMS 0x00000000cb600000| PB 0x00000000cb600000| Untracked |  0
|  17|0x00000000cb700000, 0x00000000cb700000, 0x00000000cb800000|  0%| F|  |TAMS 0x00000000cb700000| PB 0x00000000cb700000| Untracked |  0
|  18|0x00000000cb800000, 0x00000000cb800000, 0x00000000cb900000|  0%| F|  |TAMS 0x00000000cb800000| PB 0x00000000cb800000| Untracked |  0
|  19|0x00000000cb900000, 0x00000000cb900000, 0x00000000cba00000|  0%| F|  |TAMS 0x00000000cb900000| PB 0x00000000cb900000| Untracked |  0
|  20|0x00000000cba00000, 0x00000000cba00000, 0x00000000cbb00000|  0%| F|  |TAMS 0x00000000cba00000| PB 0x00000000cba00000| Untracked |  0
|  21|0x00000000cbb00000, 0x00000000cbb00000, 0x00000000cbc00000|  0%| F|  |TAMS 0x00000000cbb00000| PB 0x00000000cbb00000| Untracked |  0
|  22|0x00000000cbc00000, 0x00000000cbc00000, 0x00000000cbd00000|  0%| F|  |TAMS 0x00000000cbc00000| PB 0x00000000cbc00000| Untracked |  0
|  23|0x00000000cbd00000, 0x00000000cbd00000, 0x00000000cbe00000|  0%| F|  |TAMS 0x00000000cbd00000| PB 0x00000000cbd00000| Untracked |  0
|  24|0x00000000cbe00000, 0x00000000cbe00000, 0x00000000cbf00000|  0%| F|  |TAMS 0x00000000cbe00000| PB 0x00000000cbe00000| Untracked |  0
|  25|0x00000000cbf00000, 0x00000000cbf00000, 0x00000000cc000000|  0%| F|  |TAMS 0x00000000cbf00000| PB 0x00000000cbf00000| Untracked |  0
|  26|0x00000000cc000000, 0x00000000cc000000, 0x00000000cc100000|  0%| F|  |TAMS 0x00000000cc000000| PB 0x00000000cc000000| Untracked |  0
|  27|0x00000000cc100000, 0x00000000cc100000, 0x00000000cc200000|  0%| F|  |TAMS 0x00000000cc100000| PB 0x00000000cc100000| Untracked |  0
|  28|0x00000000cc200000, 0x00000000cc200000, 0x00000000cc300000|  0%| F|  |TAMS 0x00000000cc200000| PB 0x00000000cc200000| Untracked |  0
|  29|0x00000000cc300000, 0x00000000cc300000, 0x00000000cc400000|  0%| F|  |TAMS 0x00000000cc300000| PB 0x00000000cc300000| Untracked |  0
|  30|0x00000000cc400000, 0x00000000cc400000, 0x00000000cc500000|  0%| F|  |TAMS 0x00000000cc400000| PB 0x00000000cc400000| Untracked |  0
|  31|0x00000000cc500000, 0x00000000cc500000, 0x00000000cc600000|  0%| F|  |TAMS 0x00000000cc500000| PB 0x00000000cc500000| Untracked |  0
|  32|0x00000000cc600000, 0x00000000cc600000, 0x00000000cc700000|  0%| F|  |TAMS 0x00000000cc600000| PB 0x00000000cc600000| Untracked |  0
|  33|0x00000000cc700000, 0x00000000cc700000, 0x00000000cc800000|  0%| F|  |TAMS 0x00000000cc700000| PB 0x00000000cc700000| Untracked |  0
|  34|0x00000000cc800000, 0x00000000cc800000, 0x00000000cc900000|  0%| F|  |TAMS 0x00000000cc800000| PB 0x00000000cc800000| Untracked |  0
|  35|0x00000000cc900000, 0x00000000cc900000, 0x00000000cca00000|  0%| F|  |TAMS 0x00000000cc900000| PB 0x00000000cc900000| Untracked |  0
|  36|0x00000000cca00000, 0x00000000ccaf69d0, 0x00000000ccb00000| 96%| E|  |TAMS 0x00000000cca00000| PB 0x00000000cca00000| Complete |  0
|  37|0x00000000ccb00000, 0x00000000ccc00000, 0x00000000ccc00000|100%| E|CS|TAMS 0x00000000ccb00000| PB 0x00000000ccb00000| Complete |  0
|  38|0x00000000ccc00000, 0x00000000ccd00000, 0x00000000ccd00000|100%| E|CS|TAMS 0x00000000ccc00000| PB 0x00000000ccc00000| Complete |  0
|  39|0x00000000ccd00000, 0x00000000cce00000, 0x00000000cce00000|100%| E|CS|TAMS 0x00000000ccd00000| PB 0x00000000ccd00000| Complete |  0
|  40|0x00000000cce00000, 0x00000000ccf00000, 0x00000000ccf00000|100%| E|CS|TAMS 0x00000000cce00000| PB 0x00000000cce00000| Complete |  0
|  41|0x00000000ccf00000, 0x00000000cd000000, 0x00000000cd000000|100%| E|CS|TAMS 0x00000000ccf00000| PB 0x00000000ccf00000| Complete |  0
|  42|0x00000000cd000000, 0x00000000cd100000, 0x00000000cd100000|100%| E|CS|TAMS 0x00000000cd000000| PB 0x00000000cd000000| Complete |  0
|  43|0x00000000cd100000, 0x00000000cd200000, 0x00000000cd200000|100%| E|CS|TAMS 0x00000000cd100000| PB 0x00000000cd100000| Complete |  0
|  44|0x00000000cd200000, 0x00000000cd300000, 0x00000000cd300000|100%| E|  |TAMS 0x00000000cd200000| PB 0x00000000cd200000| Complete |  0
|  45|0x00000000cd300000, 0x00000000cd400000, 0x00000000cd400000|100%| E|CS|TAMS 0x00000000cd300000| PB 0x00000000cd300000| Complete |  0
|  46|0x00000000cd400000, 0x00000000cd500000, 0x00000000cd500000|100%| E|CS|TAMS 0x00000000cd400000| PB 0x00000000cd400000| Complete |  0
|  47|0x00000000cd500000, 0x00000000cd600000, 0x00000000cd600000|100%| E|CS|TAMS 0x00000000cd500000| PB 0x00000000cd500000| Complete |  0
|  48|0x00000000cd600000, 0x00000000cd700000, 0x00000000cd700000|100%| E|CS|TAMS 0x00000000cd600000| PB 0x00000000cd600000| Complete |  0
|  49|0x00000000cd700000, 0x00000000cd800000, 0x00000000cd800000|100%| E|CS|TAMS 0x00000000cd700000| PB 0x00000000cd700000| Complete |  0
|  50|0x00000000cd800000, 0x00000000cd900000, 0x00000000cd900000|100%| E|CS|TAMS 0x00000000cd800000| PB 0x00000000cd800000| Complete |  0
|  51|0x00000000cd900000, 0x00000000cda00000, 0x00000000cda00000|100%| E|CS|TAMS 0x00000000cd900000| PB 0x00000000cd900000| Complete |  0
|  52|0x00000000cda00000, 0x00000000cdb00000, 0x00000000cdb00000|100%| E|CS|TAMS 0x00000000cda00000| PB 0x00000000cda00000| Complete |  0
|  53|0x00000000cdb00000, 0x00000000cdc00000, 0x00000000cdc00000|100%| E|CS|TAMS 0x00000000cdb00000| PB 0x00000000cdb00000| Complete |  0

Card table byte_map: [0x000001af2d530000,0x000001af2d6e0000] _byte_map_base: 0x000001af2cedd000

Marking Bits: (CMBitMap*) 0x000001af159515c0
 Bits: [0x000001af2d6e0000, 0x000001af2e448000)

Polling page: 0x000001af150e0000

Metaspace:

Usage:
  Non-class:      5.05 MB used.
      Class:    731.03 KB used.
       Both:      5.76 MB used.

Virtual space:
  Non-class space:       64.00 MB reserved,       5.19 MB (  8%) committed,  1 nodes.
      Class space:        1.00 GB reserved,     832.00 KB ( <1%) committed,  1 nodes.
             Both:        1.06 GB reserved,       6.00 MB ( <1%) committed. 

Chunk freelists:
   Non-Class:  9.31 MB
       Class:  15.23 MB
        Both:  24.54 MB

MaxMetaspaceSize: unlimited
CompressedClassSpaceSize: 1.00 GB
Initial GC threshold: 21.00 MB
Current GC threshold: 21.00 MB
CDS: on
 - commit_granule_bytes: 65536.
 - commit_granule_words: 8192.
 - virtual_space_node_default_size: 8388608.
 - enlarge_chunks_in_place: 1.
 - use_allocation_guard: 0.


Internal statistics:

num_allocs_failed_limit: 0.
num_arena_births: 156.
num_arena_deaths: 0.
num_vsnodes_births: 2.
num_vsnodes_deaths: 0.
num_space_committed: 96.
num_space_uncommitted: 0.
num_chunks_returned_to_freelist: 0.
num_chunks_taken_from_freelist: 309.
num_chunk_merges: 0.
num_chunk_splits: 211.
num_chunks_enlarged: 151.
num_inconsistent_stats: 0.

CodeHeap 'non-profiled nmethods': size=120064Kb used=346Kb max_used=346Kb free=119717Kb
 bounds [0x000001af25b10000, 0x000001af25d80000, 0x000001af2d050000]
CodeHeap 'profiled nmethods': size=120000Kb used=1760Kb max_used=1760Kb free=118239Kb
 bounds [0x000001af1e050000, 0x000001af1e2c0000, 0x000001af25580000]
CodeHeap 'non-nmethods': size=5696Kb used=1369Kb max_used=1371Kb free=4326Kb
 bounds [0x000001af25580000, 0x000001af257f0000, 0x000001af25b10000]
CodeCache: size=245760Kb, used=3475Kb, max_used=3477Kb, free=242282Kb
 total_blobs=1824, nmethods=1346, adapters=384, full_count=0
Compilation: enabled, stopped_count=0, restarted_count=0

Compilation events (20 events):
Event: 2.194 Thread 0x000001af30e2aac0 nmethod 1258 0x000001af1e1dce08 code [0x000001af1e1dd100, 0x000001af1e1de5a8]
Event: 2.195 Thread 0x000001af30e2aac0 1268       3       sun.net.util.URLUtil::urlNoFragString (143 bytes)
Event: 2.196 Thread 0x000001af30e2aac0 nmethod 1268 0x000001af1e1de688 code [0x000001af1e1de920, 0x000001af1e1df8c8]
Event: 2.196 Thread 0x000001af30e2aac0 1269       1       jdk.internal.classfile.impl.ClassFileImpl::shortJumpsOption (5 bytes)
Event: 2.196 Thread 0x000001af30e2aac0 nmethod 1269 0x000001af25b62388 code [0x000001af25b624a0, 0x000001af25b62568]
Event: 2.196 Thread 0x000001af30e2aac0 1270       1       jdk.internal.classfile.impl.ClassFileImpl::debugElementsOption (5 bytes)
Event: 2.196 Thread 0x000001af30e2aac0 nmethod 1270 0x000001af25b62688 code [0x000001af25b627a0, 0x000001af25b62868]
Event: 2.196 Thread 0x000001af30e2aac0 1267       1       sun.util.locale.BaseLocale::getLanguage (5 bytes)
Event: 2.197 Thread 0x000001af30e2aac0 nmethod 1267 0x000001af25b62988 code [0x000001af25b62aa0, 0x000001af25b62b68]
Event: 2.197 Thread 0x000001af30e2aac0 1271       1       jdk.internal.classfile.impl.AbstractInstruction$UnboundNewObjectInstruction::className (5 bytes)
Event: 2.197 Thread 0x000001af30e2aac0 nmethod 1271 0x000001af25b62c88 code [0x000001af25b62da0, 0x000001af25b62e68]
Event: 2.197 Thread 0x000001af30e2aac0 1265       1       jdk.internal.classfile.impl.AbstractAttributeMapper::name (5 bytes)
Event: 2.197 Thread 0x000001af30e2aac0 nmethod 1265 0x000001af25b62f88 code [0x000001af25b630a0, 0x000001af25b63168]
Event: 2.198 Thread 0x000001af30e2aac0 1273       1       jdk.internal.classfile.impl.ClassFileImpl::stackMapsOption (5 bytes)
Event: 2.198 Thread 0x000001af30e2aac0 nmethod 1273 0x000001af25b63288 code [0x000001af25b633a0, 0x000001af25b63468]
Event: 2.198 Thread 0x000001af30e2aac0 1274       3       jdk.internal.classfile.impl.AbstractPoolEntry$ClassEntryImpl::<init> (15 bytes)
Event: 2.198 Thread 0x000001af30e2aac0 nmethod 1274 0x000001af1e1df988 code [0x000001af1e1dfaa0, 0x000001af1e1dfc28]
Event: 2.198 Thread 0x000001af30e2aac0 1275       3       jdk.internal.classfile.impl.StackCounter::<init> (2261 bytes)
Event: 2.204 Thread 0x000001af30e29000 nmethod 1260 0x000001af25b63588 code [0x000001af25b63760, 0x000001af25b64078]
Event: 2.204 Thread 0x000001af30e29000 1282       4       jdk.internal.classfile.impl.AbstractPoolEntry$Utf8EntryImpl::writeTo (406 bytes)

GC Heap History (0 events):
No events

Dll operation events (8 events):
Event: 0.070 Loaded shared library C:\Program Files\Java\jdk-23\bin\java.dll
Event: 0.496 Loaded shared library C:\Program Files\Java\jdk-23\bin\jsvml.dll
Event: 0.640 Loaded shared library C:\Program Files\Java\jdk-23\bin\net.dll
Event: 0.646 Loaded shared library C:\Program Files\Java\jdk-23\bin\nio.dll
Event: 0.691 Loaded shared library C:\Program Files\Java\jdk-23\bin\zip.dll
Event: 0.797 Loaded shared library C:\Program Files\Java\jdk-23\bin\jimage.dll
Event: 1.291 Loaded shared library C:\Program Files\Java\jdk-23\bin\management.dll
Event: 1.319 Loaded shared library C:\Program Files\Java\jdk-23\bin\management_ext.dll

Deoptimization events (20 events):
Event: 1.120 Thread 0x000001af136ae5b0 Uncommon trap: trap_request=0xffffff45 fr.pc=0x000001af25b29d24 relative=0x0000000000000344
Event: 1.120 Thread 0x000001af136ae5b0 Uncommon trap: reason=unstable_if action=reinterpret pc=0x000001af25b29d24 method=java.util.regex.Pattern$BmpCharPropertyGreedy.match(Ljava/util/regex/Matcher;ILjava/lang/CharSequence;)Z @ 12 c2
Event: 1.120 Thread 0x000001af136ae5b0 DEOPT PACKING pc=0x000001af25b29d24 sp=0x00000012c58fd7c0
Event: 1.120 Thread 0x000001af136ae5b0 DEOPT UNPACKING pc=0x000001af255d4402 sp=0x00000012c58fd778 mode 2
Event: 1.953 Thread 0x000001af136ae5b0 Uncommon trap: trap_request=0xffffffc6 fr.pc=0x000001af25b3d490 relative=0x00000000000003b0
Event: 1.953 Thread 0x000001af136ae5b0 Uncommon trap: reason=bimorphic_or_optimized_type_check action=maybe_recompile pc=0x000001af25b3d490 method=java.util.concurrent.ConcurrentHashMap.get(Ljava/lang/Object;)Ljava/lang/Object; @ 149 c2
Event: 1.953 Thread 0x000001af136ae5b0 DEOPT PACKING pc=0x000001af25b3d490 sp=0x00000012c58fe910
Event: 1.953 Thread 0x000001af136ae5b0 DEOPT UNPACKING pc=0x000001af255d4402 sp=0x00000012c58fe890 mode 2
Event: 2.000 Thread 0x000001af136ae5b0 Uncommon trap: trap_request=0xffffffc6 fr.pc=0x000001af25b3d490 relative=0x00000000000003b0
Event: 2.000 Thread 0x000001af136ae5b0 Uncommon trap: reason=bimorphic_or_optimized_type_check action=maybe_recompile pc=0x000001af25b3d490 method=java.util.concurrent.ConcurrentHashMap.get(Ljava/lang/Object;)Ljava/lang/Object; @ 149 c2
Event: 2.000 Thread 0x000001af136ae5b0 DEOPT PACKING pc=0x000001af25b3d490 sp=0x00000012c58fe900
Event: 2.001 Thread 0x000001af136ae5b0 DEOPT UNPACKING pc=0x000001af255d4402 sp=0x00000012c58fe880 mode 2
Event: 2.008 Thread 0x000001af136ae5b0 Uncommon trap: trap_request=0xffffffc6 fr.pc=0x000001af25b3d490 relative=0x00000000000003b0
Event: 2.008 Thread 0x000001af136ae5b0 Uncommon trap: reason=bimorphic_or_optimized_type_check action=maybe_recompile pc=0x000001af25b3d490 method=java.util.concurrent.ConcurrentHashMap.get(Ljava/lang/Object;)Ljava/lang/Object; @ 149 c2
Event: 2.008 Thread 0x000001af136ae5b0 DEOPT PACKING pc=0x000001af25b3d490 sp=0x00000012c58fe910
Event: 2.008 Thread 0x000001af136ae5b0 DEOPT UNPACKING pc=0x000001af255d4402 sp=0x00000012c58fe890 mode 2
Event: 2.008 Thread 0x000001af136ae5b0 Uncommon trap: trap_request=0xffffffc6 fr.pc=0x000001af25b3d490 relative=0x00000000000003b0
Event: 2.008 Thread 0x000001af136ae5b0 Uncommon trap: reason=bimorphic_or_optimized_type_check action=maybe_recompile pc=0x000001af25b3d490 method=java.util.concurrent.ConcurrentHashMap.get(Ljava/lang/Object;)Ljava/lang/Object; @ 149 c2
Event: 2.008 Thread 0x000001af136ae5b0 DEOPT PACKING pc=0x000001af25b3d490 sp=0x00000012c58fe910
Event: 2.008 Thread 0x000001af136ae5b0 DEOPT UNPACKING pc=0x000001af255d4402 sp=0x00000012c58fe890 mode 2

Classes loaded (20 events):
Event: 1.989 Loading class sun/reflect/generics/tree/BottomSignature
Event: 1.989 Loading class sun/reflect/generics/tree/BottomSignature done
Event: 1.990 Loading class sun/reflect/generics/tree/Wildcard
Event: 1.990 Loading class sun/reflect/generics/tree/Wildcard done
Event: 1.990 Loading class sun/reflect/generics/reflectiveObjects/WildcardTypeImpl
Event: 1.990 Loading class java/lang/reflect/WildcardType
Event: 1.990 Loading class java/lang/reflect/WildcardType done
Event: 1.990 Loading class sun/reflect/generics/reflectiveObjects/WildcardTypeImpl done
Event: 2.011 Loading class java/lang/Deprecated
Event: 2.011 Loading class java/lang/Deprecated done
Event: 2.039 Loading class sun/invoke/util/ValueConversions$1
Event: 2.039 Loading class sun/invoke/util/ValueConversions$1 done
Event: 2.040 Loading class java/lang/invoke/BoundMethodHandle$Species_LI
Event: 2.040 Loading class java/lang/invoke/BoundMethodHandle$Species_LI done
Event: 2.076 Loading class java/util/concurrent/atomic/AtomicBoolean
Event: 2.076 Loading class java/util/concurrent/atomic/AtomicBoolean done
Event: 2.077 Loading class java/lang/invoke/VarHandleInts$FieldInstanceReadWrite
Event: 2.077 Loading class java/lang/invoke/VarHandleInts$FieldInstanceReadOnly
Event: 2.077 Loading class java/lang/invoke/VarHandleInts$FieldInstanceReadOnly done
Event: 2.077 Loading class java/lang/invoke/VarHandleInts$FieldInstanceReadWrite done

Classes unloaded (0 events):
No events

Classes redefined (0 events):
No events

Internal exceptions (14 events):
Event: 0.896 Thread 0x000001af136ae5b0 Exception <a 'java/lang/NoSuchMethodError'{0x00000000cd9a4198}: 'void java.lang.invoke.DirectMethodHandle$Holder.invokeSpecial(java.lang.Object, java.lang.Object, java.lang.Object, java.lang.Object, java.lang.Object)'> (0x00000000cd9a4198) 
thrown [s\open\src\hotspot\share\interpreter\linkResolver.cpp, line 796]
Event: 1.254 Thread 0x000001af136ae5b0 Exception <a 'java/lang/NoSuchMethodError'{0x00000000cd525a70}: 'java.lang.Object java.lang.invoke.Invokers$Holder.invokeExact_MT(java.lang.Object, java.lang.Object, java.lang.Object, java.lang.Object, java.lang.Object)'> (0x00000000cd525a70) 
thrown [s\open\src\hotspot\share\interpreter\linkResolver.cpp, line 796]
Event: 1.339 Thread 0x000001af136ae5b0 Exception <a 'java/lang/NoSuchMethodError'{0x00000000cd5901e8}: 'int java.lang.invoke.DirectMethodHandle$Holder.invokeSpecial(java.lang.Object, java.lang.Object, java.lang.Object)'> (0x00000000cd5901e8) 
thrown [s\open\src\hotspot\share\interpreter\linkResolver.cpp, line 796]
Event: 1.449 Thread 0x000001af136ae5b0 Exception <a 'java/lang/NoSuchMethodError'{0x00000000cd42ca00}: 'void java.lang.invoke.DirectMethodHandle$Holder.invokeStatic(java.lang.Object, java.lang.Object, java.lang.Object, java.lang.Object)'> (0x00000000cd42ca00) 
thrown [s\open\src\hotspot\share\interpreter\linkResolver.cpp, line 796]
Event: 1.450 Thread 0x000001af136ae5b0 Exception <a 'java/lang/NoSuchMethodError'{0x00000000cd430450}: 'void java.lang.invoke.DirectMethodHandle$Holder.invokeStaticInit(java.lang.Object, java.lang.Object, java.lang.Object, java.lang.Object)'> (0x00000000cd430450) 
thrown [s\open\src\hotspot\share\interpreter\linkResolver.cpp, line 796]
Event: 1.544 Thread 0x000001af136ae5b0 Exception <a 'java/lang/NoSuchMethodError'{0x00000000cd314658}: 'java.lang.Object java.lang.invoke.DirectMethodHandle$Holder.invokeInterface(java.lang.Object, java.lang.Object)'> (0x00000000cd314658) 
thrown [s\open\src\hotspot\share\interpreter\linkResolver.cpp, line 796]
Event: 1.806 Thread 0x000001af136ae5b0 Exception <a 'java/lang/NoSuchMethodError'{0x00000000ccf9dfa8}: 'java.lang.Object java.lang.invoke.DirectMethodHandle$Holder.newInvokeSpecial(java.lang.Object, long, int, java.lang.Object)'> (0x00000000ccf9dfa8) 
thrown [s\open\src\hotspot\share\interpreter\linkResolver.cpp, line 796]
Event: 1.870 Thread 0x000001af136ae5b0 Exception <a 'java/lang/NoSuchMethodError'{0x00000000cce016d8}: 'void java.lang.invoke.DirectMethodHandle$Holder.invokeSpecial(java.lang.Object, java.lang.Object, java.lang.Object)'> (0x00000000cce016d8) 
thrown [s\open\src\hotspot\share\interpreter\linkResolver.cpp, line 796]
Event: 1.877 Thread 0x000001af136ae5b0 Exception <a 'java/lang/NoSuchMethodError'{0x00000000cce0ac58}: 'void java.lang.invoke.DirectMethodHandle$Holder.invokeStatic(java.lang.Object, int, java.lang.Object)'> (0x00000000cce0ac58) 
thrown [s\open\src\hotspot\share\interpreter\linkResolver.cpp, line 796]
Event: 2.042 Thread 0x000001af136ae5b0 Exception <a 'java/lang/NoSuchMethodError'{0x00000000ccc0e778}: 'java.lang.Object java.lang.invoke.DirectMethodHandle$Holder.invokeStatic(java.lang.Object, java.lang.Object, java.lang.Object, java.lang.Object, int)'> (0x00000000ccc0e778) 
thrown [s\open\src\hotspot\share\interpreter\linkResolver.cpp, line 796]
Event: 2.045 Thread 0x000001af136ae5b0 Exception <a 'java/lang/NoSuchMethodError'{0x00000000ccc1a480}: 'java.lang.Object java.lang.invoke.DelegatingMethodHandle$Holder.reinvoke_L(java.lang.Object, int, java.lang.Object, java.lang.Object, java.lang.Object, java.lang.Object, java.lang.Object, java.lang.Object, java.lang.Object)'> (0x00000000ccc1a480) 
thrown [s\open\src\hotspot\share\interpreter\linkResolver.cpp, line 796]
Event: 2.060 Thread 0x000001af136ae5b0 Exception <a 'java/lang/NoSuchMethodError'{0x00000000ccc4b0b0}: 'java.lang.Object java.lang.invoke.DirectMethodHandle$Holder.invokeStatic(java.lang.Object, java.lang.Object, int)'> (0x00000000ccc4b0b0) 
thrown [s\open\src\hotspot\share\interpreter\linkResolver.cpp, line 796]
Event: 2.065 Thread 0x000001af136ae5b0 Exception <a 'java/lang/NoSuchMethodError'{0x00000000ccc56760}: 'void java.lang.invoke.DelegatingMethodHandle$Holder.delegate(java.lang.Object, java.lang.Object, int, java.lang.Object)'> (0x00000000ccc56760) 
thrown [s\open\src\hotspot\share\interpreter\linkResolver.cpp, line 796]
Event: 2.212 Thread 0x000001af136ae5b0 Exception <a 'java/lang/NoSuchMethodError'{0x00000000ccb28378}: 'void java.lang.invoke.Invokers$Holder.invokeExact_MT(java.lang.Object, java.lang.Object, java.lang.Object, java.lang.Object)'> (0x00000000ccb28378) 
thrown [s\open\src\hotspot\share\interpreter\linkResolver.cpp, line 796]

VM Operations (8 events):
Event: 0.694 Executing VM operation: HandshakeAllThreads (Deoptimize)
Event: 0.694 Executing VM operation: HandshakeAllThreads (Deoptimize) done
Event: 1.112 Executing VM operation: HandshakeAllThreads (Deoptimize)
Event: 1.112 Executing VM operation: HandshakeAllThreads (Deoptimize) done
Event: 1.235 Executing VM operation: HandshakeAllThreads (Deoptimize)
Event: 1.235 Executing VM operation: HandshakeAllThreads (Deoptimize) done
Event: 2.060 Executing VM operation: HandshakeAllThreads (Deoptimize)
Event: 2.060 Executing VM operation: HandshakeAllThreads (Deoptimize) done

Memory protections (0 events):
No events

Nmethod flushes (0 events):
No events

Events (11 events):
Event: 0.316 Thread 0x000001af136ae5b0 Thread added: 0x000001af136ae5b0
Event: 0.478 Thread 0x000001af136ae5b0 Thread added: 0x000001af30e188c0
Event: 0.478 Thread 0x000001af136ae5b0 Thread added: 0x000001af30e19990
Event: 0.479 Thread 0x000001af136ae5b0 Thread added: 0x000001af30e1c150
Event: 0.479 Thread 0x000001af136ae5b0 Thread added: 0x000001af30e218b0
Event: 0.480 Thread 0x000001af136ae5b0 Thread added: 0x000001af30e22310
Event: 0.480 Thread 0x000001af136ae5b0 Thread added: 0x000001af30e27ff0
Event: 0.480 Thread 0x000001af136ae5b0 Thread added: 0x000001af30e29000
Event: 0.481 Thread 0x000001af136ae5b0 Thread added: 0x000001af30e2aac0
Event: 0.591 Thread 0x000001af136ae5b0 Thread added: 0x000001af760990e0
Event: 0.600 Thread 0x000001af136ae5b0 Thread added: 0x000001af76099f60


Dynamic libraries:
0x00007ff76bce0000 - 0x00007ff76bcf0000 	C:\Program Files\Java\jdk-23\bin\java.exe
0x00007ff9a1530000 - 0x00007ff9a1748000 	C:\Windows\SYSTEM32\ntdll.dll
0x00007ff9a08d0000 - 0x00007ff9a0994000 	C:\Windows\System32\KERNEL32.DLL
0x00007ff99e8d0000 - 0x00007ff99eca3000 	C:\Windows\System32\KERNELBASE.dll
0x00007ff99ef30000 - 0x00007ff99f041000 	C:\Windows\System32\ucrtbase.dll
0x00007ff989400000 - 0x00007ff989417000 	C:\Program Files\Java\jdk-23\bin\jli.dll
0x00007ff9a0710000 - 0x00007ff9a08c2000 	C:\Windows\System32\USER32.dll
0x00007ff99f080000 - 0x00007ff99f0a6000 	C:\Windows\System32\win32u.dll
0x00007ff9a0ec0000 - 0x00007ff9a0ee9000 	C:\Windows\System32\GDI32.dll
0x00007ff99e640000 - 0x00007ff99e75b000 	C:\Windows\System32\gdi32full.dll
0x00007ff99f130000 - 0x00007ff99f1ca000 	C:\Windows\System32\msvcp_win.dll
0x00007ff97f8f0000 - 0x00007ff97f90b000 	C:\Program Files\Java\jdk-23\bin\VCRUNTIME140.dll
0x00007ff98f110000 - 0x00007ff98f3ac000 	C:\Windows\WinSxS\amd64_microsoft.windows.common-controls_6595b64144ccf1df_6.0.22621.6060_none_2712eda17382d24b\COMCTL32.dll
0x00007ff9a0fe0000 - 0x00007ff9a1087000 	C:\Windows\System32\msvcrt.dll
0x00007ff9a0ef0000 - 0x00007ff9a0f21000 	C:\Windows\System32\IMM32.DLL
0x00007ff99b2c0000 - 0x00007ff99b2cc000 	C:\Program Files\Java\jdk-23\bin\vcruntime140_1.dll
0x00007ff9775e0000 - 0x00007ff97766e000 	C:\Program Files\Java\jdk-23\bin\msvcp140.dll
0x00007ff8eda60000 - 0x00007ff8ee7af000 	C:\Program Files\Java\jdk-23\bin\server\jvm.dll
0x00007ff9a03d0000 - 0x00007ff9a0481000 	C:\Windows\System32\ADVAPI32.dll
0x00007ff9a0f30000 - 0x00007ff9a0fd8000 	C:\Windows\System32\sechost.dll
0x00007ff99f050000 - 0x00007ff99f078000 	C:\Windows\System32\bcrypt.dll
0x00007ff99fe30000 - 0x00007ff99ff48000 	C:\Windows\System32\RPCRT4.dll
0x00007ff99f2e0000 - 0x00007ff99f351000 	C:\Windows\System32\WS2_32.dll
0x00007ff99e510000 - 0x00007ff99e55d000 	C:\Windows\SYSTEM32\POWRPROF.dll
0x00007ff99a6b0000 - 0x00007ff99a6e4000 	C:\Windows\SYSTEM32\WINMM.dll
0x00007ff996770000 - 0x00007ff99677a000 	C:\Windows\SYSTEM32\VERSION.dll
0x00007ff99e4f0000 - 0x00007ff99e503000 	C:\Windows\SYSTEM32\UMPDC.dll
0x00007ff99d620000 - 0x00007ff99d638000 	C:\Windows\SYSTEM32\kernel.appcore.dll
0x00007ff99a860000 - 0x00007ff99a86a000 	C:\Program Files\Java\jdk-23\bin\jimage.dll
0x00007ff99c120000 - 0x00007ff99c353000 	C:\Windows\SYSTEM32\DBGHELP.DLL
0x00007ff9a09c0000 - 0x00007ff9a0d51000 	C:\Windows\System32\combase.dll
0x00007ff9a1260000 - 0x00007ff9a1338000 	C:\Windows\System32\OLEAUT32.dll
0x00007ff98da90000 - 0x00007ff98dac2000 	C:\Windows\SYSTEM32\dbgcore.DLL
0x00007ff99f0b0000 - 0x00007ff99f12b000 	C:\Windows\System32\bcryptPrimitives.dll
0x00007ff989f00000 - 0x00007ff989f1e000 	C:\Program Files\Java\jdk-23\bin\java.dll
0x00007ff99fc00000 - 0x00007ff99fda1000 	C:\Windows\System32\ole32.dll
0x00007ff99f360000 - 0x00007ff99fbfc000 	C:\Windows\System32\SHELL32.dll
0x00007ff99edf0000 - 0x00007ff99ef2f000 	C:\Windows\System32\wintypes.dll
0x00007ff99c540000 - 0x00007ff99ce5a000 	C:\Windows\SYSTEM32\windows.storage.dll
0x00007ff9a0490000 - 0x00007ff9a0594000 	C:\Windows\System32\SHCORE.dll
0x00007ff9a0610000 - 0x00007ff9a0679000 	C:\Windows\System32\shlwapi.dll
0x00007ff99e570000 - 0x00007ff99e595000 	C:\Windows\SYSTEM32\profapi.dll
0x00007ff97d5e0000 - 0x00007ff97d6b7000 	C:\Program Files\Java\jdk-23\bin\jsvml.dll
0x00007ff993fc0000 - 0x00007ff993fd0000 	C:\Program Files\Java\jdk-23\bin\net.dll
0x00007ff99db00000 - 0x00007ff99db69000 	C:\Windows\system32\mswsock.dll
0x00007ff97fe30000 - 0x00007ff97fe46000 	C:\Program Files\Java\jdk-23\bin\nio.dll
0x00007ff97fe10000 - 0x00007ff97fe27000 	C:\Program Files\Java\jdk-23\bin\zip.dll
0x00007ff98be20000 - 0x00007ff98be2a000 	C:\Program Files\Java\jdk-23\bin\management.dll
0x00007ff989100000 - 0x00007ff98910b000 	C:\Program Files\Java\jdk-23\bin\management_ext.dll
0x00007ff9a1090000 - 0x00007ff9a1098000 	C:\Windows\System32\PSAPI.DLL

dbghelp: loaded successfully - version: 4.0.5 - missing functions: none
symbol engine: initialized successfully - sym options: 0x614 - pdb path: .;C:\Program Files\Java\jdk-23\bin;C:\Windows\SYSTEM32;C:\Windows\WinSxS\amd64_microsoft.windows.common-controls_6595b64144ccf1df_6.0.22621.6060_none_2712eda17382d24b;C:\Program Files\Java\jdk-23\bin\server

VM Arguments:
jvm_args: -Dfile.encoding=UTF-8 -Ddb2.jcc.charsetDecoderEncoder=3 
java_command: com.ibm.db2.server.DssLauncher 3000 off c:\Users\LENOVO\AppData\Roaming\Code\logs\20260415T120948\window2\exthost\IBM.db2forzosdeveloperextension -Xmx256M
java_class_path (initial): c:\Users\LENOVO\.vscode\extensions\ibm.db2forzosdeveloperextension-2.2.4\dist\dss-dist-1-SNAPSHOT.jar;;c:\Users\LENOVO\.vscode\extensions\ibm.db2forzosdeveloperextension-2.2.4\lib\db2jcc4.jar;c:\Users\LENOVO\.vscode\extensions\ibm.db2forzosdeveloperextension-2.2.4\lib\sqlj4.zip
Launcher Type: SUN_STANDARD

[Global flags]
     intx CICompilerCount                          = 4                                         {product} {ergonomic}
     uint ConcGCThreads                            = 2                                         {product} {ergonomic}
     uint G1ConcRefinementThreads                  = 8                                         {product} {ergonomic}
   size_t G1HeapRegionSize                         = 1048576                                   {product} {ergonomic}
   size_t InitialHeapSize                          = 56623104                                  {product} {ergonomic}
   size_t MarkStackSize                            = 4194304                                   {product} {ergonomic}
   size_t MarkStackSizeMax                         = 536870912                                 {product} {ergonomic}
   size_t MaxHeapSize                              = 899678208                                 {product} {ergonomic}
   size_t MaxNewSize                               = 538968064                                 {product} {ergonomic}
   size_t MinHeapDeltaBytes                        = 1048576                                   {product} {ergonomic}
   size_t MinHeapSize                              = 8388608                                   {product} {ergonomic}
    uintx NonNMethodCodeHeapSize                   = 5832704                                {pd product} {ergonomic}
    uintx NonProfiledCodeHeapSize                  = 122945536                              {pd product} {ergonomic}
    uintx ProfiledCodeHeapSize                     = 122880000                              {pd product} {ergonomic}
    uintx ReservedCodeCacheSize                    = 251658240                              {pd product} {ergonomic}
     bool SegmentedCodeCache                       = true                                      {product} {ergonomic}
   size_t SoftMaxHeapSize                          = 899678208                              {manageable} {ergonomic}
     bool UseCompressedOops                        = true                           {product lp64_product} {ergonomic}
     bool UseG1GC                                  = true                                      {product} {ergonomic}
     bool UseLargePagesIndividualAllocation        = false                                  {pd product} {ergonomic}

Logging:
Log output configuration:
 #0: stdout all=warning uptime,level,tags foldmultilines=false
 #1: stderr all=off uptime,level,tags foldmultilines=false

Environment Variables:
PATH=C:\Users\LENOVO\AppData\Local\Programs\Microsoft VS Code;C:\Program Files\Common Files\Oracle\Java\javapath;C:\Program Files\Microsoft\jdk-11.0.16.101-hotspot\bin;C:\Windows\system32;C:\Windows;C:\Windows\System32\Wbem;C:\Windows\System32\WindowsPowerShell\v1.0\;C:\Windows\System32\OpenSSH\;c:\Program Files (x86)\Microsoft SQL Server\100\Tools\Binn\;c:\Program Files\Microsoft SQL Server\100\Tools\Binn\;c:\Program Files\Microsoft SQL Server\100\DTS\Binn\;C:\Program Files (x86)\Microsoft SQL Server\160\Tools\Binn\;C:\Program Files\Microsoft SQL Server\160\Tools\Binn\;C:\Program Files\Microsoft SQL Server\Client SDK\ODBC\170\Tools\Binn\;C:\Program Files\Microsoft SQL Server\160\DTS\Binn\;C:\Program Files (x86)\Microsoft SQL Server\150\Tools\Binn\;C:\Program Files\Microsoft SQL Server\150\Tools\Binn\;C:\Program Files\Microsoft SQL Server\150\DTS\Binn\;C:\Program Files (x86)\Microsoft SQL Server\160\DTS\Binn\;C:\xampp_new\php;C:\ProgramData\ComposerSetup\bin;C:\Program Files\dotnet\;C:\Program Files (x86)\Windows Kits\10\Windows Performance Toolkit\;C:\Program Files\nodejs\;C:\Program Files\Git\cmd;C:\xampp\php;C:\Users\LENOVO\AppData\Local\Programs\Python\Python312\Scripts\;C:\Users\LENOVO\AppData\Local\Programs\Python\Python312\;C:\Users\LENOVO\AppData\Local\Microsoft\WindowsApps;C:\Users\LENOVO\AppData\Local\Programs\Microsoft VS Code\bin;C:\Users\LENOVO\AppData\Roaming\Composer\vendor\bin;C:\Users\LENOVO\.dotnet\tools;C:\flutter\bin;C:\Users\LENOVO\AppData\Roaming\npm
USERNAME=LENOVO
OS=Windows_NT
PROCESSOR_IDENTIFIER=AMD64 Family 23 Model 104 Stepping 1, AuthenticAMD
TMP=C:\Users\LENOVO\AppData\Local\Temp
TEMP=C:\Users\LENOVO\AppData\Local\Temp




Periodic native trim disabled

---------------  S Y S T E M  ---------------

OS:
 Windows 11 , 64 bit Build 22621 (10.0.22621.5415)
OS uptime: 8 days 1:50 hours

CPU: total 8 (initial active 8) (8 cores per cpu, 2 threads per core) family 23 model 104 stepping 1 microcode 0x0, cx8, cmov, fxsr, ht, mmx, 3dnowpref, sse, sse2, sse3, ssse3, sse4a, sse4.1, sse4.2, popcnt, lzcnt, tsc, tscinvbit, avx, avx2, aes, clmul, bmi1, bmi2, adx, sha, fma, vzeroupper, clflush, clflushopt, rdtscp, rdpid, f16c
Processor Information for the first 8 processors :
  Max Mhz: 2600, Current Mhz: 2600, Mhz Limit: 2600

Memory: 4k page, system-wide physical 3429M (29M free)
TotalPageFile size 14181M (AvailPageFile size 17M)
current process WorkingSet (physical memory assigned to process): 70M, peak: 70M
current process commit charge ("private bytes"): 147M, peak: 147M

vm_info: Java HotSpot(TM) 64-Bit Server VM (23+37-2369) for windows-amd64 JRE (23+37-2369), built on 2024-08-20T16:01:23Z with MS VC++ 17.6 (VS2022)

END.
